
   PASS  Tests\Unit\ExampleTest
  Γ£ô that true is true

   FAIL  Tests\Feature\Auth\AuthenticationTest
  Γ¿» login screen can be rendered                                         1.06s  
  Γ£ô users can authenticate using the login screen                        0.04s  
  Γ£ô users can not authenticate with invalid password                     0.22s  
  Γ£ô users can logout                                                     0.02s  

   PASS  Tests\Feature\Auth\EmailVerificationTest
  Γ£ô email verification screen can be rendered                            0.02s  
  Γ£ô email can be verified                                                0.02s  
  Γ£ô email is not verified with invalid hash                              0.02s  

   PASS  Tests\Feature\Auth\PasswordConfirmationTest
  Γ£ô confirm password screen can be rendered                              0.02s  
  Γ£ô password can be confirmed                                            0.02s  
  Γ£ô password is not confirmed with invalid password                      0.23s  

   FAIL  Tests\Feature\Auth\PasswordResetTest
  Γ£ô reset password link screen can be rendered                           0.02s  
  Γ£ô reset password link can be requested                                 0.21s  
  Γ¿» reset password screen can be rendered                                0.79s  
  Γ£ô password can be reset with valid token                               0.24s  

   PASS  Tests\Feature\Auth\PasswordUpdateTest
  Γ£ô password can be updated                                              0.02s  
  Γ£ô correct password must be provided to update password                 0.02s  

   FAIL  Tests\Feature\Auth\RegistrationTest
  Γ¿» registration screen can be rendered                                  0.54s  
  Γ£ô new users can register                                               0.02s  

   PASS  Tests\Feature\ExampleTest
  Γ£ô the application returns a successful response                        0.01s  

   PASS  Tests\Feature\ProfileTest
  Γ£ô profile page is displayed                                            0.02s  
  Γ£ô profile information can be updated                                   0.02s  
  Γ£ô email verification status is unchanged when the email address is unΓÇª 0.02s  
  Γ£ô user can delete their account                                        0.02s  
  Γ£ô correct password must be provided to delete account                  0.02s  
  ΓöÇΓöÇΓöÇΓöÇΓöÇΓöÇΓöÇΓöÇΓöÇΓöÇΓöÇΓöÇΓöÇΓöÇΓöÇΓöÇΓöÇΓöÇΓöÇΓöÇΓöÇΓöÇΓöÇΓöÇΓöÇΓöÇΓöÇΓöÇΓöÇΓöÇΓöÇΓöÇΓöÇΓöÇΓöÇΓöÇΓöÇΓöÇΓöÇΓöÇΓöÇΓöÇΓöÇΓöÇΓöÇΓöÇΓöÇΓöÇΓöÇΓöÇΓöÇΓöÇΓöÇΓöÇΓöÇΓöÇΓöÇΓöÇΓöÇΓöÇΓöÇΓöÇΓöÇΓöÇΓöÇΓöÇΓöÇΓöÇΓöÇΓöÇΓöÇΓöÇΓöÇΓöÇΓöÇΓöÇ  
   FAILED  Tests\Feature\Auth\AuthenticationTest > login screen can be rendeΓÇª   
  Expected response status code [200] but received 500.
Failed asserting that 500 is identical to 200.

The following exception occurred during the last request:

ErrorException: Attempt to read property "name" on null in E:\HTML CSS JAVASCRIPT\Hms1\Hms1\storage\framework\views\cac295dfd1f092de7f62c9956c61f073.php:49
Stack trace:
#0 E:\HTML CSS JAVASCRIPT\Hms1\Hms1\vendor\laravel\framework\src\Illuminate\Foundation\Bootstrap\HandleExceptions.php(258): Illuminate\Foundation\Bootstrap\HandleExceptions->handleError(2, 'Attempt to read...', 'E:\\HTML CSS JAV...', 49)
#1 E:\HTML CSS JAVASCRIPT\Hms1\Hms1\storage\framework\views\cac295dfd1f092de7f62c9956c61f073.php(49): Illuminate\Foundation\Bootstrap\HandleExceptions->Illuminate\Foundation\Bootstrap\{closure}(2, 'Attempt to read...', 'E:\\HTML CSS JAV...', 49)
#2 E:\HTML CSS JAVASCRIPT\Hms1\Hms1\vendor\laravel\framework\src\Illuminate\Filesystem\Filesystem.php(123): require('E:\\HTML CSS JAV...')
#3 E:\HTML CSS JAVASCRIPT\Hms1\Hms1\vendor\laravel\framework\src\Illuminate\Filesystem\Filesystem.php(124): Illuminate\Filesystem\Filesystem::Illuminate\Filesystem\{closure}()
#4 E:\HTML CSS JAVASCRIPT\Hms1\Hms1\vendor\laravel\framework\src\Illuminate\View\Engines\PhpEngine.php(57): Illuminate\Filesystem\Filesystem->getRequire('E:\\HTML CSS JAV...', Array)
#5 E:\HTML CSS JAVASCRIPT\Hms1\Hms1\vendor\laravel\framework\src\Illuminate\View\Engines\CompilerEngine.php(76): Illuminate\View\Engines\PhpEngine->evaluatePath('E:\\HTML CSS JAV...', Array)
#6 E:\HTML CSS JAVASCRIPT\Hms1\Hms1\vendor\laravel\framework\src\Illuminate\View\View.php(208): Illuminate\View\Engines\CompilerEngine->get('E:\\HTML CSS JAV...', Array)
#7 E:\HTML CSS JAVASCRIPT\Hms1\Hms1\vendor\laravel\framework\src\Illuminate\View\View.php(191): Illuminate\View\View->getContents()
#8 E:\HTML CSS JAVASCRIPT\Hms1\Hms1\vendor\laravel\framework\src\Illuminate\View\View.php(160): Illuminate\View\View->renderContents()
#9 E:\HTML CSS JAVASCRIPT\Hms1\Hms1\storage\framework\views\f7ee822f17254862797ae751fa629a7d.php(16): Illuminate\View\View->render()
#10 E:\HTML CSS JAVASCRIPT\Hms1\Hms1\vendor\laravel\framework\src\Illuminate\Filesystem\Filesystem.php(123): require('E:\\HTML CSS JAV...')
#11 E:\HTML CSS JAVASCRIPT\Hms1\Hms1\vendor\laravel\framework\src\Illuminate\Filesystem\Filesystem.php(124): Illuminate\Filesystem\Filesystem::Illuminate\Filesystem\{closure}()
#12 E:\HTML CSS JAVASCRIPT\Hms1\Hms1\vendor\laravel\framework\src\Illuminate\View\Engines\PhpEngine.php(57): Illuminate\Filesystem\Filesystem->getRequire('E:\\HTML CSS JAV...', Array)
#13 E:\HTML CSS JAVASCRIPT\Hms1\Hms1\vendor\laravel\framework\src\Illuminate\View\Engines\CompilerEngine.php(76): Illuminate\View\Engines\PhpEngine->evaluatePath('E:\\HTML CSS JAV...', Array)
#14 E:\HTML CSS JAVASCRIPT\Hms1\Hms1\vendor\laravel\framework\src\Illuminate\View\View.php(208): Illuminate\View\Engines\CompilerEngine->get('E:\\HTML CSS JAV...', Array)
#15 E:\HTML CSS JAVASCRIPT\Hms1\Hms1\vendor\laravel\framework\src\Illuminate\View\View.php(191): Illuminate\View\View->getContents()
#16 E:\HTML CSS JAVASCRIPT\Hms1\Hms1\vendor\laravel\framework\src\Illuminate\View\View.php(160): Illuminate\View\View->renderContents()
#17 E:\HTML CSS JAVASCRIPT\Hms1\Hms1\storage\framework\views\473f78a4fb7dc9008f14bddac344dede.php(336): Illuminate\View\View->render()
#18 E:\HTML CSS JAVASCRIPT\Hms1\Hms1\vendor\laravel\framework\src\Illuminate\Filesystem\Filesystem.php(123): require('E:\\HTML CSS JAV...')
#19 E:\HTML CSS JAVASCRIPT\Hms1\Hms1\vendor\laravel\framework\src\Illuminate\Filesystem\Filesystem.php(124): Illuminate\Filesystem\Filesystem::Illuminate\Filesystem\{closure}()
#20 E:\HTML CSS JAVASCRIPT\Hms1\Hms1\vendor\laravel\framework\src\Illuminate\View\Engines\PhpEngine.php(57): Illuminate\Filesystem\Filesystem->getRequire('E:\\HTML CSS JAV...', Array)
#21 E:\HTML CSS JAVASCRIPT\Hms1\Hms1\vendor\laravel\framework\src\Illuminate\View\Engines\CompilerEngine.php(76): Illuminate\View\Engines\PhpEngine->evaluatePath('E:\\HTML CSS JAV...', Array)
#22 E:\HTML CSS JAVASCRIPT\Hms1\Hms1\vendor\laravel\framework\src\Illuminate\View\View.php(208): Illuminate\View\Engines\CompilerEngine->get('E:\\HTML CSS JAV...', Array)
#23 E:\HTML CSS JAVASCRIPT\Hms1\Hms1\vendor\laravel\framework\src\Illuminate\View\View.php(191): Illuminate\View\View->getContents()
#24 E:\HTML CSS JAVASCRIPT\Hms1\Hms1\vendor\laravel\framework\src\Illuminate\View\View.php(160): Illuminate\View\View->renderContents()
#25 E:\HTML CSS JAVASCRIPT\Hms1\Hms1\vendor\laravel\framework\src\Illuminate\Http\Response.php(78): Illuminate\View\View->render()
#26 E:\HTML CSS JAVASCRIPT\Hms1\Hms1\vendor\laravel\framework\src\Illuminate\Http\Response.php(34): Illuminate\Http\Response->setContent(Object(Illuminate\View\View))
#27 E:\HTML CSS JAVASCRIPT\Hms1\Hms1\vendor\laravel\framework\src\Illuminate\Routing\Router.php(939): Illuminate\Http\Response->__construct(Object(Illuminate\View\View), 200, Array)
#28 E:\HTML CSS JAVASCRIPT\Hms1\Hms1\vendor\laravel\framework\src\Illuminate\Routing\Router.php(906): Illuminate\Routing\Router::toResponse(Object(Illuminate\Http\Request), Object(Illuminate\View\View))
#29 E:\HTML CSS JAVASCRIPT\Hms1\Hms1\vendor\laravel\framework\src\Illuminate\Routing\Router.php(821): Illuminate\Routing\Router->prepareResponse(Object(Illuminate\Http\Request), Object(Illuminate\View\View))
#30 E:\HTML CSS JAVASCRIPT\Hms1\Hms1\vendor\laravel\framework\src\Illuminate\Pipeline\Pipeline.php(180): Illuminate\Routing\Router->Illuminate\Routing\{closure}(Object(Illuminate\Http\Request))
#31 E:\HTML CSS JAVASCRIPT\Hms1\Hms1\vendor\laravel\framework\src\Illuminate\Auth\Middleware\RedirectIfAuthenticated.php(47): Illuminate\Pipeline\Pipeline->Illuminate\Pipeline\{closure}(Object(Illuminate\Http\Request))
#32 E:\HTML CSS JAVASCRIPT\Hms1\Hms1\vendor\laravel\framework\src\Illuminate\Pipeline\Pipeline.php(219): Illuminate\Auth\Middleware\RedirectIfAuthenticated->handle(Object(Illuminate\Http\Request), Object(Closure))
#33 E:\HTML CSS JAVASCRIPT\Hms1\Hms1\vendor\inertiajs\inertia-laravel\src\Middleware.php(122): Illuminate\Pipeline\Pipeline->Illuminate\Pipeline\{closure}(Object(Illuminate\Http\Request))
#34 E:\HTML CSS JAVASCRIPT\Hms1\Hms1\vendor\laravel\framework\src\Illuminate\Pipeline\Pipeline.php(219): Inertia\Middleware->handle(Object(Illuminate\Http\Request), Object(Closure))
#35 E:\HTML CSS JAVASCRIPT\Hms1\Hms1\vendor\laravel\framework\src\Illuminate\Routing\Middleware\SubstituteBindings.php(50): Illuminate\Pipeline\Pipeline->Illuminate\Pipeline\{closure}(Object(Illuminate\Http\Request))
#36 E:\HTML CSS JAVASCRIPT\Hms1\Hms1\vendor\laravel\framework\src\Illuminate\Pipeline\Pipeline.php(219): Illuminate\Routing\Middleware\SubstituteBindings->handle(Object(Illuminate\Http\Request), Object(Closure))
#37 E:\HTML CSS JAVASCRIPT\Hms1\Hms1\vendor\laravel\framework\src\Illuminate\Foundation\Http\Middleware\VerifyCsrfToken.php(87): Illuminate\Pipeline\Pipeline->Illuminate\Pipeline\{closure}(Object(Illuminate\Http\Request))
#38 E:\HTML CSS JAVASCRIPT\Hms1\Hms1\vendor\laravel\framework\src\Illuminate\Pipeline\Pipeline.php(219): Illuminate\Foundation\Http\Middleware\VerifyCsrfToken->handle(Object(Illuminate\Http\Request), Object(Closure))
#39 E:\HTML CSS JAVASCRIPT\Hms1\Hms1\vendor\laravel\framework\src\Illuminate\View\Middleware\ShareErrorsFromSession.php(48): Illuminate\Pipeline\Pipeline->Illuminate\Pipeline\{closure}(Object(Illuminate\Http\Request))
#40 E:\HTML CSS JAVASCRIPT\Hms1\Hms1\vendor\laravel\framework\src\Illuminate\Pipeline\Pipeline.php(219): Illuminate\View\Middleware\ShareErrorsFromSession->handle(Object(Illuminate\Http\Request), Object(Closure))
#41 E:\HTML CSS JAVASCRIPT\Hms1\Hms1\vendor\laravel\framework\src\Illuminate\Session\Middleware\StartSession.php(120): Illuminate\Pipeline\Pipeline->Illuminate\Pipeline\{closure}(Object(Illuminate\Http\Request))
#42 E:\HTML CSS JAVASCRIPT\Hms1\Hms1\vendor\laravel\framework\src\Illuminate\Session\Middleware\StartSession.php(63): Illuminate\Session\Middleware\StartSession->handleStatefulRequest(Object(Illuminate\Http\Request), Object(Illuminate\Session\Store), Object(Closure))
#43 E:\HTML CSS JAVASCRIPT\Hms1\Hms1\vendor\laravel\framework\src\Illuminate\Pipeline\Pipeline.php(219): Illuminate\Session\Middleware\StartSession->handle(Object(Illuminate\Http\Request), Object(Closure))
#44 E:\HTML CSS JAVASCRIPT\Hms1\Hms1\vendor\laravel\framework\src\Illuminate\Cookie\Middleware\AddQueuedCookiesToResponse.php(36): Illuminate\Pipeline\Pipeline->Illuminate\Pipeline\{closure}(Object(Illuminate\Http\Request))
#45 E:\HTML CSS JAVASCRIPT\Hms1\Hms1\vendor\laravel\framework\src\Illuminate\Pipeline\Pipeline.php(219): Illuminate\Cookie\Middleware\AddQueuedCookiesToResponse->handle(Object(Illuminate\Http\Request), Object(Closure))
#46 E:\HTML CSS JAVASCRIPT\Hms1\Hms1\vendor\laravel\framework\src\Illuminate\Cookie\Middleware\EncryptCookies.php(74): Illuminate\Pipeline\Pipeline->Illuminate\Pipeline\{closure}(Object(Illuminate\Http\Request))
#47 E:\HTML CSS JAVASCRIPT\Hms1\Hms1\vendor\laravel\framework\src\Illuminate\Pipeline\Pipeline.php(219): Illuminate\Cookie\Middleware\EncryptCookies->handle(Object(Illuminate\Http\Request), Object(Closure))
#48 E:\HTML CSS JAVASCRIPT\Hms1\Hms1\vendor\laravel\framework\src\Illuminate\Pipeline\Pipeline.php(137): Illuminate\Pipeline\Pipeline->Illuminate\Pipeline\{closure}(Object(Illuminate\Http\Request))
#49 E:\HTML CSS JAVASCRIPT\Hms1\Hms1\vendor\laravel\framework\src\Illuminate\Routing\Router.php(821): Illuminate\Pipeline\Pipeline->then(Object(Closure))
#50 E:\HTML CSS JAVASCRIPT\Hms1\Hms1\vendor\laravel\framework\src\Illuminate\Routing\Router.php(800): Illuminate\Routing\Router->runRouteWithinStack(Object(Illuminate\Routing\Route), Object(Illuminate\Http\Request))
#51 E:\HTML CSS JAVASCRIPT\Hms1\Hms1\vendor\laravel\framework\src\Illuminate\Routing\Router.php(764): Illuminate\Routing\Router->runRoute(Object(Illuminate\Http\Request), Object(Illuminate\Routing\Route))
#52 E:\HTML CSS JAVASCRIPT\Hms1\Hms1\vendor\laravel\framework\src\Illuminate\Routing\Router.php(753): Illuminate\Routing\Router->dispatchToRoute(Object(Illuminate\Http\Request))
#53 E:\HTML CSS JAVASCRIPT\Hms1\Hms1\vendor\laravel\framework\src\Illuminate\Foundation\Http\Kernel.php(200): Illuminate\Routing\Router->dispatch(Object(Illuminate\Http\Request))
#54 E:\HTML CSS JAVASCRIPT\Hms1\Hms1\vendor\laravel\framework\src\Illuminate\Pipeline\Pipeline.php(180): Illuminate\Foundation\Http\Kernel->Illuminate\Foundation\Http\{closure}(Object(Illuminate\Http\Request))
#55 E:\HTML CSS JAVASCRIPT\Hms1\Hms1\vendor\laravel\framework\src\Illuminate\Foundation\Http\Middleware\TransformsRequest.php(21): Illuminate\Pipeline\Pipeline->Illuminate\Pipeline\{closure}(Object(Illuminate\Http\Request))
#56 E:\HTML CSS JAVASCRIPT\Hms1\Hms1\vendor\laravel\framework\src\Illuminate\Foundation\Http\Middleware\ConvertEmptyStringsToNull.php(31): Illuminate\Foundation\Http\Middleware\TransformsRequest->handle(Object(Illuminate\Http\Request), Object(Closure))
#57 E:\HTML CSS JAVASCRIPT\Hms1\Hms1\vendor\laravel\framework\src\Illuminate\Pipeline\Pipeline.php(219): Illuminate\Foundation\Http\Middleware\ConvertEmptyStringsToNull->handle(Object(Illuminate\Http\Request), Object(Closure))
#58 E:\HTML CSS JAVASCRIPT\Hms1\Hms1\vendor\laravel\framework\src\Illuminate\Foundation\Http\Middleware\TransformsRequest.php(21): Illuminate\Pipeline\Pipeline->Illuminate\Pipeline\{closure}(Object(Illuminate\Http\Request))
#59 E:\HTML CSS JAVASCRIPT\Hms1\Hms1\vendor\laravel\framework\src\Illuminate\Foundation\Http\Middleware\TrimStrings.php(51): Illuminate\Foundation\Http\Middleware\TransformsRequest->handle(Object(Illuminate\Http\Request), Object(Closure))
#60 E:\HTML CSS JAVASCRIPT\Hms1\Hms1\vendor\laravel\framework\src\Illuminate\Pipeline\Pipeline.php(219): Illuminate\Foundation\Http\Middleware\TrimStrings->handle(Object(Illuminate\Http\Request), Object(Closure))
#61 E:\HTML CSS JAVASCRIPT\Hms1\Hms1\vendor\laravel\framework\src\Illuminate\Http\Middleware\ValidatePostSize.php(27): Illuminate\Pipeline\Pipeline->Illuminate\Pipeline\{closure}(Object(Illuminate\Http\Request))
#62 E:\HTML CSS JAVASCRIPT\Hms1\Hms1\vendor\laravel\framework\src\Illuminate\Pipeline\Pipeline.php(219): Illuminate\Http\Middleware\ValidatePostSize->handle(Object(Illuminate\Http\Request), Object(Closure))
#63 E:\HTML CSS JAVASCRIPT\Hms1\Hms1\vendor\laravel\framework\src\Illuminate\Foundation\Http\Middleware\PreventRequestsDuringMaintenance.php(109): Illuminate\Pipeline\Pipeline->Illuminate\Pipeline\{closure}(Object(Illuminate\Http\Request))
#64 E:\HTML CSS JAVASCRIPT\Hms1\Hms1\vendor\laravel\framework\src\Illuminate\Pipeline\Pipeline.php(219): Illuminate\Foundation\Http\Middleware\PreventRequestsDuringMaintenance->handle(Object(Illuminate\Http\Request), Object(Closure))
#65 E:\HTML CSS JAVASCRIPT\Hms1\Hms1\vendor\laravel\framework\src\Illuminate\Http\Middleware\HandleCors.php(61): Illuminate\Pipeline\Pipeline->Illuminate\Pipeline\{closure}(Object(Illuminate\Http\Request))
#66 E:\HTML CSS JAVASCRIPT\Hms1\Hms1\vendor\laravel\framework\src\Illuminate\Pipeline\Pipeline.php(219): Illuminate\Http\Middleware\HandleCors->handle(Object(Illuminate\Http\Request), Object(Closure))
#67 E:\HTML CSS JAVASCRIPT\Hms1\Hms1\vendor\laravel\framework\src\Illuminate\Http\Middleware\TrustProxies.php(58): Illuminate\Pipeline\Pipeline->Illuminate\Pipeline\{closure}(Object(Illuminate\Http\Request))
#68 E:\HTML CSS JAVASCRIPT\Hms1\Hms1\vendor\laravel\framework\src\Illuminate\Pipeline\Pipeline.php(219): Illuminate\Http\Middleware\TrustProxies->handle(Object(Illuminate\Http\Request), Object(Closure))
#69 E:\HTML CSS JAVASCRIPT\Hms1\Hms1\vendor\laravel\framework\src\Illuminate\Foundation\Http\Middleware\InvokeDeferredCallbacks.php(22): Illuminate\Pipeline\Pipeline->Illuminate\Pipeline\{closure}(Object(Illuminate\Http\Request))
#70 E:\HTML CSS JAVASCRIPT\Hms1\Hms1\vendor\laravel\framework\src\Illuminate\Pipeline\Pipeline.php(219): Illuminate\Foundation\Http\Middleware\InvokeDeferredCallbacks->handle(Object(Illuminate\Http\Request), Object(Closure))
#71 E:\HTML CSS JAVASCRIPT\Hms1\Hms1\vendor\laravel\framework\src\Illuminate\Http\Middleware\ValidatePathEncoding.php(26): Illuminate\Pipeline\Pipeline->Illuminate\Pipeline\{closure}(Object(Illuminate\Http\Request))
#72 E:\HTML CSS JAVASCRIPT\Hms1\Hms1\vendor\laravel\framework\src\Illuminate\Pipeline\Pipeline.php(219): Illuminate\Http\Middleware\ValidatePathEncoding->handle(Object(Illuminate\Http\Request), Object(Closure))
#73 E:\HTML CSS JAVASCRIPT\Hms1\Hms1\vendor\laravel\framework\src\Illuminate\Pipeline\Pipeline.php(137): Illuminate\Pipeline\Pipeline->Illuminate\Pipeline\{closure}(Object(Illuminate\Http\Request))
#74 E:\HTML CSS JAVASCRIPT\Hms1\Hms1\vendor\laravel\framework\src\Illuminate\Foundation\Http\Kernel.php(175): Illuminate\Pipeline\Pipeline->then(Object(Closure))
#75 E:\HTML CSS JAVASCRIPT\Hms1\Hms1\vendor\laravel\framework\src\Illuminate\Foundation\Http\Kernel.php(144): Illuminate\Foundation\Http\Kernel->sendRequestThroughRouter(Object(Illuminate\Http\Request))
#76 E:\HTML CSS JAVASCRIPT\Hms1\Hms1\vendor\laravel\framework\src\Illuminate\Foundation\Testing\Concerns\MakesHttpRequests.php(607): Illuminate\Foundation\Http\Kernel->handle(Object(Illuminate\Http\Request))
#77 E:\HTML CSS JAVASCRIPT\Hms1\Hms1\vendor\laravel\framework\src\Illuminate\Foundation\Testing\Concerns\MakesHttpRequests.php(368): Illuminate\Foundation\Testing\TestCase->call('GET', '/login', Array, Array, Array, Array)
#78 E:\HTML CSS JAVASCRIPT\Hms1\Hms1\tests\Feature\Auth\AuthenticationTest.php(15): Illuminate\Foundation\Testing\TestCase->get('/login')
#79 E:\HTML CSS JAVASCRIPT\Hms1\Hms1\vendor\phpunit\phpunit\src\Framework\TestCase.php(1657): Tests\Feature\Auth\AuthenticationTest->test_login_screen_can_be_rendered()
#80 E:\HTML CSS JAVASCRIPT\Hms1\Hms1\vendor\phpunit\phpunit\src\Framework\TestCase.php(515): PHPUnit\Framework\TestCase->runTest()
#81 E:\HTML CSS JAVASCRIPT\Hms1\Hms1\vendor\phpunit\phpunit\src\Framework\TestRunner\TestRunner.php(87): PHPUnit\Framework\TestCase->runBare()
#82 E:\HTML CSS JAVASCRIPT\Hms1\Hms1\vendor\phpunit\phpunit\src\Framework\TestCase.php(361): PHPUnit\Framework\TestRunner->run(Object(Tests\Feature\Auth\AuthenticationTest))
#83 E:\HTML CSS JAVASCRIPT\Hms1\Hms1\vendor\phpunit\phpunit\src\Framework\TestSuite.php(369): PHPUnit\Framework\TestCase->run()
#84 E:\HTML CSS JAVASCRIPT\Hms1\Hms1\vendor\phpunit\phpunit\src\Framework\TestSuite.php(369): PHPUnit\Framework\TestSuite->run()
#85 E:\HTML CSS JAVASCRIPT\Hms1\Hms1\vendor\phpunit\phpunit\src\Framework\TestSuite.php(369): PHPUnit\Framework\TestSuite->run()
#86 E:\HTML CSS JAVASCRIPT\Hms1\Hms1\vendor\phpunit\phpunit\src\TextUI\TestRunner.php(64): PHPUnit\Framework\TestSuite->run()
#87 E:\HTML CSS JAVASCRIPT\Hms1\Hms1\vendor\phpunit\phpunit\src\TextUI\Application.php(211): PHPUnit\TextUI\TestRunner->run(Object(PHPUnit\TextUI\Configuration\Configuration), Object(PHPUnit\Runner\ResultCache\DefaultResultCache), Object(PHPUnit\Framework\TestSuite))
#88 E:\HTML CSS JAVASCRIPT\Hms1\Hms1\vendor\phpunit\phpunit\phpunit(104): PHPUnit\TextUI\Application->run(Array)
#89 {main}

Next Illuminate\View\ViewException: Attempt to read property "name" on null (View: E:\HTML CSS JAVASCRIPT\Hms1\Hms1\resources\views\partials\doctor_sidebar.blade.php) in E:\HTML CSS JAVASCRIPT\Hms1\Hms1\storage\framework\views\cac295dfd1f092de7f62c9956c61f073.php:49
Stack trace:
#0 E:\HTML CSS JAVASCRIPT\Hms1\Hms1\vendor\laravel\framework\src\Illuminate\View\Engines\PhpEngine.php(59): Illuminate\View\Engines\CompilerEngine->handleViewException(Object(ErrorException), 3)
#1 E:\HTML CSS JAVASCRIPT\Hms1\Hms1\vendor\laravel\framework\src\Illuminate\View\Engines\CompilerEngine.php(76): Illuminate\View\Engines\PhpEngine->evaluatePath('E:\\HTML CSS JAV...', Array)
#2 E:\HTML CSS JAVASCRIPT\Hms1\Hms1\vendor\laravel\framework\src\Illuminate\View\View.php(208): Illuminate\View\Engines\CompilerEngine->get('E:\\HTML CSS JAV...', Array)
#3 E:\HTML CSS JAVASCRIPT\Hms1\Hms1\vendor\laravel\framework\src\Illuminate\View\View.php(191): Illuminate\View\View->getContents()
#4 E:\HTML CSS JAVASCRIPT\Hms1\Hms1\vendor\laravel\framework\src\Illuminate\View\View.php(160): Illuminate\View\View->renderContents()
#5 E:\HTML CSS JAVASCRIPT\Hms1\Hms1\storage\framework\views\f7ee822f17254862797ae751fa629a7d.php(16): Illuminate\View\View->render()
#6 E:\HTML CSS JAVASCRIPT\Hms1\Hms1\vendor\laravel\framework\src\Illuminate\Filesystem\Filesystem.php(123): require('E:\\HTML CSS JAV...')
#7 E:\HTML CSS JAVASCRIPT\Hms1\Hms1\vendor\laravel\framework\src\Illuminate\Filesystem\Filesystem.php(124): Illuminate\Filesystem\Filesystem::Illuminate\Filesystem\{closure}()
#8 E:\HTML CSS JAVASCRIPT\Hms1\Hms1\vendor\laravel\framework\src\Illuminate\View\Engines\PhpEngine.php(57): Illuminate\Filesystem\Filesystem->getRequire('E:\\HTML CSS JAV...', Array)
#9 E:\HTML CSS JAVASCRIPT\Hms1\Hms1\vendor\laravel\framework\src\Illuminate\View\Engines\CompilerEngine.php(76): Illuminate\View\Engines\PhpEngine->evaluatePath('E:\\HTML CSS JAV...', Array)
#10 E:\HTML CSS JAVASCRIPT\Hms1\Hms1\vendor\laravel\framework\src\Illuminate\View\View.php(208): Illuminate\View\Engines\CompilerEngine->get('E:\\HTML CSS JAV...', Array)
#11 E:\HTML CSS JAVASCRIPT\Hms1\Hms1\vendor\laravel\framework\src\Illuminate\View\View.php(191): Illuminate\View\View->getContents()
#12 E:\HTML CSS JAVASCRIPT\Hms1\Hms1\vendor\laravel\framework\src\Illuminate\View\View.php(160): Illuminate\View\View->renderContents()
#13 E:\HTML CSS JAVASCRIPT\Hms1\Hms1\storage\framework\views\473f78a4fb7dc9008f14bddac344dede.php(336): Illuminate\View\View->render()
#14 E:\HTML CSS JAVASCRIPT\Hms1\Hms1\vendor\laravel\framework\src\Illuminate\Filesystem\Filesystem.php(123): require('E:\\HTML CSS JAV...')
#15 E:\HTML CSS JAVASCRIPT\Hms1\Hms1\vendor\laravel\framework\src\Illuminate\Filesystem\Filesystem.php(124): Illuminate\Filesystem\Filesystem::Illuminate\Filesystem\{closure}()
#16 E:\HTML CSS JAVASCRIPT\Hms1\Hms1\vendor\laravel\framework\src\Illuminate\View\Engines\PhpEngine.php(57): Illuminate\Filesystem\Filesystem->getRequire('E:\\HTML CSS JAV...', Array)
#17 E:\HTML CSS JAVASCRIPT\Hms1\Hms1\vendor\laravel\framework\src\Illuminate\View\Engines\CompilerEngine.php(76): Illuminate\View\Engines\PhpEngine->evaluatePath('E:\\HTML CSS JAV...', Array)
#18 E:\HTML CSS JAVASCRIPT\Hms1\Hms1\vendor\laravel\framework\src\Illuminate\View\View.php(208): Illuminate\View\Engines\CompilerEngine->get('E:\\HTML CSS JAV...', Array)
#19 E:\HTML CSS JAVASCRIPT\Hms1\Hms1\vendor\laravel\framework\src\Illuminate\View\View.php(191): Illuminate\View\View->getContents()
#20 E:\HTML CSS JAVASCRIPT\Hms1\Hms1\vendor\laravel\framework\src\Illuminate\View\View.php(160): Illuminate\View\View->renderContents()
#21 E:\HTML CSS JAVASCRIPT\Hms1\Hms1\vendor\laravel\framework\src\Illuminate\Http\Response.php(78): Illuminate\View\View->render()
#22 E:\HTML CSS JAVASCRIPT\Hms1\Hms1\vendor\laravel\framework\src\Illuminate\Http\Response.php(34): Illuminate\Http\Response->setContent(Object(Illuminate\View\View))
#23 E:\HTML CSS JAVASCRIPT\Hms1\Hms1\vendor\laravel\framework\src\Illuminate\Routing\Router.php(939): Illuminate\Http\Response->__construct(Object(Illuminate\View\View), 200, Array)
#24 E:\HTML CSS JAVASCRIPT\Hms1\Hms1\vendor\laravel\framework\src\Illuminate\Routing\Router.php(906): Illuminate\Routing\Router::toResponse(Object(Illuminate\Http\Request), Object(Illuminate\View\View))
#25 E:\HTML CSS JAVASCRIPT\Hms1\Hms1\vendor\laravel\framework\src\Illuminate\Routing\Router.php(821): Illuminate\Routing\Router->prepareResponse(Object(Illuminate\Http\Request), Object(Illuminate\View\View))
#26 E:\HTML CSS JAVASCRIPT\Hms1\Hms1\vendor\laravel\framework\src\Illuminate\Pipeline\Pipeline.php(180): Illuminate\Routing\Router->Illuminate\Routing\{closure}(Object(Illuminate\Http\Request))
#27 E:\HTML CSS JAVASCRIPT\Hms1\Hms1\vendor\laravel\framework\src\Illuminate\Auth\Middleware\RedirectIfAuthenticated.php(47): Illuminate\Pipeline\Pipeline->Illuminate\Pipeline\{closure}(Object(Illuminate\Http\Request))
#28 E:\HTML CSS JAVASCRIPT\Hms1\Hms1\vendor\laravel\framework\src\Illuminate\Pipeline\Pipeline.php(219): Illuminate\Auth\Middleware\RedirectIfAuthenticated->handle(Object(Illuminate\Http\Request), Object(Closure))
#29 E:\HTML CSS JAVASCRIPT\Hms1\Hms1\vendor\inertiajs\inertia-laravel\src\Middleware.php(122): Illuminate\Pipeline\Pipeline->Illuminate\Pipeline\{closure}(Object(Illuminate\Http\Request))
#30 E:\HTML CSS JAVASCRIPT\Hms1\Hms1\vendor\laravel\framework\src\Illuminate\Pipeline\Pipeline.php(219): Inertia\Middleware->handle(Object(Illuminate\Http\Request), Object(Closure))
#31 E:\HTML CSS JAVASCRIPT\Hms1\Hms1\vendor\laravel\framework\src\Illuminate\Routing\Middleware\SubstituteBindings.php(50): Illuminate\Pipeline\Pipeline->Illuminate\Pipeline\{closure}(Object(Illuminate\Http\Request))
#32 E:\HTML CSS JAVASCRIPT\Hms1\Hms1\vendor\laravel\framework\src\Illuminate\Pipeline\Pipeline.php(219): Illuminate\Routing\Middleware\SubstituteBindings->handle(Object(Illuminate\Http\Request), Object(Closure))
#33 E:\HTML CSS JAVASCRIPT\Hms1\Hms1\vendor\laravel\framework\src\Illuminate\Foundation\Http\Middleware\VerifyCsrfToken.php(87): Illuminate\Pipeline\Pipeline->Illuminate\Pipeline\{closure}(Object(Illuminate\Http\Request))
#34 E:\HTML CSS JAVASCRIPT\Hms1\Hms1\vendor\laravel\framework\src\Illuminate\Pipeline\Pipeline.php(219): Illuminate\Foundation\Http\Middleware\VerifyCsrfToken->handle(Object(Illuminate\Http\Request), Object(Closure))
#35 E:\HTML CSS JAVASCRIPT\Hms1\Hms1\vendor\laravel\framework\src\Illuminate\View\Middleware\ShareErrorsFromSession.php(48): Illuminate\Pipeline\Pipeline->Illuminate\Pipeline\{closure}(Object(Illuminate\Http\Request))
#36 E:\HTML CSS JAVASCRIPT\Hms1\Hms1\vendor\laravel\framework\src\Illuminate\Pipeline\Pipeline.php(219): Illuminate\View\Middleware\ShareErrorsFromSession->handle(Object(Illuminate\Http\Request), Object(Closure))
#37 E:\HTML CSS JAVASCRIPT\Hms1\Hms1\vendor\laravel\framework\src\Illuminate\Session\Middleware\StartSession.php(120): Illuminate\Pipeline\Pipeline->Illuminate\Pipeline\{closure}(Object(Illuminate\Http\Request))
#38 E:\HTML CSS JAVASCRIPT\Hms1\Hms1\vendor\laravel\framework\src\Illuminate\Session\Middleware\StartSession.php(63): Illuminate\Session\Middleware\StartSession->handleStatefulRequest(Object(Illuminate\Http\Request), Object(Illuminate\Session\Store), Object(Closure))
#39 E:\HTML CSS JAVASCRIPT\Hms1\Hms1\vendor\laravel\framework\src\Illuminate\Pipeline\Pipeline.php(219): Illuminate\Session\Middleware\StartSession->handle(Object(Illuminate\Http\Request), Object(Closure))
#40 E:\HTML CSS JAVASCRIPT\Hms1\Hms1\vendor\laravel\framework\src\Illuminate\Cookie\Middleware\AddQueuedCookiesToResponse.php(36): Illuminate\Pipeline\Pipeline->Illuminate\Pipeline\{closure}(Object(Illuminate\Http\Request))
#41 E:\HTML CSS JAVASCRIPT\Hms1\Hms1\vendor\laravel\framework\src\Illuminate\Pipeline\Pipeline.php(219): Illuminate\Cookie\Middleware\AddQueuedCookiesToResponse->handle(Object(Illuminate\Http\Request), Object(Closure))
#42 E:\HTML CSS JAVASCRIPT\Hms1\Hms1\vendor\laravel\framework\src\Illuminate\Cookie\Middleware\EncryptCookies.php(74): Illuminate\Pipeline\Pipeline->Illuminate\Pipeline\{closure}(Object(Illuminate\Http\Request))
#43 E:\HTML CSS JAVASCRIPT\Hms1\Hms1\vendor\laravel\framework\src\Illuminate\Pipeline\Pipeline.php(219): Illuminate\Cookie\Middleware\EncryptCookies->handle(Object(Illuminate\Http\Request), Object(Closure))
#44 E:\HTML CSS JAVASCRIPT\Hms1\Hms1\vendor\laravel\framework\src\Illuminate\Pipeline\Pipeline.php(137): Illuminate\Pipeline\Pipeline->Illuminate\Pipeline\{closure}(Object(Illuminate\Http\Request))
#45 E:\HTML CSS JAVASCRIPT\Hms1\Hms1\vendor\laravel\framework\src\Illuminate\Routing\Router.php(821): Illuminate\Pipeline\Pipeline->then(Object(Closure))
#46 E:\HTML CSS JAVASCRIPT\Hms1\Hms1\vendor\laravel\framework\src\Illuminate\Routing\Router.php(800): Illuminate\Routing\Router->runRouteWithinStack(Object(Illuminate\Routing\Route), Object(Illuminate\Http\Request))
#47 E:\HTML CSS JAVASCRIPT\Hms1\Hms1\vendor\laravel\framework\src\Illuminate\Routing\Router.php(764): Illuminate\Routing\Router->runRoute(Object(Illuminate\Http\Request), Object(Illuminate\Routing\Route))
#48 E:\HTML CSS JAVASCRIPT\Hms1\Hms1\vendor\laravel\framework\src\Illuminate\Routing\Router.php(753): Illuminate\Routing\Router->dispatchToRoute(Object(Illuminate\Http\Request))
#49 E:\HTML CSS JAVASCRIPT\Hms1\Hms1\vendor\laravel\framework\src\Illuminate\Foundation\Http\Kernel.php(200): Illuminate\Routing\Router->dispatch(Object(Illuminate\Http\Request))
#50 E:\HTML CSS JAVASCRIPT\Hms1\Hms1\vendor\laravel\framework\src\Illuminate\Pipeline\Pipeline.php(180): Illuminate\Foundation\Http\Kernel->Illuminate\Foundation\Http\{closure}(Object(Illuminate\Http\Request))
#51 E:\HTML CSS JAVASCRIPT\Hms1\Hms1\vendor\laravel\framework\src\Illuminate\Foundation\Http\Middleware\TransformsRequest.php(21): Illuminate\Pipeline\Pipeline->Illuminate\Pipeline\{closure}(Object(Illuminate\Http\Request))
#52 E:\HTML CSS JAVASCRIPT\Hms1\Hms1\vendor\laravel\framework\src\Illuminate\Foundation\Http\Middleware\ConvertEmptyStringsToNull.php(31): Illuminate\Foundation\Http\Middleware\TransformsRequest->handle(Object(Illuminate\Http\Request), Object(Closure))
#53 E:\HTML CSS JAVASCRIPT\Hms1\Hms1\vendor\laravel\framework\src\Illuminate\Pipeline\Pipeline.php(219): Illuminate\Foundation\Http\Middleware\ConvertEmptyStringsToNull->handle(Object(Illuminate\Http\Request), Object(Closure))
#54 E:\HTML CSS JAVASCRIPT\Hms1\Hms1\vendor\laravel\framework\src\Illuminate\Foundation\Http\Middleware\TransformsRequest.php(21): Illuminate\Pipeline\Pipeline->Illuminate\Pipeline\{closure}(Object(Illuminate\Http\Request))
#55 E:\HTML CSS JAVASCRIPT\Hms1\Hms1\vendor\laravel\framework\src\Illuminate\Foundation\Http\Middleware\TrimStrings.php(51): Illuminate\Foundation\Http\Middleware\TransformsRequest->handle(Object(Illuminate\Http\Request), Object(Closure))
#56 E:\HTML CSS JAVASCRIPT\Hms1\Hms1\vendor\laravel\framework\src\Illuminate\Pipeline\Pipeline.php(219): Illuminate\Foundation\Http\Middleware\TrimStrings->handle(Object(Illuminate\Http\Request), Object(Closure))
#57 E:\HTML CSS JAVASCRIPT\Hms1\Hms1\vendor\laravel\framework\src\Illuminate\Http\Middleware\ValidatePostSize.php(27): Illuminate\Pipeline\Pipeline->Illuminate\Pipeline\{closure}(Object(Illuminate\Http\Request))
#58 E:\HTML CSS JAVASCRIPT\Hms1\Hms1\vendor\laravel\framework\src\Illuminate\Pipeline\Pipeline.php(219): Illuminate\Http\Middleware\ValidatePostSize->handle(Object(Illuminate\Http\Request), Object(Closure))
#59 E:\HTML CSS JAVASCRIPT\Hms1\Hms1\vendor\laravel\framework\src\Illuminate\Foundation\Http\Middleware\PreventRequestsDuringMaintenance.php(109): Illuminate\Pipeline\Pipeline->Illuminate\Pipeline\{closure}(Object(Illuminate\Http\Request))
#60 E:\HTML CSS JAVASCRIPT\Hms1\Hms1\vendor\laravel\framework\src\Illuminate\Pipeline\Pipeline.php(219): Illuminate\Foundation\Http\Middleware\PreventRequestsDuringMaintenance->handle(Object(Illuminate\Http\Request), Object(Closure))
#61 E:\HTML CSS JAVASCRIPT\Hms1\Hms1\vendor\laravel\framework\src\Illuminate\Http\Middleware\HandleCors.php(61): Illuminate\Pipeline\Pipeline->Illuminate\Pipeline\{closure}(Object(Illuminate\Http\Request))
#62 E:\HTML CSS JAVASCRIPT\Hms1\Hms1\vendor\laravel\framework\src\Illuminate\Pipeline\Pipeline.php(219): Illuminate\Http\Middleware\HandleCors->handle(Object(Illuminate\Http\Request), Object(Closure))
#63 E:\HTML CSS JAVASCRIPT\Hms1\Hms1\vendor\laravel\framework\src\Illuminate\Http\Middleware\TrustProxies.php(58): Illuminate\Pipeline\Pipeline->Illuminate\Pipeline\{closure}(Object(Illuminate\Http\Request))
#64 E:\HTML CSS JAVASCRIPT\Hms1\Hms1\vendor\laravel\framework\src\Illuminate\Pipeline\Pipeline.php(219): Illuminate\Http\Middleware\TrustProxies->handle(Object(Illuminate\Http\Request), Object(Closure))
#65 E:\HTML CSS JAVASCRIPT\Hms1\Hms1\vendor\laravel\framework\src\Illuminate\Foundation\Http\Middleware\InvokeDeferredCallbacks.php(22): Illuminate\Pipeline\Pipeline->Illuminate\Pipeline\{closure}(Object(Illuminate\Http\Request))
#66 E:\HTML CSS JAVASCRIPT\Hms1\Hms1\vendor\laravel\framework\src\Illuminate\Pipeline\Pipeline.php(219): Illuminate\Foundation\Http\Middleware\InvokeDeferredCallbacks->handle(Object(Illuminate\Http\Request), Object(Closure))
#67 E:\HTML CSS JAVASCRIPT\Hms1\Hms1\vendor\laravel\framework\src\Illuminate\Http\Middleware\ValidatePathEncoding.php(26): Illuminate\Pipeline\Pipeline->Illuminate\Pipeline\{closure}(Object(Illuminate\Http\Request))
#68 E:\HTML CSS JAVASCRIPT\Hms1\Hms1\vendor\laravel\framework\src\Illuminate\Pipeline\Pipeline.php(219): Illuminate\Http\Middleware\ValidatePathEncoding->handle(Object(Illuminate\Http\Request), Object(Closure))
#69 E:\HTML CSS JAVASCRIPT\Hms1\Hms1\vendor\laravel\framework\src\Illuminate\Pipeline\Pipeline.php(137): Illuminate\Pipeline\Pipeline->Illuminate\Pipeline\{closure}(Object(Illuminate\Http\Request))
#70 E:\HTML CSS JAVASCRIPT\Hms1\Hms1\vendor\laravel\framework\src\Illuminate\Foundation\Http\Kernel.php(175): Illuminate\Pipeline\Pipeline->then(Object(Closure))
#71 E:\HTML CSS JAVASCRIPT\Hms1\Hms1\vendor\laravel\framework\src\Illuminate\Foundation\Http\Kernel.php(144): Illuminate\Foundation\Http\Kernel->sendRequestThroughRouter(Object(Illuminate\Http\Request))
#72 E:\HTML CSS JAVASCRIPT\Hms1\Hms1\vendor\laravel\framework\src\Illuminate\Foundation\Testing\Concerns\MakesHttpRequests.php(607): Illuminate\Foundation\Http\Kernel->handle(Object(Illuminate\Http\Request))
#73 E:\HTML CSS JAVASCRIPT\Hms1\Hms1\vendor\laravel\framework\src\Illuminate\Foundation\Testing\Concerns\MakesHttpRequests.php(368): Illuminate\Foundation\Testing\TestCase->call('GET', '/login', Array, Array, Array, Array)
#74 E:\HTML CSS JAVASCRIPT\Hms1\Hms1\tests\Feature\Auth\AuthenticationTest.php(15): Illuminate\Foundation\Testing\TestCase->get('/login')
#75 E:\HTML CSS JAVASCRIPT\Hms1\Hms1\vendor\phpunit\phpunit\src\Framework\TestCase.php(1657): Tests\Feature\Auth\AuthenticationTest->test_login_screen_can_be_rendered()
#76 E:\HTML CSS JAVASCRIPT\Hms1\Hms1\vendor\phpunit\phpunit\src\Framework\TestCase.php(515): PHPUnit\Framework\TestCase->runTest()
#77 E:\HTML CSS JAVASCRIPT\Hms1\Hms1\vendor\phpunit\phpunit\src\Framework\TestRunner\TestRunner.php(87): PHPUnit\Framework\TestCase->runBare()
#78 E:\HTML CSS JAVASCRIPT\Hms1\Hms1\vendor\phpunit\phpunit\src\Framework\TestCase.php(361): PHPUnit\Framework\TestRunner->run(Object(Tests\Feature\Auth\AuthenticationTest))
#79 E:\HTML CSS JAVASCRIPT\Hms1\Hms1\vendor\phpunit\phpunit\src\Framework\TestSuite.php(369): PHPUnit\Framework\TestCase->run()
#80 E:\HTML CSS JAVASCRIPT\Hms1\Hms1\vendor\phpunit\phpunit\src\Framework\TestSuite.php(369): PHPUnit\Framework\TestSuite->run()
#81 E:\HTML CSS JAVASCRIPT\Hms1\Hms1\vendor\phpunit\phpunit\src\Framework\TestSuite.php(369): PHPUnit\Framework\TestSuite->run()
#82 E:\HTML CSS JAVASCRIPT\Hms1\Hms1\vendor\phpunit\phpunit\src\TextUI\TestRunner.php(64): PHPUnit\Framework\TestSuite->run()
#83 E:\HTML CSS JAVASCRIPT\Hms1\Hms1\vendor\phpunit\phpunit\src\TextUI\Application.php(211): PHPUnit\TextUI\TestRunner->run(Object(PHPUnit\TextUI\Configuration\Configuration), Object(PHPUnit\Runner\ResultCache\DefaultResultCache), Object(PHPUnit\Framework\TestSuite))
#84 E:\HTML CSS JAVASCRIPT\Hms1\Hms1\vendor\phpunit\phpunit\phpunit(104): PHPUnit\TextUI\Application->run(Array)
#85 {main}

Next Illuminate\View\ViewException: Attempt to read property "name" on null (View: E:\HTML CSS JAVASCRIPT\Hms1\Hms1\resources\views\partials\doctor_sidebar.blade.php) (View: E:\HTML CSS JAVASCRIPT\Hms1\Hms1\resources\views\partials\doctor_sidebar.blade.php) in E:\HTML CSS JAVASCRIPT\Hms1\Hms1\storage\framework\views\cac295dfd1f092de7f62c9956c61f073.php:49
Stack trace:
#0 E:\HTML CSS JAVASCRIPT\Hms1\Hms1\vendor\laravel\framework\src\Illuminate\View\Engines\PhpEngine.php(59): Illuminate\View\Engines\CompilerEngine->handleViewException(Object(Illuminate\View\ViewException), 2)
#1 E:\HTML CSS JAVASCRIPT\Hms1\Hms1\vendor\laravel\framework\src\Illuminate\View\Engines\CompilerEngine.php(76): Illuminate\View\Engines\PhpEngine->evaluatePath('E:\\HTML CSS JAV...', Array)
#2 E:\HTML CSS JAVASCRIPT\Hms1\Hms1\vendor\laravel\framework\src\Illuminate\View\View.php(208): Illuminate\View\Engines\CompilerEngine->get('E:\\HTML CSS JAV...', Array)
#3 E:\HTML CSS JAVASCRIPT\Hms1\Hms1\vendor\laravel\framework\src\Illuminate\View\View.php(191): Illuminate\View\View->getContents()
#4 E:\HTML CSS JAVASCRIPT\Hms1\Hms1\vendor\laravel\framework\src\Illuminate\View\View.php(160): Illuminate\View\View->renderContents()
#5 E:\HTML CSS JAVASCRIPT\Hms1\Hms1\storage\framework\views\473f78a4fb7dc9008f14bddac344dede.php(336): Illuminate\View\View->render()
#6 E:\HTML CSS JAVASCRIPT\Hms1\Hms1\vendor\laravel\framework\src\Illuminate\Filesystem\Filesystem.php(123): require('E:\\HTML CSS JAV...')
#7 E:\HTML CSS JAVASCRIPT\Hms1\Hms1\vendor\laravel\framework\src\Illuminate\Filesystem\Filesystem.php(124): Illuminate\Filesystem\Filesystem::Illuminate\Filesystem\{closure}()
#8 E:\HTML CSS JAVASCRIPT\Hms1\Hms1\vendor\laravel\framework\src\Illuminate\View\Engines\PhpEngine.php(57): Illuminate\Filesystem\Filesystem->getRequire('E:\\HTML CSS JAV...', Array)
#9 E:\HTML CSS JAVASCRIPT\Hms1\Hms1\vendor\laravel\framework\src\Illuminate\View\Engines\CompilerEngine.php(76): Illuminate\View\Engines\PhpEngine->evaluatePath('E:\\HTML CSS JAV...', Array)
#10 E:\HTML CSS JAVASCRIPT\Hms1\Hms1\vendor\laravel\framework\src\Illuminate\View\View.php(208): Illuminate\View\Engines\CompilerEngine->get('E:\\HTML CSS JAV...', Array)
#11 E:\HTML CSS JAVASCRIPT\Hms1\Hms1\vendor\laravel\framework\src\Illuminate\View\View.php(191): Illuminate\View\View->getContents()
#12 E:\HTML CSS JAVASCRIPT\Hms1\Hms1\vendor\laravel\framework\src\Illuminate\View\View.php(160): Illuminate\View\View->renderContents()
#13 E:\HTML CSS JAVASCRIPT\Hms1\Hms1\vendor\laravel\framework\src\Illuminate\Http\Response.php(78): Illuminate\View\View->render()
#14 E:\HTML CSS JAVASCRIPT\Hms1\Hms1\vendor\laravel\framework\src\Illuminate\Http\Response.php(34): Illuminate\Http\Response->setContent(Object(Illuminate\View\View))
#15 E:\HTML CSS JAVASCRIPT\Hms1\Hms1\vendor\laravel\framework\src\Illuminate\Routing\Router.php(939): Illuminate\Http\Response->__construct(Object(Illuminate\View\View), 200, Array)
#16 E:\HTML CSS JAVASCRIPT\Hms1\Hms1\vendor\laravel\framework\src\Illuminate\Routing\Router.php(906): Illuminate\Routing\Router::toResponse(Object(Illuminate\Http\Request), Object(Illuminate\View\View))
#17 E:\HTML CSS JAVASCRIPT\Hms1\Hms1\vendor\laravel\framework\src\Illuminate\Routing\Router.php(821): Illuminate\Routing\Router->prepareResponse(Object(Illuminate\Http\Request), Object(Illuminate\View\View))
#18 E:\HTML CSS JAVASCRIPT\Hms1\Hms1\vendor\laravel\framework\src\Illuminate\Pipeline\Pipeline.php(180): Illuminate\Routing\Router->Illuminate\Routing\{closure}(Object(Illuminate\Http\Request))
#19 E:\HTML CSS JAVASCRIPT\Hms1\Hms1\vendor\laravel\framework\src\Illuminate\Auth\Middleware\RedirectIfAuthenticated.php(47): Illuminate\Pipeline\Pipeline->Illuminate\Pipeline\{closure}(Object(Illuminate\Http\Request))
#20 E:\HTML CSS JAVASCRIPT\Hms1\Hms1\vendor\laravel\framework\src\Illuminate\Pipeline\Pipeline.php(219): Illuminate\Auth\Middleware\RedirectIfAuthenticated->handle(Object(Illuminate\Http\Request), Object(Closure))
#21 E:\HTML CSS JAVASCRIPT\Hms1\Hms1\vendor\inertiajs\inertia-laravel\src\Middleware.php(122): Illuminate\Pipeline\Pipeline->Illuminate\Pipeline\{closure}(Object(Illuminate\Http\Request))
#22 E:\HTML CSS JAVASCRIPT\Hms1\Hms1\vendor\laravel\framework\src\Illuminate\Pipeline\Pipeline.php(219): Inertia\Middleware->handle(Object(Illuminate\Http\Request), Object(Closure))
#23 E:\HTML CSS JAVASCRIPT\Hms1\Hms1\vendor\laravel\framework\src\Illuminate\Routing\Middleware\SubstituteBindings.php(50): Illuminate\Pipeline\Pipeline->Illuminate\Pipeline\{closure}(Object(Illuminate\Http\Request))
#24 E:\HTML CSS JAVASCRIPT\Hms1\Hms1\vendor\laravel\framework\src\Illuminate\Pipeline\Pipeline.php(219): Illuminate\Routing\Middleware\SubstituteBindings->handle(Object(Illuminate\Http\Request), Object(Closure))
#25 E:\HTML CSS JAVASCRIPT\Hms1\Hms1\vendor\laravel\framework\src\Illuminate\Foundation\Http\Middleware\VerifyCsrfToken.php(87): Illuminate\Pipeline\Pipeline->Illuminate\Pipeline\{closure}(Object(Illuminate\Http\Request))
#26 E:\HTML CSS JAVASCRIPT\Hms1\Hms1\vendor\laravel\framework\src\Illuminate\Pipeline\Pipeline.php(219): Illuminate\Foundation\Http\Middleware\VerifyCsrfToken->handle(Object(Illuminate\Http\Request), Object(Closure))
#27 E:\HTML CSS JAVASCRIPT\Hms1\Hms1\vendor\laravel\framework\src\Illuminate\View\Middleware\ShareErrorsFromSession.php(48): Illuminate\Pipeline\Pipeline->Illuminate\Pipeline\{closure}(Object(Illuminate\Http\Request))
#28 E:\HTML CSS JAVASCRIPT\Hms1\Hms1\vendor\laravel\framework\src\Illuminate\Pipeline\Pipeline.php(219): Illuminate\View\Middleware\ShareErrorsFromSession->handle(Object(Illuminate\Http\Request), Object(Closure))
#29 E:\HTML CSS JAVASCRIPT\Hms1\Hms1\vendor\laravel\framework\src\Illuminate\Session\Middleware\StartSession.php(120): Illuminate\Pipeline\Pipeline->Illuminate\Pipeline\{closure}(Object(Illuminate\Http\Request))
#30 E:\HTML CSS JAVASCRIPT\Hms1\Hms1\vendor\laravel\framework\src\Illuminate\Session\Middleware\StartSession.php(63): Illuminate\Session\Middleware\StartSession->handleStatefulRequest(Object(Illuminate\Http\Request), Object(Illuminate\Session\Store), Object(Closure))
#31 E:\HTML CSS JAVASCRIPT\Hms1\Hms1\vendor\laravel\framework\src\Illuminate\Pipeline\Pipeline.php(219): Illuminate\Session\Middleware\StartSession->handle(Object(Illuminate\Http\Request), Object(Closure))
#32 E:\HTML CSS JAVASCRIPT\Hms1\Hms1\vendor\laravel\framework\src\Illuminate\Cookie\Middleware\AddQueuedCookiesToResponse.php(36): Illuminate\Pipeline\Pipeline->Illuminate\Pipeline\{closure}(Object(Illuminate\Http\Request))
#33 E:\HTML CSS JAVASCRIPT\Hms1\Hms1\vendor\laravel\framework\src\Illuminate\Pipeline\Pipeline.php(219): Illuminate\Cookie\Middleware\AddQueuedCookiesToResponse->handle(Object(Illuminate\Http\Request), Object(Closure))
#34 E:\HTML CSS JAVASCRIPT\Hms1\Hms1\vendor\laravel\framework\src\Illuminate\Cookie\Middleware\EncryptCookies.php(74): Illuminate\Pipeline\Pipeline->Illuminate\Pipeline\{closure}(Object(Illuminate\Http\Request))
#35 E:\HTML CSS JAVASCRIPT\Hms1\Hms1\vendor\laravel\framework\src\Illuminate\Pipeline\Pipeline.php(219): Illuminate\Cookie\Middleware\EncryptCookies->handle(Object(Illuminate\Http\Request), Object(Closure))
#36 E:\HTML CSS JAVASCRIPT\Hms1\Hms1\vendor\laravel\framework\src\Illuminate\Pipeline\Pipeline.php(137): Illuminate\Pipeline\Pipeline->Illuminate\Pipeline\{closure}(Object(Illuminate\Http\Request))
#37 E:\HTML CSS JAVASCRIPT\Hms1\Hms1\vendor\laravel\framework\src\Illuminate\Routing\Router.php(821): Illuminate\Pipeline\Pipeline->then(Object(Closure))
#38 E:\HTML CSS JAVASCRIPT\Hms1\Hms1\vendor\laravel\framework\src\Illuminate\Routing\Router.php(800): Illuminate\Routing\Router->runRouteWithinStack(Object(Illuminate\Routing\Route), Object(Illuminate\Http\Request))
#39 E:\HTML CSS JAVASCRIPT\Hms1\Hms1\vendor\laravel\framework\src\Illuminate\Routing\Router.php(764): Illuminate\Routing\Router->runRoute(Object(Illuminate\Http\Request), Object(Illuminate\Routing\Route))
#40 E:\HTML CSS JAVASCRIPT\Hms1\Hms1\vendor\laravel\framework\src\Illuminate\Routing\Router.php(753): Illuminate\Routing\Router->dispatchToRoute(Object(Illuminate\Http\Request))
#41 E:\HTML CSS JAVASCRIPT\Hms1\Hms1\vendor\laravel\framework\src\Illuminate\Foundation\Http\Kernel.php(200): Illuminate\Routing\Router->dispatch(Object(Illuminate\Http\Request))
#42 E:\HTML CSS JAVASCRIPT\Hms1\Hms1\vendor\laravel\framework\src\Illuminate\Pipeline\Pipeline.php(180): Illuminate\Foundation\Http\Kernel->Illuminate\Foundation\Http\{closure}(Object(Illuminate\Http\Request))
#43 E:\HTML CSS JAVASCRIPT\Hms1\Hms1\vendor\laravel\framework\src\Illuminate\Foundation\Http\Middleware\TransformsRequest.php(21): Illuminate\Pipeline\Pipeline->Illuminate\Pipeline\{closure}(Object(Illuminate\Http\Request))
#44 E:\HTML CSS JAVASCRIPT\Hms1\Hms1\vendor\laravel\framework\src\Illuminate\Foundation\Http\Middleware\ConvertEmptyStringsToNull.php(31): Illuminate\Foundation\Http\Middleware\TransformsRequest->handle(Object(Illuminate\Http\Request), Object(Closure))
#45 E:\HTML CSS JAVASCRIPT\Hms1\Hms1\vendor\laravel\framework\src\Illuminate\Pipeline\Pipeline.php(219): Illuminate\Foundation\Http\Middleware\ConvertEmptyStringsToNull->handle(Object(Illuminate\Http\Request), Object(Closure))
#46 E:\HTML CSS JAVASCRIPT\Hms1\Hms1\vendor\laravel\framework\src\Illuminate\Foundation\Http\Middleware\TransformsRequest.php(21): Illuminate\Pipeline\Pipeline->Illuminate\Pipeline\{closure}(Object(Illuminate\Http\Request))
#47 E:\HTML CSS JAVASCRIPT\Hms1\Hms1\vendor\laravel\framework\src\Illuminate\Foundation\Http\Middleware\TrimStrings.php(51): Illuminate\Foundation\Http\Middleware\TransformsRequest->handle(Object(Illuminate\Http\Request), Object(Closure))
#48 E:\HTML CSS JAVASCRIPT\Hms1\Hms1\vendor\laravel\framework\src\Illuminate\Pipeline\Pipeline.php(219): Illuminate\Foundation\Http\Middleware\TrimStrings->handle(Object(Illuminate\Http\Request), Object(Closure))
#49 E:\HTML CSS JAVASCRIPT\Hms1\Hms1\vendor\laravel\framework\src\Illuminate\Http\Middleware\ValidatePostSize.php(27): Illuminate\Pipeline\Pipeline->Illuminate\Pipeline\{closure}(Object(Illuminate\Http\Request))
#50 E:\HTML CSS JAVASCRIPT\Hms1\Hms1\vendor\laravel\framework\src\Illuminate\Pipeline\Pipeline.php(219): Illuminate\Http\Middleware\ValidatePostSize->handle(Object(Illuminate\Http\Request), Object(Closure))
#51 E:\HTML CSS JAVASCRIPT\Hms1\Hms1\vendor\laravel\framework\src\Illuminate\Foundation\Http\Middleware\PreventRequestsDuringMaintenance.php(109): Illuminate\Pipeline\Pipeline->Illuminate\Pipeline\{closure}(Object(Illuminate\Http\Request))
#52 E:\HTML CSS JAVASCRIPT\Hms1\Hms1\vendor\laravel\framework\src\Illuminate\Pipeline\Pipeline.php(219): Illuminate\Foundation\Http\Middleware\PreventRequestsDuringMaintenance->handle(Object(Illuminate\Http\Request), Object(Closure))
#53 E:\HTML CSS JAVASCRIPT\Hms1\Hms1\vendor\laravel\framework\src\Illuminate\Http\Middleware\HandleCors.php(61): Illuminate\Pipeline\Pipeline->Illuminate\Pipeline\{closure}(Object(Illuminate\Http\Request))
#54 E:\HTML CSS JAVASCRIPT\Hms1\Hms1\vendor\laravel\framework\src\Illuminate\Pipeline\Pipeline.php(219): Illuminate\Http\Middleware\HandleCors->handle(Object(Illuminate\Http\Request), Object(Closure))
#55 E:\HTML CSS JAVASCRIPT\Hms1\Hms1\vendor\laravel\framework\src\Illuminate\Http\Middleware\TrustProxies.php(58): Illuminate\Pipeline\Pipeline->Illuminate\Pipeline\{closure}(Object(Illuminate\Http\Request))
#56 E:\HTML CSS JAVASCRIPT\Hms1\Hms1\vendor\laravel\framework\src\Illuminate\Pipeline\Pipeline.php(219): Illuminate\Http\Middleware\TrustProxies->handle(Object(Illuminate\Http\Request), Object(Closure))
#57 E:\HTML CSS JAVASCRIPT\Hms1\Hms1\vendor\laravel\framework\src\Illuminate\Foundation\Http\Middleware\InvokeDeferredCallbacks.php(22): Illuminate\Pipeline\Pipeline->Illuminate\Pipeline\{closure}(Object(Illuminate\Http\Request))
#58 E:\HTML CSS JAVASCRIPT\Hms1\Hms1\vendor\laravel\framework\src\Illuminate\Pipeline\Pipeline.php(219): Illuminate\Foundation\Http\Middleware\InvokeDeferredCallbacks->handle(Object(Illuminate\Http\Request), Object(Closure))
#59 E:\HTML CSS JAVASCRIPT\Hms1\Hms1\vendor\laravel\framework\src\Illuminate\Http\Middleware\ValidatePathEncoding.php(26): Illuminate\Pipeline\Pipeline->Illuminate\Pipeline\{closure}(Object(Illuminate\Http\Request))
#60 E:\HTML CSS JAVASCRIPT\Hms1\Hms1\vendor\laravel\framework\src\Illuminate\Pipeline\Pipeline.php(219): Illuminate\Http\Middleware\ValidatePathEncoding->handle(Object(Illuminate\Http\Request), Object(Closure))
#61 E:\HTML CSS JAVASCRIPT\Hms1\Hms1\vendor\laravel\framework\src\Illuminate\Pipeline\Pipeline.php(137): Illuminate\Pipeline\Pipeline->Illuminate\Pipeline\{closure}(Object(Illuminate\Http\Request))
#62 E:\HTML CSS JAVASCRIPT\Hms1\Hms1\vendor\laravel\framework\src\Illuminate\Foundation\Http\Kernel.php(175): Illuminate\Pipeline\Pipeline->then(Object(Closure))
#63 E:\HTML CSS JAVASCRIPT\Hms1\Hms1\vendor\laravel\framework\src\Illuminate\Foundation\Http\Kernel.php(144): Illuminate\Foundation\Http\Kernel->sendRequestThroughRouter(Object(Illuminate\Http\Request))
#64 E:\HTML CSS JAVASCRIPT\Hms1\Hms1\vendor\laravel\framework\src\Illuminate\Foundation\Testing\Concerns\MakesHttpRequests.php(607): Illuminate\Foundation\Http\Kernel->handle(Object(Illuminate\Http\Request))
#65 E:\HTML CSS JAVASCRIPT\Hms1\Hms1\vendor\laravel\framework\src\Illuminate\Foundation\Testing\Concerns\MakesHttpRequests.php(368): Illuminate\Foundation\Testing\TestCase->call('GET', '/login', Array, Array, Array, Array)
#66 E:\HTML CSS JAVASCRIPT\Hms1\Hms1\tests\Feature\Auth\AuthenticationTest.php(15): Illuminate\Foundation\Testing\TestCase->get('/login')
#67 E:\HTML CSS JAVASCRIPT\Hms1\Hms1\vendor\phpunit\phpunit\src\Framework\TestCase.php(1657): Tests\Feature\Auth\AuthenticationTest->test_login_screen_can_be_rendered()
#68 E:\HTML CSS JAVASCRIPT\Hms1\Hms1\vendor\phpunit\phpunit\src\Framework\TestCase.php(515): PHPUnit\Framework\TestCase->runTest()
#69 E:\HTML CSS JAVASCRIPT\Hms1\Hms1\vendor\phpunit\phpunit\src\Framework\TestRunner\TestRunner.php(87): PHPUnit\Framework\TestCase->runBare()
#70 E:\HTML CSS JAVASCRIPT\Hms1\Hms1\vendor\phpunit\phpunit\src\Framework\TestCase.php(361): PHPUnit\Framework\TestRunner->run(Object(Tests\Feature\Auth\AuthenticationTest))
#71 E:\HTML CSS JAVASCRIPT\Hms1\Hms1\vendor\phpunit\phpunit\src\Framework\TestSuite.php(369): PHPUnit\Framework\TestCase->run()
#72 E:\HTML CSS JAVASCRIPT\Hms1\Hms1\vendor\phpunit\phpunit\src\Framework\TestSuite.php(369): PHPUnit\Framework\TestSuite->run()
#73 E:\HTML CSS JAVASCRIPT\Hms1\Hms1\vendor\phpunit\phpunit\src\Framework\TestSuite.php(369): PHPUnit\Framework\TestSuite->run()
#74 E:\HTML CSS JAVASCRIPT\Hms1\Hms1\vendor\phpunit\phpunit\src\TextUI\TestRunner.php(64): PHPUnit\Framework\TestSuite->run()
#75 E:\HTML CSS JAVASCRIPT\Hms1\Hms1\vendor\phpunit\phpunit\src\TextUI\Application.php(211): PHPUnit\TextUI\TestRunner->run(Object(PHPUnit\TextUI\Configuration\Configuration), Object(PHPUnit\Runner\ResultCache\DefaultResultCache), Object(PHPUnit\Framework\TestSuite))
#76 E:\HTML CSS JAVASCRIPT\Hms1\Hms1\vendor\phpunit\phpunit\phpunit(104): PHPUnit\TextUI\Application->run(Array)
#77 {main}

Next Illuminate\View\ViewException: Attempt to read property "name" on null (View: E:\HTML CSS JAVASCRIPT\Hms1\Hms1\resources\views\partials\doctor_sidebar.blade.php) (View: E:\HTML CSS JAVASCRIPT\Hms1\Hms1\resources\views\partials\doctor_sidebar.blade.php) (View: E:\HTML CSS JAVASCRIPT\Hms1\Hms1\resources\views\partials\doctor_sidebar.blade.php) in E:\HTML CSS JAVASCRIPT\Hms1\Hms1\storage\framework\views\cac295dfd1f092de7f62c9956c61f073.php:49
Stack trace:
#0 E:\HTML CSS JAVASCRIPT\Hms1\Hms1\vendor\laravel\framework\src\Illuminate\View\Engines\PhpEngine.php(59): Illuminate\View\Engines\CompilerEngine->handleViewException(Object(Illuminate\View\ViewException), 1)
#1 E:\HTML CSS JAVASCRIPT\Hms1\Hms1\vendor\laravel\framework\src\Illuminate\View\Engines\CompilerEngine.php(76): Illuminate\View\Engines\PhpEngine->evaluatePath('E:\\HTML CSS JAV...', Array)
#2 E:\HTML CSS JAVASCRIPT\Hms1\Hms1\vendor\laravel\framework\src\Illuminate\View\View.php(208): Illuminate\View\Engines\CompilerEngine->get('E:\\HTML CSS JAV...', Array)
#3 E:\HTML CSS JAVASCRIPT\Hms1\Hms1\vendor\laravel\framework\src\Illuminate\View\View.php(191): Illuminate\View\View->getContents()
#4 E:\HTML CSS JAVASCRIPT\Hms1\Hms1\vendor\laravel\framework\src\Illuminate\View\View.php(160): Illuminate\View\View->renderContents()
#5 E:\HTML CSS JAVASCRIPT\Hms1\Hms1\vendor\laravel\framework\src\Illuminate\Http\Response.php(78): Illuminate\View\View->render()
#6 E:\HTML CSS JAVASCRIPT\Hms1\Hms1\vendor\laravel\framework\src\Illuminate\Http\Response.php(34): Illuminate\Http\Response->setContent(Object(Illuminate\View\View))
#7 E:\HTML CSS JAVASCRIPT\Hms1\Hms1\vendor\laravel\framework\src\Illuminate\Routing\Router.php(939): Illuminate\Http\Response->__construct(Object(Illuminate\View\View), 200, Array)
#8 E:\HTML CSS JAVASCRIPT\Hms1\Hms1\vendor\laravel\framework\src\Illuminate\Routing\Router.php(906): Illuminate\Routing\Router::toResponse(Object(Illuminate\Http\Request), Object(Illuminate\View\View))
#9 E:\HTML CSS JAVASCRIPT\Hms1\Hms1\vendor\laravel\framework\src\Illuminate\Routing\Router.php(821): Illuminate\Routing\Router->prepareResponse(Object(Illuminate\Http\Request), Object(Illuminate\View\View))
#10 E:\HTML CSS JAVASCRIPT\Hms1\Hms1\vendor\laravel\framework\src\Illuminate\Pipeline\Pipeline.php(180): Illuminate\Routing\Router->Illuminate\Routing\{closure}(Object(Illuminate\Http\Request))
#11 E:\HTML CSS JAVASCRIPT\Hms1\Hms1\vendor\laravel\framework\src\Illuminate\Auth\Middleware\RedirectIfAuthenticated.php(47): Illuminate\Pipeline\Pipeline->Illuminate\Pipeline\{closure}(Object(Illuminate\Http\Request))
#12 E:\HTML CSS JAVASCRIPT\Hms1\Hms1\vendor\laravel\framework\src\Illuminate\Pipeline\Pipeline.php(219): Illuminate\Auth\Middleware\RedirectIfAuthenticated->handle(Object(Illuminate\Http\Request), Object(Closure))
#13 E:\HTML CSS JAVASCRIPT\Hms1\Hms1\vendor\inertiajs\inertia-laravel\src\Middleware.php(122): Illuminate\Pipeline\Pipeline->Illuminate\Pipeline\{closure}(Object(Illuminate\Http\Request))
#14 E:\HTML CSS JAVASCRIPT\Hms1\Hms1\vendor\laravel\framework\src\Illuminate\Pipeline\Pipeline.php(219): Inertia\Middleware->handle(Object(Illuminate\Http\Request), Object(Closure))
#15 E:\HTML CSS JAVASCRIPT\Hms1\Hms1\vendor\laravel\framework\src\Illuminate\Routing\Middleware\SubstituteBindings.php(50): Illuminate\Pipeline\Pipeline->Illuminate\Pipeline\{closure}(Object(Illuminate\Http\Request))
#16 E:\HTML CSS JAVASCRIPT\Hms1\Hms1\vendor\laravel\framework\src\Illuminate\Pipeline\Pipeline.php(219): Illuminate\Routing\Middleware\SubstituteBindings->handle(Object(Illuminate\Http\Request), Object(Closure))
#17 E:\HTML CSS JAVASCRIPT\Hms1\Hms1\vendor\laravel\framework\src\Illuminate\Foundation\Http\Middleware\VerifyCsrfToken.php(87): Illuminate\Pipeline\Pipeline->Illuminate\Pipeline\{closure}(Object(Illuminate\Http\Request))
#18 E:\HTML CSS JAVASCRIPT\Hms1\Hms1\vendor\laravel\framework\src\Illuminate\Pipeline\Pipeline.php(219): Illuminate\Foundation\Http\Middleware\VerifyCsrfToken->handle(Object(Illuminate\Http\Request), Object(Closure))
#19 E:\HTML CSS JAVASCRIPT\Hms1\Hms1\vendor\laravel\framework\src\Illuminate\View\Middleware\ShareErrorsFromSession.php(48): Illuminate\Pipeline\Pipeline->Illuminate\Pipeline\{closure}(Object(Illuminate\Http\Request))
#20 E:\HTML CSS JAVASCRIPT\Hms1\Hms1\vendor\laravel\framework\src\Illuminate\Pipeline\Pipeline.php(219): Illuminate\View\Middleware\ShareErrorsFromSession->handle(Object(Illuminate\Http\Request), Object(Closure))
#21 E:\HTML CSS JAVASCRIPT\Hms1\Hms1\vendor\laravel\framework\src\Illuminate\Session\Middleware\StartSession.php(120): Illuminate\Pipeline\Pipeline->Illuminate\Pipeline\{closure}(Object(Illuminate\Http\Request))
#22 E:\HTML CSS JAVASCRIPT\Hms1\Hms1\vendor\laravel\framework\src\Illuminate\Session\Middleware\StartSession.php(63): Illuminate\Session\Middleware\StartSession->handleStatefulRequest(Object(Illuminate\Http\Request), Object(Illuminate\Session\Store), Object(Closure))
#23 E:\HTML CSS JAVASCRIPT\Hms1\Hms1\vendor\laravel\framework\src\Illuminate\Pipeline\Pipeline.php(219): Illuminate\Session\Middleware\StartSession->handle(Object(Illuminate\Http\Request), Object(Closure))
#24 E:\HTML CSS JAVASCRIPT\Hms1\Hms1\vendor\laravel\framework\src\Illuminate\Cookie\Middleware\AddQueuedCookiesToResponse.php(36): Illuminate\Pipeline\Pipeline->Illuminate\Pipeline\{closure}(Object(Illuminate\Http\Request))
#25 E:\HTML CSS JAVASCRIPT\Hms1\Hms1\vendor\laravel\framework\src\Illuminate\Pipeline\Pipeline.php(219): Illuminate\Cookie\Middleware\AddQueuedCookiesToResponse->handle(Object(Illuminate\Http\Request), Object(Closure))
#26 E:\HTML CSS JAVASCRIPT\Hms1\Hms1\vendor\laravel\framework\src\Illuminate\Cookie\Middleware\EncryptCookies.php(74): Illuminate\Pipeline\Pipeline->Illuminate\Pipeline\{closure}(Object(Illuminate\Http\Request))
#27 E:\HTML CSS JAVASCRIPT\Hms1\Hms1\vendor\laravel\framework\src\Illuminate\Pipeline\Pipeline.php(219): Illuminate\Cookie\Middleware\EncryptCookies->handle(Object(Illuminate\Http\Request), Object(Closure))
#28 E:\HTML CSS JAVASCRIPT\Hms1\Hms1\vendor\laravel\framework\src\Illuminate\Pipeline\Pipeline.php(137): Illuminate\Pipeline\Pipeline->Illuminate\Pipeline\{closure}(Object(Illuminate\Http\Request))
#29 E:\HTML CSS JAVASCRIPT\Hms1\Hms1\vendor\laravel\framework\src\Illuminate\Routing\Router.php(821): Illuminate\Pipeline\Pipeline->then(Object(Closure))
#30 E:\HTML CSS JAVASCRIPT\Hms1\Hms1\vendor\laravel\framework\src\Illuminate\Routing\Router.php(800): Illuminate\Routing\Router->runRouteWithinStack(Object(Illuminate\Routing\Route), Object(Illuminate\Http\Request))
#31 E:\HTML CSS JAVASCRIPT\Hms1\Hms1\vendor\laravel\framework\src\Illuminate\Routing\Router.php(764): Illuminate\Routing\Router->runRoute(Object(Illuminate\Http\Request), Object(Illuminate\Routing\Route))
#32 E:\HTML CSS JAVASCRIPT\Hms1\Hms1\vendor\laravel\framework\src\Illuminate\Routing\Router.php(753): Illuminate\Routing\Router->dispatchToRoute(Object(Illuminate\Http\Request))
#33 E:\HTML CSS JAVASCRIPT\Hms1\Hms1\vendor\laravel\framework\src\Illuminate\Foundation\Http\Kernel.php(200): Illuminate\Routing\Router->dispatch(Object(Illuminate\Http\Request))
#34 E:\HTML CSS JAVASCRIPT\Hms1\Hms1\vendor\laravel\framework\src\Illuminate\Pipeline\Pipeline.php(180): Illuminate\Foundation\Http\Kernel->Illuminate\Foundation\Http\{closure}(Object(Illuminate\Http\Request))
#35 E:\HTML CSS JAVASCRIPT\Hms1\Hms1\vendor\laravel\framework\src\Illuminate\Foundation\Http\Middleware\TransformsRequest.php(21): Illuminate\Pipeline\Pipeline->Illuminate\Pipeline\{closure}(Object(Illuminate\Http\Request))
#36 E:\HTML CSS JAVASCRIPT\Hms1\Hms1\vendor\laravel\framework\src\Illuminate\Foundation\Http\Middleware\ConvertEmptyStringsToNull.php(31): Illuminate\Foundation\Http\Middleware\TransformsRequest->handle(Object(Illuminate\Http\Request), Object(Closure))
#37 E:\HTML CSS JAVASCRIPT\Hms1\Hms1\vendor\laravel\framework\src\Illuminate\Pipeline\Pipeline.php(219): Illuminate\Foundation\Http\Middleware\ConvertEmptyStringsToNull->handle(Object(Illuminate\Http\Request), Object(Closure))
#38 E:\HTML CSS JAVASCRIPT\Hms1\Hms1\vendor\laravel\framework\src\Illuminate\Foundation\Http\Middleware\TransformsRequest.php(21): Illuminate\Pipeline\Pipeline->Illuminate\Pipeline\{closure}(Object(Illuminate\Http\Request))
#39 E:\HTML CSS JAVASCRIPT\Hms1\Hms1\vendor\laravel\framework\src\Illuminate\Foundation\Http\Middleware\TrimStrings.php(51): Illuminate\Foundation\Http\Middleware\TransformsRequest->handle(Object(Illuminate\Http\Request), Object(Closure))
#40 E:\HTML CSS JAVASCRIPT\Hms1\Hms1\vendor\laravel\framework\src\Illuminate\Pipeline\Pipeline.php(219): Illuminate\Foundation\Http\Middleware\TrimStrings->handle(Object(Illuminate\Http\Request), Object(Closure))
#41 E:\HTML CSS JAVASCRIPT\Hms1\Hms1\vendor\laravel\framework\src\Illuminate\Http\Middleware\ValidatePostSize.php(27): Illuminate\Pipeline\Pipeline->Illuminate\Pipeline\{closure}(Object(Illuminate\Http\Request))
#42 E:\HTML CSS JAVASCRIPT\Hms1\Hms1\vendor\laravel\framework\src\Illuminate\Pipeline\Pipeline.php(219): Illuminate\Http\Middleware\ValidatePostSize->handle(Object(Illuminate\Http\Request), Object(Closure))
#43 E:\HTML CSS JAVASCRIPT\Hms1\Hms1\vendor\laravel\framework\src\Illuminate\Foundation\Http\Middleware\PreventRequestsDuringMaintenance.php(109): Illuminate\Pipeline\Pipeline->Illuminate\Pipeline\{closure}(Object(Illuminate\Http\Request))
#44 E:\HTML CSS JAVASCRIPT\Hms1\Hms1\vendor\laravel\framework\src\Illuminate\Pipeline\Pipeline.php(219): Illuminate\Foundation\Http\Middleware\PreventRequestsDuringMaintenance->handle(Object(Illuminate\Http\Request), Object(Closure))
#45 E:\HTML CSS JAVASCRIPT\Hms1\Hms1\vendor\laravel\framework\src\Illuminate\Http\Middleware\HandleCors.php(61): Illuminate\Pipeline\Pipeline->Illuminate\Pipeline\{closure}(Object(Illuminate\Http\Request))
#46 E:\HTML CSS JAVASCRIPT\Hms1\Hms1\vendor\laravel\framework\src\Illuminate\Pipeline\Pipeline.php(219): Illuminate\Http\Middleware\HandleCors->handle(Object(Illuminate\Http\Request), Object(Closure))
#47 E:\HTML CSS JAVASCRIPT\Hms1\Hms1\vendor\laravel\framework\src\Illuminate\Http\Middleware\TrustProxies.php(58): Illuminate\Pipeline\Pipeline->Illuminate\Pipeline\{closure}(Object(Illuminate\Http\Request))
#48 E:\HTML CSS JAVASCRIPT\Hms1\Hms1\vendor\laravel\framework\src\Illuminate\Pipeline\Pipeline.php(219): Illuminate\Http\Middleware\TrustProxies->handle(Object(Illuminate\Http\Request), Object(Closure))
#49 E:\HTML CSS JAVASCRIPT\Hms1\Hms1\vendor\laravel\framework\src\Illuminate\Foundation\Http\Middleware\InvokeDeferredCallbacks.php(22): Illuminate\Pipeline\Pipeline->Illuminate\Pipeline\{closure}(Object(Illuminate\Http\Request))
#50 E:\HTML CSS JAVASCRIPT\Hms1\Hms1\vendor\laravel\framework\src\Illuminate\Pipeline\Pipeline.php(219): Illuminate\Foundation\Http\Middleware\InvokeDeferredCallbacks->handle(Object(Illuminate\Http\Request), Object(Closure))
#51 E:\HTML CSS JAVASCRIPT\Hms1\Hms1\vendor\laravel\framework\src\Illuminate\Http\Middleware\ValidatePathEncoding.php(26): Illuminate\Pipeline\Pipeline->Illuminate\Pipeline\{closure}(Object(Illuminate\Http\Request))
#52 E:\HTML CSS JAVASCRIPT\Hms1\Hms1\vendor\laravel\framework\src\Illuminate\Pipeline\Pipeline.php(219): Illuminate\Http\Middleware\ValidatePathEncoding->handle(Object(Illuminate\Http\Request), Object(Closure))
#53 E:\HTML CSS JAVASCRIPT\Hms1\Hms1\vendor\laravel\framework\src\Illuminate\Pipeline\Pipeline.php(137): Illuminate\Pipeline\Pipeline->Illuminate\Pipeline\{closure}(Object(Illuminate\Http\Request))
#54 E:\HTML CSS JAVASCRIPT\Hms1\Hms1\vendor\laravel\framework\src\Illuminate\Foundation\Http\Kernel.php(175): Illuminate\Pipeline\Pipeline->then(Object(Closure))
#55 E:\HTML CSS JAVASCRIPT\Hms1\Hms1\vendor\laravel\framework\src\Illuminate\Foundation\Http\Kernel.php(144): Illuminate\Foundation\Http\Kernel->sendRequestThroughRouter(Object(Illuminate\Http\Request))
#56 E:\HTML CSS JAVASCRIPT\Hms1\Hms1\vendor\laravel\framework\src\Illuminate\Foundation\Testing\Concerns\MakesHttpRequests.php(607): Illuminate\Foundation\Http\Kernel->handle(Object(Illuminate\Http\Request))
#57 E:\HTML CSS JAVASCRIPT\Hms1\Hms1\vendor\laravel\framework\src\Illuminate\Foundation\Testing\Concerns\MakesHttpRequests.php(368): Illuminate\Foundation\Testing\TestCase->call('GET', '/login', Array, Array, Array, Array)
#58 E:\HTML CSS JAVASCRIPT\Hms1\Hms1\tests\Feature\Auth\AuthenticationTest.php(15): Illuminate\Foundation\Testing\TestCase->get('/login')
#59 E:\HTML CSS JAVASCRIPT\Hms1\Hms1\vendor\phpunit\phpunit\src\Framework\TestCase.php(1657): Tests\Feature\Auth\AuthenticationTest->test_login_screen_can_be_rendered()
#60 E:\HTML CSS JAVASCRIPT\Hms1\Hms1\vendor\phpunit\phpunit\src\Framework\TestCase.php(515): PHPUnit\Framework\TestCase->runTest()
#61 E:\HTML CSS JAVASCRIPT\Hms1\Hms1\vendor\phpunit\phpunit\src\Framework\TestRunner\TestRunner.php(87): PHPUnit\Framework\TestCase->runBare()
#62 E:\HTML CSS JAVASCRIPT\Hms1\Hms1\vendor\phpunit\phpunit\src\Framework\TestCase.php(361): PHPUnit\Framework\TestRunner->run(Object(Tests\Feature\Auth\AuthenticationTest))
#63 E:\HTML CSS JAVASCRIPT\Hms1\Hms1\vendor\phpunit\phpunit\src\Framework\TestSuite.php(369): PHPUnit\Framework\TestCase->run()
#64 E:\HTML CSS JAVASCRIPT\Hms1\Hms1\vendor\phpunit\phpunit\src\Framework\TestSuite.php(369): PHPUnit\Framework\TestSuite->run()
#65 E:\HTML CSS JAVASCRIPT\Hms1\Hms1\vendor\phpunit\phpunit\src\Framework\TestSuite.php(369): PHPUnit\Framework\TestSuite->run()
#66 E:\HTML CSS JAVASCRIPT\Hms1\Hms1\vendor\phpunit\phpunit\src\TextUI\TestRunner.php(64): PHPUnit\Framework\TestSuite->run()
#67 E:\HTML CSS JAVASCRIPT\Hms1\Hms1\vendor\phpunit\phpunit\src\TextUI\Application.php(211): PHPUnit\TextUI\TestRunner->run(Object(PHPUnit\TextUI\Configuration\Configuration), Object(PHPUnit\Runner\ResultCache\DefaultResultCache), Object(PHPUnit\Framework\TestSuite))
#68 E:\HTML CSS JAVASCRIPT\Hms1\Hms1\vendor\phpunit\phpunit\phpunit(104): PHPUnit\TextUI\Application->run(Array)
#69 {main}

----------------------------------------------------------------------------------

Attempt to read property "name" on null (View: E:\HTML CSS JAVASCRIPT\Hms1\Hms1\resources\views\partials\doctor_sidebar.blade.php) (View: E:\HTML CSS JAVASCRIPT\Hms1\Hms1\resources\views\partials\doctor_sidebar.blade.php) (View: E:\HTML CSS JAVASCRIPT\Hms1\Hms1\resources\views\partials\doctor_sidebar.blade.php)

  at tests\Feature\Auth\AuthenticationTest.php:17
     13Γûò     public function test_login_screen_can_be_rendered(): void
     14Γûò     {
     15Γûò         $response = $this->get('/login');
     16Γûò 
  Γ₧£  17Γûò         $response->assertStatus(200);
     18Γûò     }
     19Γûò 
     20Γûò     public function test_users_can_authenticate_using_the_login_screen(): void
     21Γûò     {

  ΓöÇΓöÇΓöÇΓöÇΓöÇΓöÇΓöÇΓöÇΓöÇΓöÇΓöÇΓöÇΓöÇΓöÇΓöÇΓöÇΓöÇΓöÇΓöÇΓöÇΓöÇΓöÇΓöÇΓöÇΓöÇΓöÇΓöÇΓöÇΓöÇΓöÇΓöÇΓöÇΓöÇΓöÇΓöÇΓöÇΓöÇΓöÇΓöÇΓöÇΓöÇΓöÇΓöÇΓöÇΓöÇΓöÇΓöÇΓöÇΓöÇΓöÇΓöÇΓöÇΓöÇΓöÇΓöÇΓöÇΓöÇΓöÇΓöÇΓöÇΓöÇΓöÇΓöÇΓöÇΓöÇΓöÇΓöÇΓöÇΓöÇΓöÇΓöÇΓöÇΓöÇΓöÇΓöÇΓöÇ  
   FAILED  Tests\Feature\Auth\PasswordResetTest > reset password screen canΓÇª    
  Expected response status code [200] but received 500.
Failed asserting that 500 is identical to 200.

The following exception occurred during the last request:

ErrorException: Attempt to read property "name" on null in E:\HTML CSS JAVASCRIPT\Hms1\Hms1\storage\framework\views\cac295dfd1f092de7f62c9956c61f073.php:49
Stack trace:
#0 E:\HTML CSS JAVASCRIPT\Hms1\Hms1\vendor\laravel\framework\src\Illuminate\Foundation\Bootstrap\HandleExceptions.php(258): Illuminate\Foundation\Bootstrap\HandleExceptions->handleError(2, 'Attempt to read...', 'E:\\HTML CSS JAV...', 49)
#1 E:\HTML CSS JAVASCRIPT\Hms1\Hms1\storage\framework\views\cac295dfd1f092de7f62c9956c61f073.php(49): Illuminate\Foundation\Bootstrap\HandleExceptions->Illuminate\Foundation\Bootstrap\{closure}(2, 'Attempt to read...', 'E:\\HTML CSS JAV...', 49)
#2 E:\HTML CSS JAVASCRIPT\Hms1\Hms1\vendor\laravel\framework\src\Illuminate\Filesystem\Filesystem.php(123): require('E:\\HTML CSS JAV...')
#3 E:\HTML CSS JAVASCRIPT\Hms1\Hms1\vendor\laravel\framework\src\Illuminate\Filesystem\Filesystem.php(124): Illuminate\Filesystem\Filesystem::Illuminate\Filesystem\{closure}()
#4 E:\HTML CSS JAVASCRIPT\Hms1\Hms1\vendor\laravel\framework\src\Illuminate\View\Engines\PhpEngine.php(57): Illuminate\Filesystem\Filesystem->getRequire('E:\\HTML CSS JAV...', Array)
#5 E:\HTML CSS JAVASCRIPT\Hms1\Hms1\vendor\laravel\framework\src\Illuminate\View\Engines\CompilerEngine.php(76): Illuminate\View\Engines\PhpEngine->evaluatePath('E:\\HTML CSS JAV...', Array)
#6 E:\HTML CSS JAVASCRIPT\Hms1\Hms1\vendor\laravel\framework\src\Illuminate\View\View.php(208): Illuminate\View\Engines\CompilerEngine->get('E:\\HTML CSS JAV...', Array)
#7 E:\HTML CSS JAVASCRIPT\Hms1\Hms1\vendor\laravel\framework\src\Illuminate\View\View.php(191): Illuminate\View\View->getContents()
#8 E:\HTML CSS JAVASCRIPT\Hms1\Hms1\vendor\laravel\framework\src\Illuminate\View\View.php(160): Illuminate\View\View->renderContents()
#9 E:\HTML CSS JAVASCRIPT\Hms1\Hms1\storage\framework\views\f7ee822f17254862797ae751fa629a7d.php(16): Illuminate\View\View->render()
#10 E:\HTML CSS JAVASCRIPT\Hms1\Hms1\vendor\laravel\framework\src\Illuminate\Filesystem\Filesystem.php(123): require('E:\\HTML CSS JAV...')
#11 E:\HTML CSS JAVASCRIPT\Hms1\Hms1\vendor\laravel\framework\src\Illuminate\Filesystem\Filesystem.php(124): Illuminate\Filesystem\Filesystem::Illuminate\Filesystem\{closure}()
#12 E:\HTML CSS JAVASCRIPT\Hms1\Hms1\vendor\laravel\framework\src\Illuminate\View\Engines\PhpEngine.php(57): Illuminate\Filesystem\Filesystem->getRequire('E:\\HTML CSS JAV...', Array)
#13 E:\HTML CSS JAVASCRIPT\Hms1\Hms1\vendor\laravel\framework\src\Illuminate\View\Engines\CompilerEngine.php(76): Illuminate\View\Engines\PhpEngine->evaluatePath('E:\\HTML CSS JAV...', Array)
#14 E:\HTML CSS JAVASCRIPT\Hms1\Hms1\vendor\laravel\framework\src\Illuminate\View\View.php(208): Illuminate\View\Engines\CompilerEngine->get('E:\\HTML CSS JAV...', Array)
#15 E:\HTML CSS JAVASCRIPT\Hms1\Hms1\vendor\laravel\framework\src\Illuminate\View\View.php(191): Illuminate\View\View->getContents()
#16 E:\HTML CSS JAVASCRIPT\Hms1\Hms1\vendor\laravel\framework\src\Illuminate\View\View.php(160): Illuminate\View\View->renderContents()
#17 E:\HTML CSS JAVASCRIPT\Hms1\Hms1\storage\framework\views\b477ffddc7892b35053a42f5d93bf58d.php(73): Illuminate\View\View->render()
#18 E:\HTML CSS JAVASCRIPT\Hms1\Hms1\vendor\laravel\framework\src\Illuminate\Filesystem\Filesystem.php(123): require('E:\\HTML CSS JAV...')
#19 E:\HTML CSS JAVASCRIPT\Hms1\Hms1\vendor\laravel\framework\src\Illuminate\Filesystem\Filesystem.php(124): Illuminate\Filesystem\Filesystem::Illuminate\Filesystem\{closure}()
#20 E:\HTML CSS JAVASCRIPT\Hms1\Hms1\vendor\laravel\framework\src\Illuminate\View\Engines\PhpEngine.php(57): Illuminate\Filesystem\Filesystem->getRequire('E:\\HTML CSS JAV...', Array)
#21 E:\HTML CSS JAVASCRIPT\Hms1\Hms1\vendor\laravel\framework\src\Illuminate\View\Engines\CompilerEngine.php(76): Illuminate\View\Engines\PhpEngine->evaluatePath('E:\\HTML CSS JAV...', Array)
#22 E:\HTML CSS JAVASCRIPT\Hms1\Hms1\vendor\laravel\framework\src\Illuminate\View\View.php(208): Illuminate\View\Engines\CompilerEngine->get('E:\\HTML CSS JAV...', Array)
#23 E:\HTML CSS JAVASCRIPT\Hms1\Hms1\vendor\laravel\framework\src\Illuminate\View\View.php(191): Illuminate\View\View->getContents()
#24 E:\HTML CSS JAVASCRIPT\Hms1\Hms1\vendor\laravel\framework\src\Illuminate\View\View.php(160): Illuminate\View\View->renderContents()
#25 E:\HTML CSS JAVASCRIPT\Hms1\Hms1\vendor\laravel\framework\src\Illuminate\Http\Response.php(78): Illuminate\View\View->render()
#26 E:\HTML CSS JAVASCRIPT\Hms1\Hms1\vendor\laravel\framework\src\Illuminate\Http\Response.php(34): Illuminate\Http\Response->setContent(Object(Illuminate\View\View))
#27 E:\HTML CSS JAVASCRIPT\Hms1\Hms1\vendor\laravel\framework\src\Illuminate\Routing\Router.php(939): Illuminate\Http\Response->__construct(Object(Illuminate\View\View), 200, Array)
#28 E:\HTML CSS JAVASCRIPT\Hms1\Hms1\vendor\laravel\framework\src\Illuminate\Routing\Router.php(906): Illuminate\Routing\Router::toResponse(Object(Illuminate\Http\Request), Object(Illuminate\View\View))
#29 E:\HTML CSS JAVASCRIPT\Hms1\Hms1\vendor\laravel\framework\src\Illuminate\Routing\Router.php(821): Illuminate\Routing\Router->prepareResponse(Object(Illuminate\Http\Request), Object(Illuminate\View\View))
#30 E:\HTML CSS JAVASCRIPT\Hms1\Hms1\vendor\laravel\framework\src\Illuminate\Pipeline\Pipeline.php(180): Illuminate\Routing\Router->Illuminate\Routing\{closure}(Object(Illuminate\Http\Request))
#31 E:\HTML CSS JAVASCRIPT\Hms1\Hms1\vendor\laravel\framework\src\Illuminate\Auth\Middleware\RedirectIfAuthenticated.php(47): Illuminate\Pipeline\Pipeline->Illuminate\Pipeline\{closure}(Object(Illuminate\Http\Request))
#32 E:\HTML CSS JAVASCRIPT\Hms1\Hms1\vendor\laravel\framework\src\Illuminate\Pipeline\Pipeline.php(219): Illuminate\Auth\Middleware\RedirectIfAuthenticated->handle(Object(Illuminate\Http\Request), Object(Closure))
#33 E:\HTML CSS JAVASCRIPT\Hms1\Hms1\vendor\inertiajs\inertia-laravel\src\Middleware.php(122): Illuminate\Pipeline\Pipeline->Illuminate\Pipeline\{closure}(Object(Illuminate\Http\Request))
#34 E:\HTML CSS JAVASCRIPT\Hms1\Hms1\vendor\laravel\framework\src\Illuminate\Pipeline\Pipeline.php(219): Inertia\Middleware->handle(Object(Illuminate\Http\Request), Object(Closure))
#35 E:\HTML CSS JAVASCRIPT\Hms1\Hms1\vendor\laravel\framework\src\Illuminate\Routing\Middleware\SubstituteBindings.php(50): Illuminate\Pipeline\Pipeline->Illuminate\Pipeline\{closure}(Object(Illuminate\Http\Request))
#36 E:\HTML CSS JAVASCRIPT\Hms1\Hms1\vendor\laravel\framework\src\Illuminate\Pipeline\Pipeline.php(219): Illuminate\Routing\Middleware\SubstituteBindings->handle(Object(Illuminate\Http\Request), Object(Closure))
#37 E:\HTML CSS JAVASCRIPT\Hms1\Hms1\vendor\laravel\framework\src\Illuminate\Foundation\Http\Middleware\VerifyCsrfToken.php(87): Illuminate\Pipeline\Pipeline->Illuminate\Pipeline\{closure}(Object(Illuminate\Http\Request))
#38 E:\HTML CSS JAVASCRIPT\Hms1\Hms1\vendor\laravel\framework\src\Illuminate\Pipeline\Pipeline.php(219): Illuminate\Foundation\Http\Middleware\VerifyCsrfToken->handle(Object(Illuminate\Http\Request), Object(Closure))
#39 E:\HTML CSS JAVASCRIPT\Hms1\Hms1\vendor\laravel\framework\src\Illuminate\View\Middleware\ShareErrorsFromSession.php(48): Illuminate\Pipeline\Pipeline->Illuminate\Pipeline\{closure}(Object(Illuminate\Http\Request))
#40 E:\HTML CSS JAVASCRIPT\Hms1\Hms1\vendor\laravel\framework\src\Illuminate\Pipeline\Pipeline.php(219): Illuminate\View\Middleware\ShareErrorsFromSession->handle(Object(Illuminate\Http\Request), Object(Closure))
#41 E:\HTML CSS JAVASCRIPT\Hms1\Hms1\vendor\laravel\framework\src\Illuminate\Session\Middleware\StartSession.php(120): Illuminate\Pipeline\Pipeline->Illuminate\Pipeline\{closure}(Object(Illuminate\Http\Request))
#42 E:\HTML CSS JAVASCRIPT\Hms1\Hms1\vendor\laravel\framework\src\Illuminate\Session\Middleware\StartSession.php(63): Illuminate\Session\Middleware\StartSession->handleStatefulRequest(Object(Illuminate\Http\Request), Object(Illuminate\Session\Store), Object(Closure))
#43 E:\HTML CSS JAVASCRIPT\Hms1\Hms1\vendor\laravel\framework\src\Illuminate\Pipeline\Pipeline.php(219): Illuminate\Session\Middleware\StartSession->handle(Object(Illuminate\Http\Request), Object(Closure))
#44 E:\HTML CSS JAVASCRIPT\Hms1\Hms1\vendor\laravel\framework\src\Illuminate\Cookie\Middleware\AddQueuedCookiesToResponse.php(36): Illuminate\Pipeline\Pipeline->Illuminate\Pipeline\{closure}(Object(Illuminate\Http\Request))
#45 E:\HTML CSS JAVASCRIPT\Hms1\Hms1\vendor\laravel\framework\src\Illuminate\Pipeline\Pipeline.php(219): Illuminate\Cookie\Middleware\AddQueuedCookiesToResponse->handle(Object(Illuminate\Http\Request), Object(Closure))
#46 E:\HTML CSS JAVASCRIPT\Hms1\Hms1\vendor\laravel\framework\src\Illuminate\Cookie\Middleware\EncryptCookies.php(74): Illuminate\Pipeline\Pipeline->Illuminate\Pipeline\{closure}(Object(Illuminate\Http\Request))
#47 E:\HTML CSS JAVASCRIPT\Hms1\Hms1\vendor\laravel\framework\src\Illuminate\Pipeline\Pipeline.php(219): Illuminate\Cookie\Middleware\EncryptCookies->handle(Object(Illuminate\Http\Request), Object(Closure))
#48 E:\HTML CSS JAVASCRIPT\Hms1\Hms1\vendor\laravel\framework\src\Illuminate\Pipeline\Pipeline.php(137): Illuminate\Pipeline\Pipeline->Illuminate\Pipeline\{closure}(Object(Illuminate\Http\Request))
#49 E:\HTML CSS JAVASCRIPT\Hms1\Hms1\vendor\laravel\framework\src\Illuminate\Routing\Router.php(821): Illuminate\Pipeline\Pipeline->then(Object(Closure))
#50 E:\HTML CSS JAVASCRIPT\Hms1\Hms1\vendor\laravel\framework\src\Illuminate\Routing\Router.php(800): Illuminate\Routing\Router->runRouteWithinStack(Object(Illuminate\Routing\Route), Object(Illuminate\Http\Request))
#51 E:\HTML CSS JAVASCRIPT\Hms1\Hms1\vendor\laravel\framework\src\Illuminate\Routing\Router.php(764): Illuminate\Routing\Router->runRoute(Object(Illuminate\Http\Request), Object(Illuminate\Routing\Route))
#52 E:\HTML CSS JAVASCRIPT\Hms1\Hms1\vendor\laravel\framework\src\Illuminate\Routing\Router.php(753): Illuminate\Routing\Router->dispatchToRoute(Object(Illuminate\Http\Request))
#53 E:\HTML CSS JAVASCRIPT\Hms1\Hms1\vendor\laravel\framework\src\Illuminate\Foundation\Http\Kernel.php(200): Illuminate\Routing\Router->dispatch(Object(Illuminate\Http\Request))
#54 E:\HTML CSS JAVASCRIPT\Hms1\Hms1\vendor\laravel\framework\src\Illuminate\Pipeline\Pipeline.php(180): Illuminate\Foundation\Http\Kernel->Illuminate\Foundation\Http\{closure}(Object(Illuminate\Http\Request))
#55 E:\HTML CSS JAVASCRIPT\Hms1\Hms1\vendor\laravel\framework\src\Illuminate\Foundation\Http\Middleware\TransformsRequest.php(21): Illuminate\Pipeline\Pipeline->Illuminate\Pipeline\{closure}(Object(Illuminate\Http\Request))
#56 E:\HTML CSS JAVASCRIPT\Hms1\Hms1\vendor\laravel\framework\src\Illuminate\Foundation\Http\Middleware\ConvertEmptyStringsToNull.php(31): Illuminate\Foundation\Http\Middleware\TransformsRequest->handle(Object(Illuminate\Http\Request), Object(Closure))
#57 E:\HTML CSS JAVASCRIPT\Hms1\Hms1\vendor\laravel\framework\src\Illuminate\Pipeline\Pipeline.php(219): Illuminate\Foundation\Http\Middleware\ConvertEmptyStringsToNull->handle(Object(Illuminate\Http\Request), Object(Closure))
#58 E:\HTML CSS JAVASCRIPT\Hms1\Hms1\vendor\laravel\framework\src\Illuminate\Foundation\Http\Middleware\TransformsRequest.php(21): Illuminate\Pipeline\Pipeline->Illuminate\Pipeline\{closure}(Object(Illuminate\Http\Request))
#59 E:\HTML CSS JAVASCRIPT\Hms1\Hms1\vendor\laravel\framework\src\Illuminate\Foundation\Http\Middleware\TrimStrings.php(51): Illuminate\Foundation\Http\Middleware\TransformsRequest->handle(Object(Illuminate\Http\Request), Object(Closure))
#60 E:\HTML CSS JAVASCRIPT\Hms1\Hms1\vendor\laravel\framework\src\Illuminate\Pipeline\Pipeline.php(219): Illuminate\Foundation\Http\Middleware\TrimStrings->handle(Object(Illuminate\Http\Request), Object(Closure))
#61 E:\HTML CSS JAVASCRIPT\Hms1\Hms1\vendor\laravel\framework\src\Illuminate\Http\Middleware\ValidatePostSize.php(27): Illuminate\Pipeline\Pipeline->Illuminate\Pipeline\{closure}(Object(Illuminate\Http\Request))
#62 E:\HTML CSS JAVASCRIPT\Hms1\Hms1\vendor\laravel\framework\src\Illuminate\Pipeline\Pipeline.php(219): Illuminate\Http\Middleware\ValidatePostSize->handle(Object(Illuminate\Http\Request), Object(Closure))
#63 E:\HTML CSS JAVASCRIPT\Hms1\Hms1\vendor\laravel\framework\src\Illuminate\Foundation\Http\Middleware\PreventRequestsDuringMaintenance.php(109): Illuminate\Pipeline\Pipeline->Illuminate\Pipeline\{closure}(Object(Illuminate\Http\Request))
#64 E:\HTML CSS JAVASCRIPT\Hms1\Hms1\vendor\laravel\framework\src\Illuminate\Pipeline\Pipeline.php(219): Illuminate\Foundation\Http\Middleware\PreventRequestsDuringMaintenance->handle(Object(Illuminate\Http\Request), Object(Closure))
#65 E:\HTML CSS JAVASCRIPT\Hms1\Hms1\vendor\laravel\framework\src\Illuminate\Http\Middleware\HandleCors.php(61): Illuminate\Pipeline\Pipeline->Illuminate\Pipeline\{closure}(Object(Illuminate\Http\Request))
#66 E:\HTML CSS JAVASCRIPT\Hms1\Hms1\vendor\laravel\framework\src\Illuminate\Pipeline\Pipeline.php(219): Illuminate\Http\Middleware\HandleCors->handle(Object(Illuminate\Http\Request), Object(Closure))
#67 E:\HTML CSS JAVASCRIPT\Hms1\Hms1\vendor\laravel\framework\src\Illuminate\Http\Middleware\TrustProxies.php(58): Illuminate\Pipeline\Pipeline->Illuminate\Pipeline\{closure}(Object(Illuminate\Http\Request))
#68 E:\HTML CSS JAVASCRIPT\Hms1\Hms1\vendor\laravel\framework\src\Illuminate\Pipeline\Pipeline.php(219): Illuminate\Http\Middleware\TrustProxies->handle(Object(Illuminate\Http\Request), Object(Closure))
#69 E:\HTML CSS JAVASCRIPT\Hms1\Hms1\vendor\laravel\framework\src\Illuminate\Foundation\Http\Middleware\InvokeDeferredCallbacks.php(22): Illuminate\Pipeline\Pipeline->Illuminate\Pipeline\{closure}(Object(Illuminate\Http\Request))
#70 E:\HTML CSS JAVASCRIPT\Hms1\Hms1\vendor\laravel\framework\src\Illuminate\Pipeline\Pipeline.php(219): Illuminate\Foundation\Http\Middleware\InvokeDeferredCallbacks->handle(Object(Illuminate\Http\Request), Object(Closure))
#71 E:\HTML CSS JAVASCRIPT\Hms1\Hms1\vendor\laravel\framework\src\Illuminate\Http\Middleware\ValidatePathEncoding.php(26): Illuminate\Pipeline\Pipeline->Illuminate\Pipeline\{closure}(Object(Illuminate\Http\Request))
#72 E:\HTML CSS JAVASCRIPT\Hms1\Hms1\vendor\laravel\framework\src\Illuminate\Pipeline\Pipeline.php(219): Illuminate\Http\Middleware\ValidatePathEncoding->handle(Object(Illuminate\Http\Request), Object(Closure))
#73 E:\HTML CSS JAVASCRIPT\Hms1\Hms1\vendor\laravel\framework\src\Illuminate\Pipeline\Pipeline.php(137): Illuminate\Pipeline\Pipeline->Illuminate\Pipeline\{closure}(Object(Illuminate\Http\Request))
#74 E:\HTML CSS JAVASCRIPT\Hms1\Hms1\vendor\laravel\framework\src\Illuminate\Foundation\Http\Kernel.php(175): Illuminate\Pipeline\Pipeline->then(Object(Closure))
#75 E:\HTML CSS JAVASCRIPT\Hms1\Hms1\vendor\laravel\framework\src\Illuminate\Foundation\Http\Kernel.php(144): Illuminate\Foundation\Http\Kernel->sendRequestThroughRouter(Object(Illuminate\Http\Request))
#76 E:\HTML CSS JAVASCRIPT\Hms1\Hms1\vendor\laravel\framework\src\Illuminate\Foundation\Testing\Concerns\MakesHttpRequests.php(607): Illuminate\Foundation\Http\Kernel->handle(Object(Illuminate\Http\Request))
#77 E:\HTML CSS JAVASCRIPT\Hms1\Hms1\vendor\laravel\framework\src\Illuminate\Foundation\Testing\Concerns\MakesHttpRequests.php(368): Illuminate\Foundation\Testing\TestCase->call('GET', '/reset-password...', Array, Array, Array, Array)
#78 E:\HTML CSS JAVASCRIPT\Hms1\Hms1\tests\Feature\Auth\PasswordResetTest.php(42): Illuminate\Foundation\Testing\TestCase->get('/reset-password...')
#79 E:\HTML CSS JAVASCRIPT\Hms1\Hms1\vendor\laravel\framework\src\Illuminate\Support\Testing\Fakes\NotificationFake.php(261): Tests\Feature\Auth\PasswordResetTest->Tests\Feature\Auth\{closure}(Object(Illuminate\Auth\Notifications\ResetPassword), Array, Object(App\Models\User), NULL)
#80 [internal function]: Illuminate\Support\Testing\Fakes\NotificationFake->Illuminate\Support\Testing\Fakes\{closure}(Array, 0)
#81 E:\HTML CSS JAVASCRIPT\Hms1\Hms1\vendor\laravel\framework\src\Illuminate\Collections\Arr.php(1240): array_filter(Array, Object(Closure), 1)
#82 E:\HTML CSS JAVASCRIPT\Hms1\Hms1\vendor\laravel\framework\src\Illuminate\Collections\Collection.php(415): Illuminate\Support\Arr::where(Array, Object(Closure))
#83 E:\HTML CSS JAVASCRIPT\Hms1\Hms1\vendor\laravel\framework\src\Illuminate\Support\Testing\Fakes\NotificationFake.php(260): Illuminate\Support\Collection->filter(Object(Closure))
#84 E:\HTML CSS JAVASCRIPT\Hms1\Hms1\vendor\laravel\framework\src\Illuminate\Support\Testing\Fakes\NotificationFake.php(90): Illuminate\Support\Testing\Fakes\NotificationFake->sent(Object(App\Models\User), 'Illuminate\\Auth...', Object(Closure))
#85 E:\HTML CSS JAVASCRIPT\Hms1\Hms1\vendor\laravel\framework\src\Illuminate\Support\Facades\Facade.php(363): Illuminate\Support\Testing\Fakes\NotificationFake->assertSentTo(Object(App\Models\User), 'Illuminate\\Auth...', Object(Closure))
#86 E:\HTML CSS JAVASCRIPT\Hms1\Hms1\tests\Feature\Auth\PasswordResetTest.php(41): Illuminate\Support\Facades\Facade::__callStatic('assertSentTo', Array)
#87 E:\HTML CSS JAVASCRIPT\Hms1\Hms1\vendor\phpunit\phpunit\src\Framework\TestCase.php(1657): Tests\Feature\Auth\PasswordResetTest->test_reset_password_screen_can_be_rendered()
#88 E:\HTML CSS JAVASCRIPT\Hms1\Hms1\vendor\phpunit\phpunit\src\Framework\TestCase.php(515): PHPUnit\Framework\TestCase->runTest()
#89 E:\HTML CSS JAVASCRIPT\Hms1\Hms1\vendor\phpunit\phpunit\src\Framework\TestRunner\TestRunner.php(87): PHPUnit\Framework\TestCase->runBare()
#90 E:\HTML CSS JAVASCRIPT\Hms1\Hms1\vendor\phpunit\phpunit\src\Framework\TestCase.php(361): PHPUnit\Framework\TestRunner->run(Object(Tests\Feature\Auth\PasswordResetTest))
#91 E:\HTML CSS JAVASCRIPT\Hms1\Hms1\vendor\phpunit\phpunit\src\Framework\TestSuite.php(369): PHPUnit\Framework\TestCase->run()
#92 E:\HTML CSS JAVASCRIPT\Hms1\Hms1\vendor\phpunit\phpunit\src\Framework\TestSuite.php(369): PHPUnit\Framework\TestSuite->run()
#93 E:\HTML CSS JAVASCRIPT\Hms1\Hms1\vendor\phpunit\phpunit\src\Framework\TestSuite.php(369): PHPUnit\Framework\TestSuite->run()
#94 E:\HTML CSS JAVASCRIPT\Hms1\Hms1\vendor\phpunit\phpunit\src\TextUI\TestRunner.php(64): PHPUnit\Framework\TestSuite->run()
#95 E:\HTML CSS JAVASCRIPT\Hms1\Hms1\vendor\phpunit\phpunit\src\TextUI\Application.php(211): PHPUnit\TextUI\TestRunner->run(Object(PHPUnit\TextUI\Configuration\Configuration), Object(PHPUnit\Runner\ResultCache\DefaultResultCache), Object(PHPUnit\Framework\TestSuite))
#96 E:\HTML CSS JAVASCRIPT\Hms1\Hms1\vendor\phpunit\phpunit\phpunit(104): PHPUnit\TextUI\Application->run(Array)
#97 {main}

Next Illuminate\View\ViewException: Attempt to read property "name" on null (View: E:\HTML CSS JAVASCRIPT\Hms1\Hms1\resources\views\partials\doctor_sidebar.blade.php) in E:\HTML CSS JAVASCRIPT\Hms1\Hms1\storage\framework\views\cac295dfd1f092de7f62c9956c61f073.php:49
Stack trace:
#0 E:\HTML CSS JAVASCRIPT\Hms1\Hms1\vendor\laravel\framework\src\Illuminate\View\Engines\PhpEngine.php(59): Illuminate\View\Engines\CompilerEngine->handleViewException(Object(ErrorException), 3)
#1 E:\HTML CSS JAVASCRIPT\Hms1\Hms1\vendor\laravel\framework\src\Illuminate\View\Engines\CompilerEngine.php(76): Illuminate\View\Engines\PhpEngine->evaluatePath('E:\\HTML CSS JAV...', Array)
#2 E:\HTML CSS JAVASCRIPT\Hms1\Hms1\vendor\laravel\framework\src\Illuminate\View\View.php(208): Illuminate\View\Engines\CompilerEngine->get('E:\\HTML CSS JAV...', Array)
#3 E:\HTML CSS JAVASCRIPT\Hms1\Hms1\vendor\laravel\framework\src\Illuminate\View\View.php(191): Illuminate\View\View->getContents()
#4 E:\HTML CSS JAVASCRIPT\Hms1\Hms1\vendor\laravel\framework\src\Illuminate\View\View.php(160): Illuminate\View\View->renderContents()
#5 E:\HTML CSS JAVASCRIPT\Hms1\Hms1\storage\framework\views\f7ee822f17254862797ae751fa629a7d.php(16): Illuminate\View\View->render()
#6 E:\HTML CSS JAVASCRIPT\Hms1\Hms1\vendor\laravel\framework\src\Illuminate\Filesystem\Filesystem.php(123): require('E:\\HTML CSS JAV...')
#7 E:\HTML CSS JAVASCRIPT\Hms1\Hms1\vendor\laravel\framework\src\Illuminate\Filesystem\Filesystem.php(124): Illuminate\Filesystem\Filesystem::Illuminate\Filesystem\{closure}()
#8 E:\HTML CSS JAVASCRIPT\Hms1\Hms1\vendor\laravel\framework\src\Illuminate\View\Engines\PhpEngine.php(57): Illuminate\Filesystem\Filesystem->getRequire('E:\\HTML CSS JAV...', Array)
#9 E:\HTML CSS JAVASCRIPT\Hms1\Hms1\vendor\laravel\framework\src\Illuminate\View\Engines\CompilerEngine.php(76): Illuminate\View\Engines\PhpEngine->evaluatePath('E:\\HTML CSS JAV...', Array)
#10 E:\HTML CSS JAVASCRIPT\Hms1\Hms1\vendor\laravel\framework\src\Illuminate\View\View.php(208): Illuminate\View\Engines\CompilerEngine->get('E:\\HTML CSS JAV...', Array)
#11 E:\HTML CSS JAVASCRIPT\Hms1\Hms1\vendor\laravel\framework\src\Illuminate\View\View.php(191): Illuminate\View\View->getContents()
#12 E:\HTML CSS JAVASCRIPT\Hms1\Hms1\vendor\laravel\framework\src\Illuminate\View\View.php(160): Illuminate\View\View->renderContents()
#13 E:\HTML CSS JAVASCRIPT\Hms1\Hms1\storage\framework\views\b477ffddc7892b35053a42f5d93bf58d.php(73): Illuminate\View\View->render()
#14 E:\HTML CSS JAVASCRIPT\Hms1\Hms1\vendor\laravel\framework\src\Illuminate\Filesystem\Filesystem.php(123): require('E:\\HTML CSS JAV...')
#15 E:\HTML CSS JAVASCRIPT\Hms1\Hms1\vendor\laravel\framework\src\Illuminate\Filesystem\Filesystem.php(124): Illuminate\Filesystem\Filesystem::Illuminate\Filesystem\{closure}()
#16 E:\HTML CSS JAVASCRIPT\Hms1\Hms1\vendor\laravel\framework\src\Illuminate\View\Engines\PhpEngine.php(57): Illuminate\Filesystem\Filesystem->getRequire('E:\\HTML CSS JAV...', Array)
#17 E:\HTML CSS JAVASCRIPT\Hms1\Hms1\vendor\laravel\framework\src\Illuminate\View\Engines\CompilerEngine.php(76): Illuminate\View\Engines\PhpEngine->evaluatePath('E:\\HTML CSS JAV...', Array)
#18 E:\HTML CSS JAVASCRIPT\Hms1\Hms1\vendor\laravel\framework\src\Illuminate\View\View.php(208): Illuminate\View\Engines\CompilerEngine->get('E:\\HTML CSS JAV...', Array)
#19 E:\HTML CSS JAVASCRIPT\Hms1\Hms1\vendor\laravel\framework\src\Illuminate\View\View.php(191): Illuminate\View\View->getContents()
#20 E:\HTML CSS JAVASCRIPT\Hms1\Hms1\vendor\laravel\framework\src\Illuminate\View\View.php(160): Illuminate\View\View->renderContents()
#21 E:\HTML CSS JAVASCRIPT\Hms1\Hms1\vendor\laravel\framework\src\Illuminate\Http\Response.php(78): Illuminate\View\View->render()
#22 E:\HTML CSS JAVASCRIPT\Hms1\Hms1\vendor\laravel\framework\src\Illuminate\Http\Response.php(34): Illuminate\Http\Response->setContent(Object(Illuminate\View\View))
#23 E:\HTML CSS JAVASCRIPT\Hms1\Hms1\vendor\laravel\framework\src\Illuminate\Routing\Router.php(939): Illuminate\Http\Response->__construct(Object(Illuminate\View\View), 200, Array)
#24 E:\HTML CSS JAVASCRIPT\Hms1\Hms1\vendor\laravel\framework\src\Illuminate\Routing\Router.php(906): Illuminate\Routing\Router::toResponse(Object(Illuminate\Http\Request), Object(Illuminate\View\View))
#25 E:\HTML CSS JAVASCRIPT\Hms1\Hms1\vendor\laravel\framework\src\Illuminate\Routing\Router.php(821): Illuminate\Routing\Router->prepareResponse(Object(Illuminate\Http\Request), Object(Illuminate\View\View))
#26 E:\HTML CSS JAVASCRIPT\Hms1\Hms1\vendor\laravel\framework\src\Illuminate\Pipeline\Pipeline.php(180): Illuminate\Routing\Router->Illuminate\Routing\{closure}(Object(Illuminate\Http\Request))
#27 E:\HTML CSS JAVASCRIPT\Hms1\Hms1\vendor\laravel\framework\src\Illuminate\Auth\Middleware\RedirectIfAuthenticated.php(47): Illuminate\Pipeline\Pipeline->Illuminate\Pipeline\{closure}(Object(Illuminate\Http\Request))
#28 E:\HTML CSS JAVASCRIPT\Hms1\Hms1\vendor\laravel\framework\src\Illuminate\Pipeline\Pipeline.php(219): Illuminate\Auth\Middleware\RedirectIfAuthenticated->handle(Object(Illuminate\Http\Request), Object(Closure))
#29 E:\HTML CSS JAVASCRIPT\Hms1\Hms1\vendor\inertiajs\inertia-laravel\src\Middleware.php(122): Illuminate\Pipeline\Pipeline->Illuminate\Pipeline\{closure}(Object(Illuminate\Http\Request))
#30 E:\HTML CSS JAVASCRIPT\Hms1\Hms1\vendor\laravel\framework\src\Illuminate\Pipeline\Pipeline.php(219): Inertia\Middleware->handle(Object(Illuminate\Http\Request), Object(Closure))
#31 E:\HTML CSS JAVASCRIPT\Hms1\Hms1\vendor\laravel\framework\src\Illuminate\Routing\Middleware\SubstituteBindings.php(50): Illuminate\Pipeline\Pipeline->Illuminate\Pipeline\{closure}(Object(Illuminate\Http\Request))
#32 E:\HTML CSS JAVASCRIPT\Hms1\Hms1\vendor\laravel\framework\src\Illuminate\Pipeline\Pipeline.php(219): Illuminate\Routing\Middleware\SubstituteBindings->handle(Object(Illuminate\Http\Request), Object(Closure))
#33 E:\HTML CSS JAVASCRIPT\Hms1\Hms1\vendor\laravel\framework\src\Illuminate\Foundation\Http\Middleware\VerifyCsrfToken.php(87): Illuminate\Pipeline\Pipeline->Illuminate\Pipeline\{closure}(Object(Illuminate\Http\Request))
#34 E:\HTML CSS JAVASCRIPT\Hms1\Hms1\vendor\laravel\framework\src\Illuminate\Pipeline\Pipeline.php(219): Illuminate\Foundation\Http\Middleware\VerifyCsrfToken->handle(Object(Illuminate\Http\Request), Object(Closure))
#35 E:\HTML CSS JAVASCRIPT\Hms1\Hms1\vendor\laravel\framework\src\Illuminate\View\Middleware\ShareErrorsFromSession.php(48): Illuminate\Pipeline\Pipeline->Illuminate\Pipeline\{closure}(Object(Illuminate\Http\Request))
#36 E:\HTML CSS JAVASCRIPT\Hms1\Hms1\vendor\laravel\framework\src\Illuminate\Pipeline\Pipeline.php(219): Illuminate\View\Middleware\ShareErrorsFromSession->handle(Object(Illuminate\Http\Request), Object(Closure))
#37 E:\HTML CSS JAVASCRIPT\Hms1\Hms1\vendor\laravel\framework\src\Illuminate\Session\Middleware\StartSession.php(120): Illuminate\Pipeline\Pipeline->Illuminate\Pipeline\{closure}(Object(Illuminate\Http\Request))
#38 E:\HTML CSS JAVASCRIPT\Hms1\Hms1\vendor\laravel\framework\src\Illuminate\Session\Middleware\StartSession.php(63): Illuminate\Session\Middleware\StartSession->handleStatefulRequest(Object(Illuminate\Http\Request), Object(Illuminate\Session\Store), Object(Closure))
#39 E:\HTML CSS JAVASCRIPT\Hms1\Hms1\vendor\laravel\framework\src\Illuminate\Pipeline\Pipeline.php(219): Illuminate\Session\Middleware\StartSession->handle(Object(Illuminate\Http\Request), Object(Closure))
#40 E:\HTML CSS JAVASCRIPT\Hms1\Hms1\vendor\laravel\framework\src\Illuminate\Cookie\Middleware\AddQueuedCookiesToResponse.php(36): Illuminate\Pipeline\Pipeline->Illuminate\Pipeline\{closure}(Object(Illuminate\Http\Request))
#41 E:\HTML CSS JAVASCRIPT\Hms1\Hms1\vendor\laravel\framework\src\Illuminate\Pipeline\Pipeline.php(219): Illuminate\Cookie\Middleware\AddQueuedCookiesToResponse->handle(Object(Illuminate\Http\Request), Object(Closure))
#42 E:\HTML CSS JAVASCRIPT\Hms1\Hms1\vendor\laravel\framework\src\Illuminate\Cookie\Middleware\EncryptCookies.php(74): Illuminate\Pipeline\Pipeline->Illuminate\Pipeline\{closure}(Object(Illuminate\Http\Request))
#43 E:\HTML CSS JAVASCRIPT\Hms1\Hms1\vendor\laravel\framework\src\Illuminate\Pipeline\Pipeline.php(219): Illuminate\Cookie\Middleware\EncryptCookies->handle(Object(Illuminate\Http\Request), Object(Closure))
#44 E:\HTML CSS JAVASCRIPT\Hms1\Hms1\vendor\laravel\framework\src\Illuminate\Pipeline\Pipeline.php(137): Illuminate\Pipeline\Pipeline->Illuminate\Pipeline\{closure}(Object(Illuminate\Http\Request))
#45 E:\HTML CSS JAVASCRIPT\Hms1\Hms1\vendor\laravel\framework\src\Illuminate\Routing\Router.php(821): Illuminate\Pipeline\Pipeline->then(Object(Closure))
#46 E:\HTML CSS JAVASCRIPT\Hms1\Hms1\vendor\laravel\framework\src\Illuminate\Routing\Router.php(800): Illuminate\Routing\Router->runRouteWithinStack(Object(Illuminate\Routing\Route), Object(Illuminate\Http\Request))
#47 E:\HTML CSS JAVASCRIPT\Hms1\Hms1\vendor\laravel\framework\src\Illuminate\Routing\Router.php(764): Illuminate\Routing\Router->runRoute(Object(Illuminate\Http\Request), Object(Illuminate\Routing\Route))
#48 E:\HTML CSS JAVASCRIPT\Hms1\Hms1\vendor\laravel\framework\src\Illuminate\Routing\Router.php(753): Illuminate\Routing\Router->dispatchToRoute(Object(Illuminate\Http\Request))
#49 E:\HTML CSS JAVASCRIPT\Hms1\Hms1\vendor\laravel\framework\src\Illuminate\Foundation\Http\Kernel.php(200): Illuminate\Routing\Router->dispatch(Object(Illuminate\Http\Request))
#50 E:\HTML CSS JAVASCRIPT\Hms1\Hms1\vendor\laravel\framework\src\Illuminate\Pipeline\Pipeline.php(180): Illuminate\Foundation\Http\Kernel->Illuminate\Foundation\Http\{closure}(Object(Illuminate\Http\Request))
#51 E:\HTML CSS JAVASCRIPT\Hms1\Hms1\vendor\laravel\framework\src\Illuminate\Foundation\Http\Middleware\TransformsRequest.php(21): Illuminate\Pipeline\Pipeline->Illuminate\Pipeline\{closure}(Object(Illuminate\Http\Request))
#52 E:\HTML CSS JAVASCRIPT\Hms1\Hms1\vendor\laravel\framework\src\Illuminate\Foundation\Http\Middleware\ConvertEmptyStringsToNull.php(31): Illuminate\Foundation\Http\Middleware\TransformsRequest->handle(Object(Illuminate\Http\Request), Object(Closure))
#53 E:\HTML CSS JAVASCRIPT\Hms1\Hms1\vendor\laravel\framework\src\Illuminate\Pipeline\Pipeline.php(219): Illuminate\Foundation\Http\Middleware\ConvertEmptyStringsToNull->handle(Object(Illuminate\Http\Request), Object(Closure))
#54 E:\HTML CSS JAVASCRIPT\Hms1\Hms1\vendor\laravel\framework\src\Illuminate\Foundation\Http\Middleware\TransformsRequest.php(21): Illuminate\Pipeline\Pipeline->Illuminate\Pipeline\{closure}(Object(Illuminate\Http\Request))
#55 E:\HTML CSS JAVASCRIPT\Hms1\Hms1\vendor\laravel\framework\src\Illuminate\Foundation\Http\Middleware\TrimStrings.php(51): Illuminate\Foundation\Http\Middleware\TransformsRequest->handle(Object(Illuminate\Http\Request), Object(Closure))
#56 E:\HTML CSS JAVASCRIPT\Hms1\Hms1\vendor\laravel\framework\src\Illuminate\Pipeline\Pipeline.php(219): Illuminate\Foundation\Http\Middleware\TrimStrings->handle(Object(Illuminate\Http\Request), Object(Closure))
#57 E:\HTML CSS JAVASCRIPT\Hms1\Hms1\vendor\laravel\framework\src\Illuminate\Http\Middleware\ValidatePostSize.php(27): Illuminate\Pipeline\Pipeline->Illuminate\Pipeline\{closure}(Object(Illuminate\Http\Request))
#58 E:\HTML CSS JAVASCRIPT\Hms1\Hms1\vendor\laravel\framework\src\Illuminate\Pipeline\Pipeline.php(219): Illuminate\Http\Middleware\ValidatePostSize->handle(Object(Illuminate\Http\Request), Object(Closure))
#59 E:\HTML CSS JAVASCRIPT\Hms1\Hms1\vendor\laravel\framework\src\Illuminate\Foundation\Http\Middleware\PreventRequestsDuringMaintenance.php(109): Illuminate\Pipeline\Pipeline->Illuminate\Pipeline\{closure}(Object(Illuminate\Http\Request))
#60 E:\HTML CSS JAVASCRIPT\Hms1\Hms1\vendor\laravel\framework\src\Illuminate\Pipeline\Pipeline.php(219): Illuminate\Foundation\Http\Middleware\PreventRequestsDuringMaintenance->handle(Object(Illuminate\Http\Request), Object(Closure))
#61 E:\HTML CSS JAVASCRIPT\Hms1\Hms1\vendor\laravel\framework\src\Illuminate\Http\Middleware\HandleCors.php(61): Illuminate\Pipeline\Pipeline->Illuminate\Pipeline\{closure}(Object(Illuminate\Http\Request))
#62 E:\HTML CSS JAVASCRIPT\Hms1\Hms1\vendor\laravel\framework\src\Illuminate\Pipeline\Pipeline.php(219): Illuminate\Http\Middleware\HandleCors->handle(Object(Illuminate\Http\Request), Object(Closure))
#63 E:\HTML CSS JAVASCRIPT\Hms1\Hms1\vendor\laravel\framework\src\Illuminate\Http\Middleware\TrustProxies.php(58): Illuminate\Pipeline\Pipeline->Illuminate\Pipeline\{closure}(Object(Illuminate\Http\Request))
#64 E:\HTML CSS JAVASCRIPT\Hms1\Hms1\vendor\laravel\framework\src\Illuminate\Pipeline\Pipeline.php(219): Illuminate\Http\Middleware\TrustProxies->handle(Object(Illuminate\Http\Request), Object(Closure))
#65 E:\HTML CSS JAVASCRIPT\Hms1\Hms1\vendor\laravel\framework\src\Illuminate\Foundation\Http\Middleware\InvokeDeferredCallbacks.php(22): Illuminate\Pipeline\Pipeline->Illuminate\Pipeline\{closure}(Object(Illuminate\Http\Request))
#66 E:\HTML CSS JAVASCRIPT\Hms1\Hms1\vendor\laravel\framework\src\Illuminate\Pipeline\Pipeline.php(219): Illuminate\Foundation\Http\Middleware\InvokeDeferredCallbacks->handle(Object(Illuminate\Http\Request), Object(Closure))
#67 E:\HTML CSS JAVASCRIPT\Hms1\Hms1\vendor\laravel\framework\src\Illuminate\Http\Middleware\ValidatePathEncoding.php(26): Illuminate\Pipeline\Pipeline->Illuminate\Pipeline\{closure}(Object(Illuminate\Http\Request))
#68 E:\HTML CSS JAVASCRIPT\Hms1\Hms1\vendor\laravel\framework\src\Illuminate\Pipeline\Pipeline.php(219): Illuminate\Http\Middleware\ValidatePathEncoding->handle(Object(Illuminate\Http\Request), Object(Closure))
#69 E:\HTML CSS JAVASCRIPT\Hms1\Hms1\vendor\laravel\framework\src\Illuminate\Pipeline\Pipeline.php(137): Illuminate\Pipeline\Pipeline->Illuminate\Pipeline\{closure}(Object(Illuminate\Http\Request))
#70 E:\HTML CSS JAVASCRIPT\Hms1\Hms1\vendor\laravel\framework\src\Illuminate\Foundation\Http\Kernel.php(175): Illuminate\Pipeline\Pipeline->then(Object(Closure))
#71 E:\HTML CSS JAVASCRIPT\Hms1\Hms1\vendor\laravel\framework\src\Illuminate\Foundation\Http\Kernel.php(144): Illuminate\Foundation\Http\Kernel->sendRequestThroughRouter(Object(Illuminate\Http\Request))
#72 E:\HTML CSS JAVASCRIPT\Hms1\Hms1\vendor\laravel\framework\src\Illuminate\Foundation\Testing\Concerns\MakesHttpRequests.php(607): Illuminate\Foundation\Http\Kernel->handle(Object(Illuminate\Http\Request))
#73 E:\HTML CSS JAVASCRIPT\Hms1\Hms1\vendor\laravel\framework\src\Illuminate\Foundation\Testing\Concerns\MakesHttpRequests.php(368): Illuminate\Foundation\Testing\TestCase->call('GET', '/reset-password...', Array, Array, Array, Array)
#74 E:\HTML CSS JAVASCRIPT\Hms1\Hms1\tests\Feature\Auth\PasswordResetTest.php(42): Illuminate\Foundation\Testing\TestCase->get('/reset-password...')
#75 E:\HTML CSS JAVASCRIPT\Hms1\Hms1\vendor\laravel\framework\src\Illuminate\Support\Testing\Fakes\NotificationFake.php(261): Tests\Feature\Auth\PasswordResetTest->Tests\Feature\Auth\{closure}(Object(Illuminate\Auth\Notifications\ResetPassword), Array, Object(App\Models\User), NULL)
#76 [internal function]: Illuminate\Support\Testing\Fakes\NotificationFake->Illuminate\Support\Testing\Fakes\{closure}(Array, 0)
#77 E:\HTML CSS JAVASCRIPT\Hms1\Hms1\vendor\laravel\framework\src\Illuminate\Collections\Arr.php(1240): array_filter(Array, Object(Closure), 1)
#78 E:\HTML CSS JAVASCRIPT\Hms1\Hms1\vendor\laravel\framework\src\Illuminate\Collections\Collection.php(415): Illuminate\Support\Arr::where(Array, Object(Closure))
#79 E:\HTML CSS JAVASCRIPT\Hms1\Hms1\vendor\laravel\framework\src\Illuminate\Support\Testing\Fakes\NotificationFake.php(260): Illuminate\Support\Collection->filter(Object(Closure))
#80 E:\HTML CSS JAVASCRIPT\Hms1\Hms1\vendor\laravel\framework\src\Illuminate\Support\Testing\Fakes\NotificationFake.php(90): Illuminate\Support\Testing\Fakes\NotificationFake->sent(Object(App\Models\User), 'Illuminate\\Auth...', Object(Closure))
#81 E:\HTML CSS JAVASCRIPT\Hms1\Hms1\vendor\laravel\framework\src\Illuminate\Support\Facades\Facade.php(363): Illuminate\Support\Testing\Fakes\NotificationFake->assertSentTo(Object(App\Models\User), 'Illuminate\\Auth...', Object(Closure))
#82 E:\HTML CSS JAVASCRIPT\Hms1\Hms1\tests\Feature\Auth\PasswordResetTest.php(41): Illuminate\Support\Facades\Facade::__callStatic('assertSentTo', Array)
#83 E:\HTML CSS JAVASCRIPT\Hms1\Hms1\vendor\phpunit\phpunit\src\Framework\TestCase.php(1657): Tests\Feature\Auth\PasswordResetTest->test_reset_password_screen_can_be_rendered()
#84 E:\HTML CSS JAVASCRIPT\Hms1\Hms1\vendor\phpunit\phpunit\src\Framework\TestCase.php(515): PHPUnit\Framework\TestCase->runTest()
#85 E:\HTML CSS JAVASCRIPT\Hms1\Hms1\vendor\phpunit\phpunit\src\Framework\TestRunner\TestRunner.php(87): PHPUnit\Framework\TestCase->runBare()
#86 E:\HTML CSS JAVASCRIPT\Hms1\Hms1\vendor\phpunit\phpunit\src\Framework\TestCase.php(361): PHPUnit\Framework\TestRunner->run(Object(Tests\Feature\Auth\PasswordResetTest))
#87 E:\HTML CSS JAVASCRIPT\Hms1\Hms1\vendor\phpunit\phpunit\src\Framework\TestSuite.php(369): PHPUnit\Framework\TestCase->run()
#88 E:\HTML CSS JAVASCRIPT\Hms1\Hms1\vendor\phpunit\phpunit\src\Framework\TestSuite.php(369): PHPUnit\Framework\TestSuite->run()
#89 E:\HTML CSS JAVASCRIPT\Hms1\Hms1\vendor\phpunit\phpunit\src\Framework\TestSuite.php(369): PHPUnit\Framework\TestSuite->run()
#90 E:\HTML CSS JAVASCRIPT\Hms1\Hms1\vendor\phpunit\phpunit\src\TextUI\TestRunner.php(64): PHPUnit\Framework\TestSuite->run()
#91 E:\HTML CSS JAVASCRIPT\Hms1\Hms1\vendor\phpunit\phpunit\src\TextUI\Application.php(211): PHPUnit\TextUI\TestRunner->run(Object(PHPUnit\TextUI\Configuration\Configuration), Object(PHPUnit\Runner\ResultCache\DefaultResultCache), Object(PHPUnit\Framework\TestSuite))
#92 E:\HTML CSS JAVASCRIPT\Hms1\Hms1\vendor\phpunit\phpunit\phpunit(104): PHPUnit\TextUI\Application->run(Array)
#93 {main}

Next Illuminate\View\ViewException: Attempt to read property "name" on null (View: E:\HTML CSS JAVASCRIPT\Hms1\Hms1\resources\views\partials\doctor_sidebar.blade.php) (View: E:\HTML CSS JAVASCRIPT\Hms1\Hms1\resources\views\partials\doctor_sidebar.blade.php) in E:\HTML CSS JAVASCRIPT\Hms1\Hms1\storage\framework\views\cac295dfd1f092de7f62c9956c61f073.php:49
Stack trace:
#0 E:\HTML CSS JAVASCRIPT\Hms1\Hms1\vendor\laravel\framework\src\Illuminate\View\Engines\PhpEngine.php(59): Illuminate\View\Engines\CompilerEngine->handleViewException(Object(Illuminate\View\ViewException), 2)
#1 E:\HTML CSS JAVASCRIPT\Hms1\Hms1\vendor\laravel\framework\src\Illuminate\View\Engines\CompilerEngine.php(76): Illuminate\View\Engines\PhpEngine->evaluatePath('E:\\HTML CSS JAV...', Array)
#2 E:\HTML CSS JAVASCRIPT\Hms1\Hms1\vendor\laravel\framework\src\Illuminate\View\View.php(208): Illuminate\View\Engines\CompilerEngine->get('E:\\HTML CSS JAV...', Array)
#3 E:\HTML CSS JAVASCRIPT\Hms1\Hms1\vendor\laravel\framework\src\Illuminate\View\View.php(191): Illuminate\View\View->getContents()
#4 E:\HTML CSS JAVASCRIPT\Hms1\Hms1\vendor\laravel\framework\src\Illuminate\View\View.php(160): Illuminate\View\View->renderContents()
#5 E:\HTML CSS JAVASCRIPT\Hms1\Hms1\storage\framework\views\b477ffddc7892b35053a42f5d93bf58d.php(73): Illuminate\View\View->render()
#6 E:\HTML CSS JAVASCRIPT\Hms1\Hms1\vendor\laravel\framework\src\Illuminate\Filesystem\Filesystem.php(123): require('E:\\HTML CSS JAV...')
#7 E:\HTML CSS JAVASCRIPT\Hms1\Hms1\vendor\laravel\framework\src\Illuminate\Filesystem\Filesystem.php(124): Illuminate\Filesystem\Filesystem::Illuminate\Filesystem\{closure}()
#8 E:\HTML CSS JAVASCRIPT\Hms1\Hms1\vendor\laravel\framework\src\Illuminate\View\Engines\PhpEngine.php(57): Illuminate\Filesystem\Filesystem->getRequire('E:\\HTML CSS JAV...', Array)
#9 E:\HTML CSS JAVASCRIPT\Hms1\Hms1\vendor\laravel\framework\src\Illuminate\View\Engines\CompilerEngine.php(76): Illuminate\View\Engines\PhpEngine->evaluatePath('E:\\HTML CSS JAV...', Array)
#10 E:\HTML CSS JAVASCRIPT\Hms1\Hms1\vendor\laravel\framework\src\Illuminate\View\View.php(208): Illuminate\View\Engines\CompilerEngine->get('E:\\HTML CSS JAV...', Array)
#11 E:\HTML CSS JAVASCRIPT\Hms1\Hms1\vendor\laravel\framework\src\Illuminate\View\View.php(191): Illuminate\View\View->getContents()
#12 E:\HTML CSS JAVASCRIPT\Hms1\Hms1\vendor\laravel\framework\src\Illuminate\View\View.php(160): Illuminate\View\View->renderContents()
#13 E:\HTML CSS JAVASCRIPT\Hms1\Hms1\vendor\laravel\framework\src\Illuminate\Http\Response.php(78): Illuminate\View\View->render()
#14 E:\HTML CSS JAVASCRIPT\Hms1\Hms1\vendor\laravel\framework\src\Illuminate\Http\Response.php(34): Illuminate\Http\Response->setContent(Object(Illuminate\View\View))
#15 E:\HTML CSS JAVASCRIPT\Hms1\Hms1\vendor\laravel\framework\src\Illuminate\Routing\Router.php(939): Illuminate\Http\Response->__construct(Object(Illuminate\View\View), 200, Array)
#16 E:\HTML CSS JAVASCRIPT\Hms1\Hms1\vendor\laravel\framework\src\Illuminate\Routing\Router.php(906): Illuminate\Routing\Router::toResponse(Object(Illuminate\Http\Request), Object(Illuminate\View\View))
#17 E:\HTML CSS JAVASCRIPT\Hms1\Hms1\vendor\laravel\framework\src\Illuminate\Routing\Router.php(821): Illuminate\Routing\Router->prepareResponse(Object(Illuminate\Http\Request), Object(Illuminate\View\View))
#18 E:\HTML CSS JAVASCRIPT\Hms1\Hms1\vendor\laravel\framework\src\Illuminate\Pipeline\Pipeline.php(180): Illuminate\Routing\Router->Illuminate\Routing\{closure}(Object(Illuminate\Http\Request))
#19 E:\HTML CSS JAVASCRIPT\Hms1\Hms1\vendor\laravel\framework\src\Illuminate\Auth\Middleware\RedirectIfAuthenticated.php(47): Illuminate\Pipeline\Pipeline->Illuminate\Pipeline\{closure}(Object(Illuminate\Http\Request))
#20 E:\HTML CSS JAVASCRIPT\Hms1\Hms1\vendor\laravel\framework\src\Illuminate\Pipeline\Pipeline.php(219): Illuminate\Auth\Middleware\RedirectIfAuthenticated->handle(Object(Illuminate\Http\Request), Object(Closure))
#21 E:\HTML CSS JAVASCRIPT\Hms1\Hms1\vendor\inertiajs\inertia-laravel\src\Middleware.php(122): Illuminate\Pipeline\Pipeline->Illuminate\Pipeline\{closure}(Object(Illuminate\Http\Request))
#22 E:\HTML CSS JAVASCRIPT\Hms1\Hms1\vendor\laravel\framework\src\Illuminate\Pipeline\Pipeline.php(219): Inertia\Middleware->handle(Object(Illuminate\Http\Request), Object(Closure))
#23 E:\HTML CSS JAVASCRIPT\Hms1\Hms1\vendor\laravel\framework\src\Illuminate\Routing\Middleware\SubstituteBindings.php(50): Illuminate\Pipeline\Pipeline->Illuminate\Pipeline\{closure}(Object(Illuminate\Http\Request))
#24 E:\HTML CSS JAVASCRIPT\Hms1\Hms1\vendor\laravel\framework\src\Illuminate\Pipeline\Pipeline.php(219): Illuminate\Routing\Middleware\SubstituteBindings->handle(Object(Illuminate\Http\Request), Object(Closure))
#25 E:\HTML CSS JAVASCRIPT\Hms1\Hms1\vendor\laravel\framework\src\Illuminate\Foundation\Http\Middleware\VerifyCsrfToken.php(87): Illuminate\Pipeline\Pipeline->Illuminate\Pipeline\{closure}(Object(Illuminate\Http\Request))
#26 E:\HTML CSS JAVASCRIPT\Hms1\Hms1\vendor\laravel\framework\src\Illuminate\Pipeline\Pipeline.php(219): Illuminate\Foundation\Http\Middleware\VerifyCsrfToken->handle(Object(Illuminate\Http\Request), Object(Closure))
#27 E:\HTML CSS JAVASCRIPT\Hms1\Hms1\vendor\laravel\framework\src\Illuminate\View\Middleware\ShareErrorsFromSession.php(48): Illuminate\Pipeline\Pipeline->Illuminate\Pipeline\{closure}(Object(Illuminate\Http\Request))
#28 E:\HTML CSS JAVASCRIPT\Hms1\Hms1\vendor\laravel\framework\src\Illuminate\Pipeline\Pipeline.php(219): Illuminate\View\Middleware\ShareErrorsFromSession->handle(Object(Illuminate\Http\Request), Object(Closure))
#29 E:\HTML CSS JAVASCRIPT\Hms1\Hms1\vendor\laravel\framework\src\Illuminate\Session\Middleware\StartSession.php(120): Illuminate\Pipeline\Pipeline->Illuminate\Pipeline\{closure}(Object(Illuminate\Http\Request))
#30 E:\HTML CSS JAVASCRIPT\Hms1\Hms1\vendor\laravel\framework\src\Illuminate\Session\Middleware\StartSession.php(63): Illuminate\Session\Middleware\StartSession->handleStatefulRequest(Object(Illuminate\Http\Request), Object(Illuminate\Session\Store), Object(Closure))
#31 E:\HTML CSS JAVASCRIPT\Hms1\Hms1\vendor\laravel\framework\src\Illuminate\Pipeline\Pipeline.php(219): Illuminate\Session\Middleware\StartSession->handle(Object(Illuminate\Http\Request), Object(Closure))
#32 E:\HTML CSS JAVASCRIPT\Hms1\Hms1\vendor\laravel\framework\src\Illuminate\Cookie\Middleware\AddQueuedCookiesToResponse.php(36): Illuminate\Pipeline\Pipeline->Illuminate\Pipeline\{closure}(Object(Illuminate\Http\Request))
#33 E:\HTML CSS JAVASCRIPT\Hms1\Hms1\vendor\laravel\framework\src\Illuminate\Pipeline\Pipeline.php(219): Illuminate\Cookie\Middleware\AddQueuedCookiesToResponse->handle(Object(Illuminate\Http\Request), Object(Closure))
#34 E:\HTML CSS JAVASCRIPT\Hms1\Hms1\vendor\laravel\framework\src\Illuminate\Cookie\Middleware\EncryptCookies.php(74): Illuminate\Pipeline\Pipeline->Illuminate\Pipeline\{closure}(Object(Illuminate\Http\Request))
#35 E:\HTML CSS JAVASCRIPT\Hms1\Hms1\vendor\laravel\framework\src\Illuminate\Pipeline\Pipeline.php(219): Illuminate\Cookie\Middleware\EncryptCookies->handle(Object(Illuminate\Http\Request), Object(Closure))
#36 E:\HTML CSS JAVASCRIPT\Hms1\Hms1\vendor\laravel\framework\src\Illuminate\Pipeline\Pipeline.php(137): Illuminate\Pipeline\Pipeline->Illuminate\Pipeline\{closure}(Object(Illuminate\Http\Request))
#37 E:\HTML CSS JAVASCRIPT\Hms1\Hms1\vendor\laravel\framework\src\Illuminate\Routing\Router.php(821): Illuminate\Pipeline\Pipeline->then(Object(Closure))
#38 E:\HTML CSS JAVASCRIPT\Hms1\Hms1\vendor\laravel\framework\src\Illuminate\Routing\Router.php(800): Illuminate\Routing\Router->runRouteWithinStack(Object(Illuminate\Routing\Route), Object(Illuminate\Http\Request))
#39 E:\HTML CSS JAVASCRIPT\Hms1\Hms1\vendor\laravel\framework\src\Illuminate\Routing\Router.php(764): Illuminate\Routing\Router->runRoute(Object(Illuminate\Http\Request), Object(Illuminate\Routing\Route))
#40 E:\HTML CSS JAVASCRIPT\Hms1\Hms1\vendor\laravel\framework\src\Illuminate\Routing\Router.php(753): Illuminate\Routing\Router->dispatchToRoute(Object(Illuminate\Http\Request))
#41 E:\HTML CSS JAVASCRIPT\Hms1\Hms1\vendor\laravel\framework\src\Illuminate\Foundation\Http\Kernel.php(200): Illuminate\Routing\Router->dispatch(Object(Illuminate\Http\Request))
#42 E:\HTML CSS JAVASCRIPT\Hms1\Hms1\vendor\laravel\framework\src\Illuminate\Pipeline\Pipeline.php(180): Illuminate\Foundation\Http\Kernel->Illuminate\Foundation\Http\{closure}(Object(Illuminate\Http\Request))
#43 E:\HTML CSS JAVASCRIPT\Hms1\Hms1\vendor\laravel\framework\src\Illuminate\Foundation\Http\Middleware\TransformsRequest.php(21): Illuminate\Pipeline\Pipeline->Illuminate\Pipeline\{closure}(Object(Illuminate\Http\Request))
#44 E:\HTML CSS JAVASCRIPT\Hms1\Hms1\vendor\laravel\framework\src\Illuminate\Foundation\Http\Middleware\ConvertEmptyStringsToNull.php(31): Illuminate\Foundation\Http\Middleware\TransformsRequest->handle(Object(Illuminate\Http\Request), Object(Closure))
#45 E:\HTML CSS JAVASCRIPT\Hms1\Hms1\vendor\laravel\framework\src\Illuminate\Pipeline\Pipeline.php(219): Illuminate\Foundation\Http\Middleware\ConvertEmptyStringsToNull->handle(Object(Illuminate\Http\Request), Object(Closure))
#46 E:\HTML CSS JAVASCRIPT\Hms1\Hms1\vendor\laravel\framework\src\Illuminate\Foundation\Http\Middleware\TransformsRequest.php(21): Illuminate\Pipeline\Pipeline->Illuminate\Pipeline\{closure}(Object(Illuminate\Http\Request))
#47 E:\HTML CSS JAVASCRIPT\Hms1\Hms1\vendor\laravel\framework\src\Illuminate\Foundation\Http\Middleware\TrimStrings.php(51): Illuminate\Foundation\Http\Middleware\TransformsRequest->handle(Object(Illuminate\Http\Request), Object(Closure))
#48 E:\HTML CSS JAVASCRIPT\Hms1\Hms1\vendor\laravel\framework\src\Illuminate\Pipeline\Pipeline.php(219): Illuminate\Foundation\Http\Middleware\TrimStrings->handle(Object(Illuminate\Http\Request), Object(Closure))
#49 E:\HTML CSS JAVASCRIPT\Hms1\Hms1\vendor\laravel\framework\src\Illuminate\Http\Middleware\ValidatePostSize.php(27): Illuminate\Pipeline\Pipeline->Illuminate\Pipeline\{closure}(Object(Illuminate\Http\Request))
#50 E:\HTML CSS JAVASCRIPT\Hms1\Hms1\vendor\laravel\framework\src\Illuminate\Pipeline\Pipeline.php(219): Illuminate\Http\Middleware\ValidatePostSize->handle(Object(Illuminate\Http\Request), Object(Closure))
#51 E:\HTML CSS JAVASCRIPT\Hms1\Hms1\vendor\laravel\framework\src\Illuminate\Foundation\Http\Middleware\PreventRequestsDuringMaintenance.php(109): Illuminate\Pipeline\Pipeline->Illuminate\Pipeline\{closure}(Object(Illuminate\Http\Request))
#52 E:\HTML CSS JAVASCRIPT\Hms1\Hms1\vendor\laravel\framework\src\Illuminate\Pipeline\Pipeline.php(219): Illuminate\Foundation\Http\Middleware\PreventRequestsDuringMaintenance->handle(Object(Illuminate\Http\Request), Object(Closure))
#53 E:\HTML CSS JAVASCRIPT\Hms1\Hms1\vendor\laravel\framework\src\Illuminate\Http\Middleware\HandleCors.php(61): Illuminate\Pipeline\Pipeline->Illuminate\Pipeline\{closure}(Object(Illuminate\Http\Request))
#54 E:\HTML CSS JAVASCRIPT\Hms1\Hms1\vendor\laravel\framework\src\Illuminate\Pipeline\Pipeline.php(219): Illuminate\Http\Middleware\HandleCors->handle(Object(Illuminate\Http\Request), Object(Closure))
#55 E:\HTML CSS JAVASCRIPT\Hms1\Hms1\vendor\laravel\framework\src\Illuminate\Http\Middleware\TrustProxies.php(58): Illuminate\Pipeline\Pipeline->Illuminate\Pipeline\{closure}(Object(Illuminate\Http\Request))
#56 E:\HTML CSS JAVASCRIPT\Hms1\Hms1\vendor\laravel\framework\src\Illuminate\Pipeline\Pipeline.php(219): Illuminate\Http\Middleware\TrustProxies->handle(Object(Illuminate\Http\Request), Object(Closure))
#57 E:\HTML CSS JAVASCRIPT\Hms1\Hms1\vendor\laravel\framework\src\Illuminate\Foundation\Http\Middleware\InvokeDeferredCallbacks.php(22): Illuminate\Pipeline\Pipeline->Illuminate\Pipeline\{closure}(Object(Illuminate\Http\Request))
#58 E:\HTML CSS JAVASCRIPT\Hms1\Hms1\vendor\laravel\framework\src\Illuminate\Pipeline\Pipeline.php(219): Illuminate\Foundation\Http\Middleware\InvokeDeferredCallbacks->handle(Object(Illuminate\Http\Request), Object(Closure))
#59 E:\HTML CSS JAVASCRIPT\Hms1\Hms1\vendor\laravel\framework\src\Illuminate\Http\Middleware\ValidatePathEncoding.php(26): Illuminate\Pipeline\Pipeline->Illuminate\Pipeline\{closure}(Object(Illuminate\Http\Request))
#60 E:\HTML CSS JAVASCRIPT\Hms1\Hms1\vendor\laravel\framework\src\Illuminate\Pipeline\Pipeline.php(219): Illuminate\Http\Middleware\ValidatePathEncoding->handle(Object(Illuminate\Http\Request), Object(Closure))
#61 E:\HTML CSS JAVASCRIPT\Hms1\Hms1\vendor\laravel\framework\src\Illuminate\Pipeline\Pipeline.php(137): Illuminate\Pipeline\Pipeline->Illuminate\Pipeline\{closure}(Object(Illuminate\Http\Request))
#62 E:\HTML CSS JAVASCRIPT\Hms1\Hms1\vendor\laravel\framework\src\Illuminate\Foundation\Http\Kernel.php(175): Illuminate\Pipeline\Pipeline->then(Object(Closure))
#63 E:\HTML CSS JAVASCRIPT\Hms1\Hms1\vendor\laravel\framework\src\Illuminate\Foundation\Http\Kernel.php(144): Illuminate\Foundation\Http\Kernel->sendRequestThroughRouter(Object(Illuminate\Http\Request))
#64 E:\HTML CSS JAVASCRIPT\Hms1\Hms1\vendor\laravel\framework\src\Illuminate\Foundation\Testing\Concerns\MakesHttpRequests.php(607): Illuminate\Foundation\Http\Kernel->handle(Object(Illuminate\Http\Request))
#65 E:\HTML CSS JAVASCRIPT\Hms1\Hms1\vendor\laravel\framework\src\Illuminate\Foundation\Testing\Concerns\MakesHttpRequests.php(368): Illuminate\Foundation\Testing\TestCase->call('GET', '/reset-password...', Array, Array, Array, Array)
#66 E:\HTML CSS JAVASCRIPT\Hms1\Hms1\tests\Feature\Auth\PasswordResetTest.php(42): Illuminate\Foundation\Testing\TestCase->get('/reset-password...')
#67 E:\HTML CSS JAVASCRIPT\Hms1\Hms1\vendor\laravel\framework\src\Illuminate\Support\Testing\Fakes\NotificationFake.php(261): Tests\Feature\Auth\PasswordResetTest->Tests\Feature\Auth\{closure}(Object(Illuminate\Auth\Notifications\ResetPassword), Array, Object(App\Models\User), NULL)
#68 [internal function]: Illuminate\Support\Testing\Fakes\NotificationFake->Illuminate\Support\Testing\Fakes\{closure}(Array, 0)
#69 E:\HTML CSS JAVASCRIPT\Hms1\Hms1\vendor\laravel\framework\src\Illuminate\Collections\Arr.php(1240): array_filter(Array, Object(Closure), 1)
#70 E:\HTML CSS JAVASCRIPT\Hms1\Hms1\vendor\laravel\framework\src\Illuminate\Collections\Collection.php(415): Illuminate\Support\Arr::where(Array, Object(Closure))
#71 E:\HTML CSS JAVASCRIPT\Hms1\Hms1\vendor\laravel\framework\src\Illuminate\Support\Testing\Fakes\NotificationFake.php(260): Illuminate\Support\Collection->filter(Object(Closure))
#72 E:\HTML CSS JAVASCRIPT\Hms1\Hms1\vendor\laravel\framework\src\Illuminate\Support\Testing\Fakes\NotificationFake.php(90): Illuminate\Support\Testing\Fakes\NotificationFake->sent(Object(App\Models\User), 'Illuminate\\Auth...', Object(Closure))
#73 E:\HTML CSS JAVASCRIPT\Hms1\Hms1\vendor\laravel\framework\src\Illuminate\Support\Facades\Facade.php(363): Illuminate\Support\Testing\Fakes\NotificationFake->assertSentTo(Object(App\Models\User), 'Illuminate\\Auth...', Object(Closure))
#74 E:\HTML CSS JAVASCRIPT\Hms1\Hms1\tests\Feature\Auth\PasswordResetTest.php(41): Illuminate\Support\Facades\Facade::__callStatic('assertSentTo', Array)
#75 E:\HTML CSS JAVASCRIPT\Hms1\Hms1\vendor\phpunit\phpunit\src\Framework\TestCase.php(1657): Tests\Feature\Auth\PasswordResetTest->test_reset_password_screen_can_be_rendered()
#76 E:\HTML CSS JAVASCRIPT\Hms1\Hms1\vendor\phpunit\phpunit\src\Framework\TestCase.php(515): PHPUnit\Framework\TestCase->runTest()
#77 E:\HTML CSS JAVASCRIPT\Hms1\Hms1\vendor\phpunit\phpunit\src\Framework\TestRunner\TestRunner.php(87): PHPUnit\Framework\TestCase->runBare()
#78 E:\HTML CSS JAVASCRIPT\Hms1\Hms1\vendor\phpunit\phpunit\src\Framework\TestCase.php(361): PHPUnit\Framework\TestRunner->run(Object(Tests\Feature\Auth\PasswordResetTest))
#79 E:\HTML CSS JAVASCRIPT\Hms1\Hms1\vendor\phpunit\phpunit\src\Framework\TestSuite.php(369): PHPUnit\Framework\TestCase->run()
#80 E:\HTML CSS JAVASCRIPT\Hms1\Hms1\vendor\phpunit\phpunit\src\Framework\TestSuite.php(369): PHPUnit\Framework\TestSuite->run()
#81 E:\HTML CSS JAVASCRIPT\Hms1\Hms1\vendor\phpunit\phpunit\src\Framework\TestSuite.php(369): PHPUnit\Framework\TestSuite->run()
#82 E:\HTML CSS JAVASCRIPT\Hms1\Hms1\vendor\phpunit\phpunit\src\TextUI\TestRunner.php(64): PHPUnit\Framework\TestSuite->run()
#83 E:\HTML CSS JAVASCRIPT\Hms1\Hms1\vendor\phpunit\phpunit\src\TextUI\Application.php(211): PHPUnit\TextUI\TestRunner->run(Object(PHPUnit\TextUI\Configuration\Configuration), Object(PHPUnit\Runner\ResultCache\DefaultResultCache), Object(PHPUnit\Framework\TestSuite))
#84 E:\HTML CSS JAVASCRIPT\Hms1\Hms1\vendor\phpunit\phpunit\phpunit(104): PHPUnit\TextUI\Application->run(Array)
#85 {main}

Next Illuminate\View\ViewException: Attempt to read property "name" on null (View: E:\HTML CSS JAVASCRIPT\Hms1\Hms1\resources\views\partials\doctor_sidebar.blade.php) (View: E:\HTML CSS JAVASCRIPT\Hms1\Hms1\resources\views\partials\doctor_sidebar.blade.php) (View: E:\HTML CSS JAVASCRIPT\Hms1\Hms1\resources\views\partials\doctor_sidebar.blade.php) in E:\HTML CSS JAVASCRIPT\Hms1\Hms1\storage\framework\views\cac295dfd1f092de7f62c9956c61f073.php:49
Stack trace:
#0 E:\HTML CSS JAVASCRIPT\Hms1\Hms1\vendor\laravel\framework\src\Illuminate\View\Engines\PhpEngine.php(59): Illuminate\View\Engines\CompilerEngine->handleViewException(Object(Illuminate\View\ViewException), 1)
#1 E:\HTML CSS JAVASCRIPT\Hms1\Hms1\vendor\laravel\framework\src\Illuminate\View\Engines\CompilerEngine.php(76): Illuminate\View\Engines\PhpEngine->evaluatePath('E:\\HTML CSS JAV...', Array)
#2 E:\HTML CSS JAVASCRIPT\Hms1\Hms1\vendor\laravel\framework\src\Illuminate\View\View.php(208): Illuminate\View\Engines\CompilerEngine->get('E:\\HTML CSS JAV...', Array)
#3 E:\HTML CSS JAVASCRIPT\Hms1\Hms1\vendor\laravel\framework\src\Illuminate\View\View.php(191): Illuminate\View\View->getContents()
#4 E:\HTML CSS JAVASCRIPT\Hms1\Hms1\vendor\laravel\framework\src\Illuminate\View\View.php(160): Illuminate\View\View->renderContents()
#5 E:\HTML CSS JAVASCRIPT\Hms1\Hms1\vendor\laravel\framework\src\Illuminate\Http\Response.php(78): Illuminate\View\View->render()
#6 E:\HTML CSS JAVASCRIPT\Hms1\Hms1\vendor\laravel\framework\src\Illuminate\Http\Response.php(34): Illuminate\Http\Response->setContent(Object(Illuminate\View\View))
#7 E:\HTML CSS JAVASCRIPT\Hms1\Hms1\vendor\laravel\framework\src\Illuminate\Routing\Router.php(939): Illuminate\Http\Response->__construct(Object(Illuminate\View\View), 200, Array)
#8 E:\HTML CSS JAVASCRIPT\Hms1\Hms1\vendor\laravel\framework\src\Illuminate\Routing\Router.php(906): Illuminate\Routing\Router::toResponse(Object(Illuminate\Http\Request), Object(Illuminate\View\View))
#9 E:\HTML CSS JAVASCRIPT\Hms1\Hms1\vendor\laravel\framework\src\Illuminate\Routing\Router.php(821): Illuminate\Routing\Router->prepareResponse(Object(Illuminate\Http\Request), Object(Illuminate\View\View))
#10 E:\HTML CSS JAVASCRIPT\Hms1\Hms1\vendor\laravel\framework\src\Illuminate\Pipeline\Pipeline.php(180): Illuminate\Routing\Router->Illuminate\Routing\{closure}(Object(Illuminate\Http\Request))
#11 E:\HTML CSS JAVASCRIPT\Hms1\Hms1\vendor\laravel\framework\src\Illuminate\Auth\Middleware\RedirectIfAuthenticated.php(47): Illuminate\Pipeline\Pipeline->Illuminate\Pipeline\{closure}(Object(Illuminate\Http\Request))
#12 E:\HTML CSS JAVASCRIPT\Hms1\Hms1\vendor\laravel\framework\src\Illuminate\Pipeline\Pipeline.php(219): Illuminate\Auth\Middleware\RedirectIfAuthenticated->handle(Object(Illuminate\Http\Request), Object(Closure))
#13 E:\HTML CSS JAVASCRIPT\Hms1\Hms1\vendor\inertiajs\inertia-laravel\src\Middleware.php(122): Illuminate\Pipeline\Pipeline->Illuminate\Pipeline\{closure}(Object(Illuminate\Http\Request))
#14 E:\HTML CSS JAVASCRIPT\Hms1\Hms1\vendor\laravel\framework\src\Illuminate\Pipeline\Pipeline.php(219): Inertia\Middleware->handle(Object(Illuminate\Http\Request), Object(Closure))
#15 E:\HTML CSS JAVASCRIPT\Hms1\Hms1\vendor\laravel\framework\src\Illuminate\Routing\Middleware\SubstituteBindings.php(50): Illuminate\Pipeline\Pipeline->Illuminate\Pipeline\{closure}(Object(Illuminate\Http\Request))
#16 E:\HTML CSS JAVASCRIPT\Hms1\Hms1\vendor\laravel\framework\src\Illuminate\Pipeline\Pipeline.php(219): Illuminate\Routing\Middleware\SubstituteBindings->handle(Object(Illuminate\Http\Request), Object(Closure))
#17 E:\HTML CSS JAVASCRIPT\Hms1\Hms1\vendor\laravel\framework\src\Illuminate\Foundation\Http\Middleware\VerifyCsrfToken.php(87): Illuminate\Pipeline\Pipeline->Illuminate\Pipeline\{closure}(Object(Illuminate\Http\Request))
#18 E:\HTML CSS JAVASCRIPT\Hms1\Hms1\vendor\laravel\framework\src\Illuminate\Pipeline\Pipeline.php(219): Illuminate\Foundation\Http\Middleware\VerifyCsrfToken->handle(Object(Illuminate\Http\Request), Object(Closure))
#19 E:\HTML CSS JAVASCRIPT\Hms1\Hms1\vendor\laravel\framework\src\Illuminate\View\Middleware\ShareErrorsFromSession.php(48): Illuminate\Pipeline\Pipeline->Illuminate\Pipeline\{closure}(Object(Illuminate\Http\Request))
#20 E:\HTML CSS JAVASCRIPT\Hms1\Hms1\vendor\laravel\framework\src\Illuminate\Pipeline\Pipeline.php(219): Illuminate\View\Middleware\ShareErrorsFromSession->handle(Object(Illuminate\Http\Request), Object(Closure))
#21 E:\HTML CSS JAVASCRIPT\Hms1\Hms1\vendor\laravel\framework\src\Illuminate\Session\Middleware\StartSession.php(120): Illuminate\Pipeline\Pipeline->Illuminate\Pipeline\{closure}(Object(Illuminate\Http\Request))
#22 E:\HTML CSS JAVASCRIPT\Hms1\Hms1\vendor\laravel\framework\src\Illuminate\Session\Middleware\StartSession.php(63): Illuminate\Session\Middleware\StartSession->handleStatefulRequest(Object(Illuminate\Http\Request), Object(Illuminate\Session\Store), Object(Closure))
#23 E:\HTML CSS JAVASCRIPT\Hms1\Hms1\vendor\laravel\framework\src\Illuminate\Pipeline\Pipeline.php(219): Illuminate\Session\Middleware\StartSession->handle(Object(Illuminate\Http\Request), Object(Closure))
#24 E:\HTML CSS JAVASCRIPT\Hms1\Hms1\vendor\laravel\framework\src\Illuminate\Cookie\Middleware\AddQueuedCookiesToResponse.php(36): Illuminate\Pipeline\Pipeline->Illuminate\Pipeline\{closure}(Object(Illuminate\Http\Request))
#25 E:\HTML CSS JAVASCRIPT\Hms1\Hms1\vendor\laravel\framework\src\Illuminate\Pipeline\Pipeline.php(219): Illuminate\Cookie\Middleware\AddQueuedCookiesToResponse->handle(Object(Illuminate\Http\Request), Object(Closure))
#26 E:\HTML CSS JAVASCRIPT\Hms1\Hms1\vendor\laravel\framework\src\Illuminate\Cookie\Middleware\EncryptCookies.php(74): Illuminate\Pipeline\Pipeline->Illuminate\Pipeline\{closure}(Object(Illuminate\Http\Request))
#27 E:\HTML CSS JAVASCRIPT\Hms1\Hms1\vendor\laravel\framework\src\Illuminate\Pipeline\Pipeline.php(219): Illuminate\Cookie\Middleware\EncryptCookies->handle(Object(Illuminate\Http\Request), Object(Closure))
#28 E:\HTML CSS JAVASCRIPT\Hms1\Hms1\vendor\laravel\framework\src\Illuminate\Pipeline\Pipeline.php(137): Illuminate\Pipeline\Pipeline->Illuminate\Pipeline\{closure}(Object(Illuminate\Http\Request))
#29 E:\HTML CSS JAVASCRIPT\Hms1\Hms1\vendor\laravel\framework\src\Illuminate\Routing\Router.php(821): Illuminate\Pipeline\Pipeline->then(Object(Closure))
#30 E:\HTML CSS JAVASCRIPT\Hms1\Hms1\vendor\laravel\framework\src\Illuminate\Routing\Router.php(800): Illuminate\Routing\Router->runRouteWithinStack(Object(Illuminate\Routing\Route), Object(Illuminate\Http\Request))
#31 E:\HTML CSS JAVASCRIPT\Hms1\Hms1\vendor\laravel\framework\src\Illuminate\Routing\Router.php(764): Illuminate\Routing\Router->runRoute(Object(Illuminate\Http\Request), Object(Illuminate\Routing\Route))
#32 E:\HTML CSS JAVASCRIPT\Hms1\Hms1\vendor\laravel\framework\src\Illuminate\Routing\Router.php(753): Illuminate\Routing\Router->dispatchToRoute(Object(Illuminate\Http\Request))
#33 E:\HTML CSS JAVASCRIPT\Hms1\Hms1\vendor\laravel\framework\src\Illuminate\Foundation\Http\Kernel.php(200): Illuminate\Routing\Router->dispatch(Object(Illuminate\Http\Request))
#34 E:\HTML CSS JAVASCRIPT\Hms1\Hms1\vendor\laravel\framework\src\Illuminate\Pipeline\Pipeline.php(180): Illuminate\Foundation\Http\Kernel->Illuminate\Foundation\Http\{closure}(Object(Illuminate\Http\Request))
#35 E:\HTML CSS JAVASCRIPT\Hms1\Hms1\vendor\laravel\framework\src\Illuminate\Foundation\Http\Middleware\TransformsRequest.php(21): Illuminate\Pipeline\Pipeline->Illuminate\Pipeline\{closure}(Object(Illuminate\Http\Request))
#36 E:\HTML CSS JAVASCRIPT\Hms1\Hms1\vendor\laravel\framework\src\Illuminate\Foundation\Http\Middleware\ConvertEmptyStringsToNull.php(31): Illuminate\Foundation\Http\Middleware\TransformsRequest->handle(Object(Illuminate\Http\Request), Object(Closure))
#37 E:\HTML CSS JAVASCRIPT\Hms1\Hms1\vendor\laravel\framework\src\Illuminate\Pipeline\Pipeline.php(219): Illuminate\Foundation\Http\Middleware\ConvertEmptyStringsToNull->handle(Object(Illuminate\Http\Request), Object(Closure))
#38 E:\HTML CSS JAVASCRIPT\Hms1\Hms1\vendor\laravel\framework\src\Illuminate\Foundation\Http\Middleware\TransformsRequest.php(21): Illuminate\Pipeline\Pipeline->Illuminate\Pipeline\{closure}(Object(Illuminate\Http\Request))
#39 E:\HTML CSS JAVASCRIPT\Hms1\Hms1\vendor\laravel\framework\src\Illuminate\Foundation\Http\Middleware\TrimStrings.php(51): Illuminate\Foundation\Http\Middleware\TransformsRequest->handle(Object(Illuminate\Http\Request), Object(Closure))
#40 E:\HTML CSS JAVASCRIPT\Hms1\Hms1\vendor\laravel\framework\src\Illuminate\Pipeline\Pipeline.php(219): Illuminate\Foundation\Http\Middleware\TrimStrings->handle(Object(Illuminate\Http\Request), Object(Closure))
#41 E:\HTML CSS JAVASCRIPT\Hms1\Hms1\vendor\laravel\framework\src\Illuminate\Http\Middleware\ValidatePostSize.php(27): Illuminate\Pipeline\Pipeline->Illuminate\Pipeline\{closure}(Object(Illuminate\Http\Request))
#42 E:\HTML CSS JAVASCRIPT\Hms1\Hms1\vendor\laravel\framework\src\Illuminate\Pipeline\Pipeline.php(219): Illuminate\Http\Middleware\ValidatePostSize->handle(Object(Illuminate\Http\Request), Object(Closure))
#43 E:\HTML CSS JAVASCRIPT\Hms1\Hms1\vendor\laravel\framework\src\Illuminate\Foundation\Http\Middleware\PreventRequestsDuringMaintenance.php(109): Illuminate\Pipeline\Pipeline->Illuminate\Pipeline\{closure}(Object(Illuminate\Http\Request))
#44 E:\HTML CSS JAVASCRIPT\Hms1\Hms1\vendor\laravel\framework\src\Illuminate\Pipeline\Pipeline.php(219): Illuminate\Foundation\Http\Middleware\PreventRequestsDuringMaintenance->handle(Object(Illuminate\Http\Request), Object(Closure))
#45 E:\HTML CSS JAVASCRIPT\Hms1\Hms1\vendor\laravel\framework\src\Illuminate\Http\Middleware\HandleCors.php(61): Illuminate\Pipeline\Pipeline->Illuminate\Pipeline\{closure}(Object(Illuminate\Http\Request))
#46 E:\HTML CSS JAVASCRIPT\Hms1\Hms1\vendor\laravel\framework\src\Illuminate\Pipeline\Pipeline.php(219): Illuminate\Http\Middleware\HandleCors->handle(Object(Illuminate\Http\Request), Object(Closure))
#47 E:\HTML CSS JAVASCRIPT\Hms1\Hms1\vendor\laravel\framework\src\Illuminate\Http\Middleware\TrustProxies.php(58): Illuminate\Pipeline\Pipeline->Illuminate\Pipeline\{closure}(Object(Illuminate\Http\Request))
#48 E:\HTML CSS JAVASCRIPT\Hms1\Hms1\vendor\laravel\framework\src\Illuminate\Pipeline\Pipeline.php(219): Illuminate\Http\Middleware\TrustProxies->handle(Object(Illuminate\Http\Request), Object(Closure))
#49 E:\HTML CSS JAVASCRIPT\Hms1\Hms1\vendor\laravel\framework\src\Illuminate\Foundation\Http\Middleware\InvokeDeferredCallbacks.php(22): Illuminate\Pipeline\Pipeline->Illuminate\Pipeline\{closure}(Object(Illuminate\Http\Request))
#50 E:\HTML CSS JAVASCRIPT\Hms1\Hms1\vendor\laravel\framework\src\Illuminate\Pipeline\Pipeline.php(219): Illuminate\Foundation\Http\Middleware\InvokeDeferredCallbacks->handle(Object(Illuminate\Http\Request), Object(Closure))
#51 E:\HTML CSS JAVASCRIPT\Hms1\Hms1\vendor\laravel\framework\src\Illuminate\Http\Middleware\ValidatePathEncoding.php(26): Illuminate\Pipeline\Pipeline->Illuminate\Pipeline\{closure}(Object(Illuminate\Http\Request))
#52 E:\HTML CSS JAVASCRIPT\Hms1\Hms1\vendor\laravel\framework\src\Illuminate\Pipeline\Pipeline.php(219): Illuminate\Http\Middleware\ValidatePathEncoding->handle(Object(Illuminate\Http\Request), Object(Closure))
#53 E:\HTML CSS JAVASCRIPT\Hms1\Hms1\vendor\laravel\framework\src\Illuminate\Pipeline\Pipeline.php(137): Illuminate\Pipeline\Pipeline->Illuminate\Pipeline\{closure}(Object(Illuminate\Http\Request))
#54 E:\HTML CSS JAVASCRIPT\Hms1\Hms1\vendor\laravel\framework\src\Illuminate\Foundation\Http\Kernel.php(175): Illuminate\Pipeline\Pipeline->then(Object(Closure))
#55 E:\HTML CSS JAVASCRIPT\Hms1\Hms1\vendor\laravel\framework\src\Illuminate\Foundation\Http\Kernel.php(144): Illuminate\Foundation\Http\Kernel->sendRequestThroughRouter(Object(Illuminate\Http\Request))
#56 E:\HTML CSS JAVASCRIPT\Hms1\Hms1\vendor\laravel\framework\src\Illuminate\Foundation\Testing\Concerns\MakesHttpRequests.php(607): Illuminate\Foundation\Http\Kernel->handle(Object(Illuminate\Http\Request))
#57 E:\HTML CSS JAVASCRIPT\Hms1\Hms1\vendor\laravel\framework\src\Illuminate\Foundation\Testing\Concerns\MakesHttpRequests.php(368): Illuminate\Foundation\Testing\TestCase->call('GET', '/reset-password...', Array, Array, Array, Array)
#58 E:\HTML CSS JAVASCRIPT\Hms1\Hms1\tests\Feature\Auth\PasswordResetTest.php(42): Illuminate\Foundation\Testing\TestCase->get('/reset-password...')
#59 E:\HTML CSS JAVASCRIPT\Hms1\Hms1\vendor\laravel\framework\src\Illuminate\Support\Testing\Fakes\NotificationFake.php(261): Tests\Feature\Auth\PasswordResetTest->Tests\Feature\Auth\{closure}(Object(Illuminate\Auth\Notifications\ResetPassword), Array, Object(App\Models\User), NULL)
#60 [internal function]: Illuminate\Support\Testing\Fakes\NotificationFake->Illuminate\Support\Testing\Fakes\{closure}(Array, 0)
#61 E:\HTML CSS JAVASCRIPT\Hms1\Hms1\vendor\laravel\framework\src\Illuminate\Collections\Arr.php(1240): array_filter(Array, Object(Closure), 1)
#62 E:\HTML CSS JAVASCRIPT\Hms1\Hms1\vendor\laravel\framework\src\Illuminate\Collections\Collection.php(415): Illuminate\Support\Arr::where(Array, Object(Closure))
#63 E:\HTML CSS JAVASCRIPT\Hms1\Hms1\vendor\laravel\framework\src\Illuminate\Support\Testing\Fakes\NotificationFake.php(260): Illuminate\Support\Collection->filter(Object(Closure))
#64 E:\HTML CSS JAVASCRIPT\Hms1\Hms1\vendor\laravel\framework\src\Illuminate\Support\Testing\Fakes\NotificationFake.php(90): Illuminate\Support\Testing\Fakes\NotificationFake->sent(Object(App\Models\User), 'Illuminate\\Auth...', Object(Closure))
#65 E:\HTML CSS JAVASCRIPT\Hms1\Hms1\vendor\laravel\framework\src\Illuminate\Support\Facades\Facade.php(363): Illuminate\Support\Testing\Fakes\NotificationFake->assertSentTo(Object(App\Models\User), 'Illuminate\\Auth...', Object(Closure))
#66 E:\HTML CSS JAVASCRIPT\Hms1\Hms1\tests\Feature\Auth\PasswordResetTest.php(41): Illuminate\Support\Facades\Facade::__callStatic('assertSentTo', Array)
#67 E:\HTML CSS JAVASCRIPT\Hms1\Hms1\vendor\phpunit\phpunit\src\Framework\TestCase.php(1657): Tests\Feature\Auth\PasswordResetTest->test_reset_password_screen_can_be_rendered()
#68 E:\HTML CSS JAVASCRIPT\Hms1\Hms1\vendor\phpunit\phpunit\src\Framework\TestCase.php(515): PHPUnit\Framework\TestCase->runTest()
#69 E:\HTML CSS JAVASCRIPT\Hms1\Hms1\vendor\phpunit\phpunit\src\Framework\TestRunner\TestRunner.php(87): PHPUnit\Framework\TestCase->runBare()
#70 E:\HTML CSS JAVASCRIPT\Hms1\Hms1\vendor\phpunit\phpunit\src\Framework\TestCase.php(361): PHPUnit\Framework\TestRunner->run(Object(Tests\Feature\Auth\PasswordResetTest))
#71 E:\HTML CSS JAVASCRIPT\Hms1\Hms1\vendor\phpunit\phpunit\src\Framework\TestSuite.php(369): PHPUnit\Framework\TestCase->run()
#72 E:\HTML CSS JAVASCRIPT\Hms1\Hms1\vendor\phpunit\phpunit\src\Framework\TestSuite.php(369): PHPUnit\Framework\TestSuite->run()
#73 E:\HTML CSS JAVASCRIPT\Hms1\Hms1\vendor\phpunit\phpunit\src\Framework\TestSuite.php(369): PHPUnit\Framework\TestSuite->run()
#74 E:\HTML CSS JAVASCRIPT\Hms1\Hms1\vendor\phpunit\phpunit\src\TextUI\TestRunner.php(64): PHPUnit\Framework\TestSuite->run()
#75 E:\HTML CSS JAVASCRIPT\Hms1\Hms1\vendor\phpunit\phpunit\src\TextUI\Application.php(211): PHPUnit\TextUI\TestRunner->run(Object(PHPUnit\TextUI\Configuration\Configuration), Object(PHPUnit\Runner\ResultCache\DefaultResultCache), Object(PHPUnit\Framework\TestSuite))
#76 E:\HTML CSS JAVASCRIPT\Hms1\Hms1\vendor\phpunit\phpunit\phpunit(104): PHPUnit\TextUI\Application->run(Array)
#77 {main}

----------------------------------------------------------------------------------

Attempt to read property "name" on null (View: E:\HTML CSS JAVASCRIPT\Hms1\Hms1\resources\views\partials\doctor_sidebar.blade.php) (View: E:\HTML CSS JAVASCRIPT\Hms1\Hms1\resources\views\partials\doctor_sidebar.blade.php) (View: E:\HTML CSS JAVASCRIPT\Hms1\Hms1\resources\views\partials\doctor_sidebar.blade.php)

  at tests\Feature\Auth\PasswordResetTest.php:44
     40Γûò 
     41Γûò         Notification::assertSentTo($user, ResetPassword::class, function ($notification) {
     42Γûò             $response = $this->get('/reset-password/'.$notification->token);
     43Γûò 
  Γ₧£  44Γûò             $response->assertStatus(200);
     45Γûò 
     46Γûò             return true;
     47Γûò         });
     48Γûò     }

  1   vendor\laravel\framework\src\Illuminate\Support\Testing\Fakes\NotificationFake.php:261
  2   vendor\laravel\framework\src\Illuminate\Collections\Arr.php:1240

  ΓöÇΓöÇΓöÇΓöÇΓöÇΓöÇΓöÇΓöÇΓöÇΓöÇΓöÇΓöÇΓöÇΓöÇΓöÇΓöÇΓöÇΓöÇΓöÇΓöÇΓöÇΓöÇΓöÇΓöÇΓöÇΓöÇΓöÇΓöÇΓöÇΓöÇΓöÇΓöÇΓöÇΓöÇΓöÇΓöÇΓöÇΓöÇΓöÇΓöÇΓöÇΓöÇΓöÇΓöÇΓöÇΓöÇΓöÇΓöÇΓöÇΓöÇΓöÇΓöÇΓöÇΓöÇΓöÇΓöÇΓöÇΓöÇΓöÇΓöÇΓöÇΓöÇΓöÇΓöÇΓöÇΓöÇΓöÇΓöÇΓöÇΓöÇΓöÇΓöÇΓöÇΓöÇΓöÇΓöÇ  
   FAILED  Tests\Feature\Auth\RegistrationTest > registration screen can beΓÇª    
  Expected response status code [200] but received 500.
Failed asserting that 500 is identical to 200.

The following exception occurred during the last request:

ErrorException: Attempt to read property "name" on null in E:\HTML CSS JAVASCRIPT\Hms1\Hms1\storage\framework\views\cac295dfd1f092de7f62c9956c61f073.php:49
Stack trace:
#0 E:\HTML CSS JAVASCRIPT\Hms1\Hms1\vendor\laravel\framework\src\Illuminate\Foundation\Bootstrap\HandleExceptions.php(258): Illuminate\Foundation\Bootstrap\HandleExceptions->handleError(2, 'Attempt to read...', 'E:\\HTML CSS JAV...', 49)
#1 E:\HTML CSS JAVASCRIPT\Hms1\Hms1\storage\framework\views\cac295dfd1f092de7f62c9956c61f073.php(49): Illuminate\Foundation\Bootstrap\HandleExceptions->Illuminate\Foundation\Bootstrap\{closure}(2, 'Attempt to read...', 'E:\\HTML CSS JAV...', 49)
#2 E:\HTML CSS JAVASCRIPT\Hms1\Hms1\vendor\laravel\framework\src\Illuminate\Filesystem\Filesystem.php(123): require('E:\\HTML CSS JAV...')
#3 E:\HTML CSS JAVASCRIPT\Hms1\Hms1\vendor\laravel\framework\src\Illuminate\Filesystem\Filesystem.php(124): Illuminate\Filesystem\Filesystem::Illuminate\Filesystem\{closure}()
#4 E:\HTML CSS JAVASCRIPT\Hms1\Hms1\vendor\laravel\framework\src\Illuminate\View\Engines\PhpEngine.php(57): Illuminate\Filesystem\Filesystem->getRequire('E:\\HTML CSS JAV...', Array)
#5 E:\HTML CSS JAVASCRIPT\Hms1\Hms1\vendor\laravel\framework\src\Illuminate\View\Engines\CompilerEngine.php(76): Illuminate\View\Engines\PhpEngine->evaluatePath('E:\\HTML CSS JAV...', Array)
#6 E:\HTML CSS JAVASCRIPT\Hms1\Hms1\vendor\laravel\framework\src\Illuminate\View\View.php(208): Illuminate\View\Engines\CompilerEngine->get('E:\\HTML CSS JAV...', Array)
#7 E:\HTML CSS JAVASCRIPT\Hms1\Hms1\vendor\laravel\framework\src\Illuminate\View\View.php(191): Illuminate\View\View->getContents()
#8 E:\HTML CSS JAVASCRIPT\Hms1\Hms1\vendor\laravel\framework\src\Illuminate\View\View.php(160): Illuminate\View\View->renderContents()
#9 E:\HTML CSS JAVASCRIPT\Hms1\Hms1\storage\framework\views\f7ee822f17254862797ae751fa629a7d.php(16): Illuminate\View\View->render()
#10 E:\HTML CSS JAVASCRIPT\Hms1\Hms1\vendor\laravel\framework\src\Illuminate\Filesystem\Filesystem.php(123): require('E:\\HTML CSS JAV...')
#11 E:\HTML CSS JAVASCRIPT\Hms1\Hms1\vendor\laravel\framework\src\Illuminate\Filesystem\Filesystem.php(124): Illuminate\Filesystem\Filesystem::Illuminate\Filesystem\{closure}()
#12 E:\HTML CSS JAVASCRIPT\Hms1\Hms1\vendor\laravel\framework\src\Illuminate\View\Engines\PhpEngine.php(57): Illuminate\Filesystem\Filesystem->getRequire('E:\\HTML CSS JAV...', Array)
#13 E:\HTML CSS JAVASCRIPT\Hms1\Hms1\vendor\laravel\framework\src\Illuminate\View\Engines\CompilerEngine.php(76): Illuminate\View\Engines\PhpEngine->evaluatePath('E:\\HTML CSS JAV...', Array)
#14 E:\HTML CSS JAVASCRIPT\Hms1\Hms1\vendor\laravel\framework\src\Illuminate\View\View.php(208): Illuminate\View\Engines\CompilerEngine->get('E:\\HTML CSS JAV...', Array)
#15 E:\HTML CSS JAVASCRIPT\Hms1\Hms1\vendor\laravel\framework\src\Illuminate\View\View.php(191): Illuminate\View\View->getContents()
#16 E:\HTML CSS JAVASCRIPT\Hms1\Hms1\vendor\laravel\framework\src\Illuminate\View\View.php(160): Illuminate\View\View->renderContents()
#17 E:\HTML CSS JAVASCRIPT\Hms1\Hms1\storage\framework\views\7b60ca7641deb3a646a1463159aeddde.php(446): Illuminate\View\View->render()
#18 E:\HTML CSS JAVASCRIPT\Hms1\Hms1\vendor\laravel\framework\src\Illuminate\Filesystem\Filesystem.php(123): require('E:\\HTML CSS JAV...')
#19 E:\HTML CSS JAVASCRIPT\Hms1\Hms1\vendor\laravel\framework\src\Illuminate\Filesystem\Filesystem.php(124): Illuminate\Filesystem\Filesystem::Illuminate\Filesystem\{closure}()
#20 E:\HTML CSS JAVASCRIPT\Hms1\Hms1\vendor\laravel\framework\src\Illuminate\View\Engines\PhpEngine.php(57): Illuminate\Filesystem\Filesystem->getRequire('E:\\HTML CSS JAV...', Array)
#21 E:\HTML CSS JAVASCRIPT\Hms1\Hms1\vendor\laravel\framework\src\Illuminate\View\Engines\CompilerEngine.php(76): Illuminate\View\Engines\PhpEngine->evaluatePath('E:\\HTML CSS JAV...', Array)
#22 E:\HTML CSS JAVASCRIPT\Hms1\Hms1\vendor\laravel\framework\src\Illuminate\View\View.php(208): Illuminate\View\Engines\CompilerEngine->get('E:\\HTML CSS JAV...', Array)
#23 E:\HTML CSS JAVASCRIPT\Hms1\Hms1\vendor\laravel\framework\src\Illuminate\View\View.php(191): Illuminate\View\View->getContents()
#24 E:\HTML CSS JAVASCRIPT\Hms1\Hms1\vendor\laravel\framework\src\Illuminate\View\View.php(160): Illuminate\View\View->renderContents()
#25 E:\HTML CSS JAVASCRIPT\Hms1\Hms1\vendor\laravel\framework\src\Illuminate\Http\Response.php(78): Illuminate\View\View->render()
#26 E:\HTML CSS JAVASCRIPT\Hms1\Hms1\vendor\laravel\framework\src\Illuminate\Http\Response.php(34): Illuminate\Http\Response->setContent(Object(Illuminate\View\View))
#27 E:\HTML CSS JAVASCRIPT\Hms1\Hms1\vendor\laravel\framework\src\Illuminate\Routing\Router.php(939): Illuminate\Http\Response->__construct(Object(Illuminate\View\View), 200, Array)
#28 E:\HTML CSS JAVASCRIPT\Hms1\Hms1\vendor\laravel\framework\src\Illuminate\Routing\Router.php(906): Illuminate\Routing\Router::toResponse(Object(Illuminate\Http\Request), Object(Illuminate\View\View))
#29 E:\HTML CSS JAVASCRIPT\Hms1\Hms1\vendor\laravel\framework\src\Illuminate\Routing\Router.php(821): Illuminate\Routing\Router->prepareResponse(Object(Illuminate\Http\Request), Object(Illuminate\View\View))
#30 E:\HTML CSS JAVASCRIPT\Hms1\Hms1\vendor\laravel\framework\src\Illuminate\Pipeline\Pipeline.php(180): Illuminate\Routing\Router->Illuminate\Routing\{closure}(Object(Illuminate\Http\Request))
#31 E:\HTML CSS JAVASCRIPT\Hms1\Hms1\vendor\laravel\framework\src\Illuminate\Auth\Middleware\RedirectIfAuthenticated.php(47): Illuminate\Pipeline\Pipeline->Illuminate\Pipeline\{closure}(Object(Illuminate\Http\Request))
#32 E:\HTML CSS JAVASCRIPT\Hms1\Hms1\vendor\laravel\framework\src\Illuminate\Pipeline\Pipeline.php(219): Illuminate\Auth\Middleware\RedirectIfAuthenticated->handle(Object(Illuminate\Http\Request), Object(Closure))
#33 E:\HTML CSS JAVASCRIPT\Hms1\Hms1\vendor\inertiajs\inertia-laravel\src\Middleware.php(122): Illuminate\Pipeline\Pipeline->Illuminate\Pipeline\{closure}(Object(Illuminate\Http\Request))
#34 E:\HTML CSS JAVASCRIPT\Hms1\Hms1\vendor\laravel\framework\src\Illuminate\Pipeline\Pipeline.php(219): Inertia\Middleware->handle(Object(Illuminate\Http\Request), Object(Closure))
#35 E:\HTML CSS JAVASCRIPT\Hms1\Hms1\vendor\laravel\framework\src\Illuminate\Routing\Middleware\SubstituteBindings.php(50): Illuminate\Pipeline\Pipeline->Illuminate\Pipeline\{closure}(Object(Illuminate\Http\Request))
#36 E:\HTML CSS JAVASCRIPT\Hms1\Hms1\vendor\laravel\framework\src\Illuminate\Pipeline\Pipeline.php(219): Illuminate\Routing\Middleware\SubstituteBindings->handle(Object(Illuminate\Http\Request), Object(Closure))
#37 E:\HTML CSS JAVASCRIPT\Hms1\Hms1\vendor\laravel\framework\src\Illuminate\Foundation\Http\Middleware\VerifyCsrfToken.php(87): Illuminate\Pipeline\Pipeline->Illuminate\Pipeline\{closure}(Object(Illuminate\Http\Request))
#38 E:\HTML CSS JAVASCRIPT\Hms1\Hms1\vendor\laravel\framework\src\Illuminate\Pipeline\Pipeline.php(219): Illuminate\Foundation\Http\Middleware\VerifyCsrfToken->handle(Object(Illuminate\Http\Request), Object(Closure))
#39 E:\HTML CSS JAVASCRIPT\Hms1\Hms1\vendor\laravel\framework\src\Illuminate\View\Middleware\ShareErrorsFromSession.php(48): Illuminate\Pipeline\Pipeline->Illuminate\Pipeline\{closure}(Object(Illuminate\Http\Request))
#40 E:\HTML CSS JAVASCRIPT\Hms1\Hms1\vendor\laravel\framework\src\Illuminate\Pipeline\Pipeline.php(219): Illuminate\View\Middleware\ShareErrorsFromSession->handle(Object(Illuminate\Http\Request), Object(Closure))
#41 E:\HTML CSS JAVASCRIPT\Hms1\Hms1\vendor\laravel\framework\src\Illuminate\Session\Middleware\StartSession.php(120): Illuminate\Pipeline\Pipeline->Illuminate\Pipeline\{closure}(Object(Illuminate\Http\Request))
#42 E:\HTML CSS JAVASCRIPT\Hms1\Hms1\vendor\laravel\framework\src\Illuminate\Session\Middleware\StartSession.php(63): Illuminate\Session\Middleware\StartSession->handleStatefulRequest(Object(Illuminate\Http\Request), Object(Illuminate\Session\Store), Object(Closure))
#43 E:\HTML CSS JAVASCRIPT\Hms1\Hms1\vendor\laravel\framework\src\Illuminate\Pipeline\Pipeline.php(219): Illuminate\Session\Middleware\StartSession->handle(Object(Illuminate\Http\Request), Object(Closure))
#44 E:\HTML CSS JAVASCRIPT\Hms1\Hms1\vendor\laravel\framework\src\Illuminate\Cookie\Middleware\AddQueuedCookiesToResponse.php(36): Illuminate\Pipeline\Pipeline->Illuminate\Pipeline\{closure}(Object(Illuminate\Http\Request))
#45 E:\HTML CSS JAVASCRIPT\Hms1\Hms1\vendor\laravel\framework\src\Illuminate\Pipeline\Pipeline.php(219): Illuminate\Cookie\Middleware\AddQueuedCookiesToResponse->handle(Object(Illuminate\Http\Request), Object(Closure))
#46 E:\HTML CSS JAVASCRIPT\Hms1\Hms1\vendor\laravel\framework\src\Illuminate\Cookie\Middleware\EncryptCookies.php(74): Illuminate\Pipeline\Pipeline->Illuminate\Pipeline\{closure}(Object(Illuminate\Http\Request))
#47 E:\HTML CSS JAVASCRIPT\Hms1\Hms1\vendor\laravel\framework\src\Illuminate\Pipeline\Pipeline.php(219): Illuminate\Cookie\Middleware\EncryptCookies->handle(Object(Illuminate\Http\Request), Object(Closure))
#48 E:\HTML CSS JAVASCRIPT\Hms1\Hms1\vendor\laravel\framework\src\Illuminate\Pipeline\Pipeline.php(137): Illuminate\Pipeline\Pipeline->Illuminate\Pipeline\{closure}(Object(Illuminate\Http\Request))
#49 E:\HTML CSS JAVASCRIPT\Hms1\Hms1\vendor\laravel\framework\src\Illuminate\Routing\Router.php(821): Illuminate\Pipeline\Pipeline->then(Object(Closure))
#50 E:\HTML CSS JAVASCRIPT\Hms1\Hms1\vendor\laravel\framework\src\Illuminate\Routing\Router.php(800): Illuminate\Routing\Router->runRouteWithinStack(Object(Illuminate\Routing\Route), Object(Illuminate\Http\Request))
#51 E:\HTML CSS JAVASCRIPT\Hms1\Hms1\vendor\laravel\framework\src\Illuminate\Routing\Router.php(764): Illuminate\Routing\Router->runRoute(Object(Illuminate\Http\Request), Object(Illuminate\Routing\Route))
#52 E:\HTML CSS JAVASCRIPT\Hms1\Hms1\vendor\laravel\framework\src\Illuminate\Routing\Router.php(753): Illuminate\Routing\Router->dispatchToRoute(Object(Illuminate\Http\Request))
#53 E:\HTML CSS JAVASCRIPT\Hms1\Hms1\vendor\laravel\framework\src\Illuminate\Foundation\Http\Kernel.php(200): Illuminate\Routing\Router->dispatch(Object(Illuminate\Http\Request))
#54 E:\HTML CSS JAVASCRIPT\Hms1\Hms1\vendor\laravel\framework\src\Illuminate\Pipeline\Pipeline.php(180): Illuminate\Foundation\Http\Kernel->Illuminate\Foundation\Http\{closure}(Object(Illuminate\Http\Request))
#55 E:\HTML CSS JAVASCRIPT\Hms1\Hms1\vendor\laravel\framework\src\Illuminate\Foundation\Http\Middleware\TransformsRequest.php(21): Illuminate\Pipeline\Pipeline->Illuminate\Pipeline\{closure}(Object(Illuminate\Http\Request))
#56 E:\HTML CSS JAVASCRIPT\Hms1\Hms1\vendor\laravel\framework\src\Illuminate\Foundation\Http\Middleware\ConvertEmptyStringsToNull.php(31): Illuminate\Foundation\Http\Middleware\TransformsRequest->handle(Object(Illuminate\Http\Request), Object(Closure))
#57 E:\HTML CSS JAVASCRIPT\Hms1\Hms1\vendor\laravel\framework\src\Illuminate\Pipeline\Pipeline.php(219): Illuminate\Foundation\Http\Middleware\ConvertEmptyStringsToNull->handle(Object(Illuminate\Http\Request), Object(Closure))
#58 E:\HTML CSS JAVASCRIPT\Hms1\Hms1\vendor\laravel\framework\src\Illuminate\Foundation\Http\Middleware\TransformsRequest.php(21): Illuminate\Pipeline\Pipeline->Illuminate\Pipeline\{closure}(Object(Illuminate\Http\Request))
#59 E:\HTML CSS JAVASCRIPT\Hms1\Hms1\vendor\laravel\framework\src\Illuminate\Foundation\Http\Middleware\TrimStrings.php(51): Illuminate\Foundation\Http\Middleware\TransformsRequest->handle(Object(Illuminate\Http\Request), Object(Closure))
#60 E:\HTML CSS JAVASCRIPT\Hms1\Hms1\vendor\laravel\framework\src\Illuminate\Pipeline\Pipeline.php(219): Illuminate\Foundation\Http\Middleware\TrimStrings->handle(Object(Illuminate\Http\Request), Object(Closure))
#61 E:\HTML CSS JAVASCRIPT\Hms1\Hms1\vendor\laravel\framework\src\Illuminate\Http\Middleware\ValidatePostSize.php(27): Illuminate\Pipeline\Pipeline->Illuminate\Pipeline\{closure}(Object(Illuminate\Http\Request))
#62 E:\HTML CSS JAVASCRIPT\Hms1\Hms1\vendor\laravel\framework\src\Illuminate\Pipeline\Pipeline.php(219): Illuminate\Http\Middleware\ValidatePostSize->handle(Object(Illuminate\Http\Request), Object(Closure))
#63 E:\HTML CSS JAVASCRIPT\Hms1\Hms1\vendor\laravel\framework\src\Illuminate\Foundation\Http\Middleware\PreventRequestsDuringMaintenance.php(109): Illuminate\Pipeline\Pipeline->Illuminate\Pipeline\{closure}(Object(Illuminate\Http\Request))
#64 E:\HTML CSS JAVASCRIPT\Hms1\Hms1\vendor\laravel\framework\src\Illuminate\Pipeline\Pipeline.php(219): Illuminate\Foundation\Http\Middleware\PreventRequestsDuringMaintenance->handle(Object(Illuminate\Http\Request), Object(Closure))
#65 E:\HTML CSS JAVASCRIPT\Hms1\Hms1\vendor\laravel\framework\src\Illuminate\Http\Middleware\HandleCors.php(61): Illuminate\Pipeline\Pipeline->Illuminate\Pipeline\{closure}(Object(Illuminate\Http\Request))
#66 E:\HTML CSS JAVASCRIPT\Hms1\Hms1\vendor\laravel\framework\src\Illuminate\Pipeline\Pipeline.php(219): Illuminate\Http\Middleware\HandleCors->handle(Object(Illuminate\Http\Request), Object(Closure))
#67 E:\HTML CSS JAVASCRIPT\Hms1\Hms1\vendor\laravel\framework\src\Illuminate\Http\Middleware\TrustProxies.php(58): Illuminate\Pipeline\Pipeline->Illuminate\Pipeline\{closure}(Object(Illuminate\Http\Request))
#68 E:\HTML CSS JAVASCRIPT\Hms1\Hms1\vendor\laravel\framework\src\Illuminate\Pipeline\Pipeline.php(219): Illuminate\Http\Middleware\TrustProxies->handle(Object(Illuminate\Http\Request), Object(Closure))
#69 E:\HTML CSS JAVASCRIPT\Hms1\Hms1\vendor\laravel\framework\src\Illuminate\Foundation\Http\Middleware\InvokeDeferredCallbacks.php(22): Illuminate\Pipeline\Pipeline->Illuminate\Pipeline\{closure}(Object(Illuminate\Http\Request))
#70 E:\HTML CSS JAVASCRIPT\Hms1\Hms1\vendor\laravel\framework\src\Illuminate\Pipeline\Pipeline.php(219): Illuminate\Foundation\Http\Middleware\InvokeDeferredCallbacks->handle(Object(Illuminate\Http\Request), Object(Closure))
#71 E:\HTML CSS JAVASCRIPT\Hms1\Hms1\vendor\laravel\framework\src\Illuminate\Http\Middleware\ValidatePathEncoding.php(26): Illuminate\Pipeline\Pipeline->Illuminate\Pipeline\{closure}(Object(Illuminate\Http\Request))
#72 E:\HTML CSS JAVASCRIPT\Hms1\Hms1\vendor\laravel\framework\src\Illuminate\Pipeline\Pipeline.php(219): Illuminate\Http\Middleware\ValidatePathEncoding->handle(Object(Illuminate\Http\Request), Object(Closure))
#73 E:\HTML CSS JAVASCRIPT\Hms1\Hms1\vendor\laravel\framework\src\Illuminate\Pipeline\Pipeline.php(137): Illuminate\Pipeline\Pipeline->Illuminate\Pipeline\{closure}(Object(Illuminate\Http\Request))
#74 E:\HTML CSS JAVASCRIPT\Hms1\Hms1\vendor\laravel\framework\src\Illuminate\Foundation\Http\Kernel.php(175): Illuminate\Pipeline\Pipeline->then(Object(Closure))
#75 E:\HTML CSS JAVASCRIPT\Hms1\Hms1\vendor\laravel\framework\src\Illuminate\Foundation\Http\Kernel.php(144): Illuminate\Foundation\Http\Kernel->sendRequestThroughRouter(Object(Illuminate\Http\Request))
#76 E:\HTML CSS JAVASCRIPT\Hms1\Hms1\vendor\laravel\framework\src\Illuminate\Foundation\Testing\Concerns\MakesHttpRequests.php(607): Illuminate\Foundation\Http\Kernel->handle(Object(Illuminate\Http\Request))
#77 E:\HTML CSS JAVASCRIPT\Hms1\Hms1\vendor\laravel\framework\src\Illuminate\Foundation\Testing\Concerns\MakesHttpRequests.php(368): Illuminate\Foundation\Testing\TestCase->call('GET', '/register', Array, Array, Array, Array)
#78 E:\HTML CSS JAVASCRIPT\Hms1\Hms1\tests\Feature\Auth\RegistrationTest.php(14): Illuminate\Foundation\Testing\TestCase->get('/register')
#79 E:\HTML CSS JAVASCRIPT\Hms1\Hms1\vendor\phpunit\phpunit\src\Framework\TestCase.php(1657): Tests\Feature\Auth\RegistrationTest->test_registration_screen_can_be_rendered()
#80 E:\HTML CSS JAVASCRIPT\Hms1\Hms1\vendor\phpunit\phpunit\src\Framework\TestCase.php(515): PHPUnit\Framework\TestCase->runTest()
#81 E:\HTML CSS JAVASCRIPT\Hms1\Hms1\vendor\phpunit\phpunit\src\Framework\TestRunner\TestRunner.php(87): PHPUnit\Framework\TestCase->runBare()
#82 E:\HTML CSS JAVASCRIPT\Hms1\Hms1\vendor\phpunit\phpunit\src\Framework\TestCase.php(361): PHPUnit\Framework\TestRunner->run(Object(Tests\Feature\Auth\RegistrationTest))
#83 E:\HTML CSS JAVASCRIPT\Hms1\Hms1\vendor\phpunit\phpunit\src\Framework\TestSuite.php(369): PHPUnit\Framework\TestCase->run()
#84 E:\HTML CSS JAVASCRIPT\Hms1\Hms1\vendor\phpunit\phpunit\src\Framework\TestSuite.php(369): PHPUnit\Framework\TestSuite->run()
#85 E:\HTML CSS JAVASCRIPT\Hms1\Hms1\vendor\phpunit\phpunit\src\Framework\TestSuite.php(369): PHPUnit\Framework\TestSuite->run()
#86 E:\HTML CSS JAVASCRIPT\Hms1\Hms1\vendor\phpunit\phpunit\src\TextUI\TestRunner.php(64): PHPUnit\Framework\TestSuite->run()
#87 E:\HTML CSS JAVASCRIPT\Hms1\Hms1\vendor\phpunit\phpunit\src\TextUI\Application.php(211): PHPUnit\TextUI\TestRunner->run(Object(PHPUnit\TextUI\Configuration\Configuration), Object(PHPUnit\Runner\ResultCache\DefaultResultCache), Object(PHPUnit\Framework\TestSuite))
#88 E:\HTML CSS JAVASCRIPT\Hms1\Hms1\vendor\phpunit\phpunit\phpunit(104): PHPUnit\TextUI\Application->run(Array)
#89 {main}

Next Illuminate\View\ViewException: Attempt to read property "name" on null (View: E:\HTML CSS JAVASCRIPT\Hms1\Hms1\resources\views\partials\doctor_sidebar.blade.php) in E:\HTML CSS JAVASCRIPT\Hms1\Hms1\storage\framework\views\cac295dfd1f092de7f62c9956c61f073.php:49
Stack trace:
#0 E:\HTML CSS JAVASCRIPT\Hms1\Hms1\vendor\laravel\framework\src\Illuminate\View\Engines\PhpEngine.php(59): Illuminate\View\Engines\CompilerEngine->handleViewException(Object(ErrorException), 3)
#1 E:\HTML CSS JAVASCRIPT\Hms1\Hms1\vendor\laravel\framework\src\Illuminate\View\Engines\CompilerEngine.php(76): Illuminate\View\Engines\PhpEngine->evaluatePath('E:\\HTML CSS JAV...', Array)
#2 E:\HTML CSS JAVASCRIPT\Hms1\Hms1\vendor\laravel\framework\src\Illuminate\View\View.php(208): Illuminate\View\Engines\CompilerEngine->get('E:\\HTML CSS JAV...', Array)
#3 E:\HTML CSS JAVASCRIPT\Hms1\Hms1\vendor\laravel\framework\src\Illuminate\View\View.php(191): Illuminate\View\View->getContents()
#4 E:\HTML CSS JAVASCRIPT\Hms1\Hms1\vendor\laravel\framework\src\Illuminate\View\View.php(160): Illuminate\View\View->renderContents()
#5 E:\HTML CSS JAVASCRIPT\Hms1\Hms1\storage\framework\views\f7ee822f17254862797ae751fa629a7d.php(16): Illuminate\View\View->render()
#6 E:\HTML CSS JAVASCRIPT\Hms1\Hms1\vendor\laravel\framework\src\Illuminate\Filesystem\Filesystem.php(123): require('E:\\HTML CSS JAV...')
#7 E:\HTML CSS JAVASCRIPT\Hms1\Hms1\vendor\laravel\framework\src\Illuminate\Filesystem\Filesystem.php(124): Illuminate\Filesystem\Filesystem::Illuminate\Filesystem\{closure}()
#8 E:\HTML CSS JAVASCRIPT\Hms1\Hms1\vendor\laravel\framework\src\Illuminate\View\Engines\PhpEngine.php(57): Illuminate\Filesystem\Filesystem->getRequire('E:\\HTML CSS JAV...', Array)
#9 E:\HTML CSS JAVASCRIPT\Hms1\Hms1\vendor\laravel\framework\src\Illuminate\View\Engines\CompilerEngine.php(76): Illuminate\View\Engines\PhpEngine->evaluatePath('E:\\HTML CSS JAV...', Array)
#10 E:\HTML CSS JAVASCRIPT\Hms1\Hms1\vendor\laravel\framework\src\Illuminate\View\View.php(208): Illuminate\View\Engines\CompilerEngine->get('E:\\HTML CSS JAV...', Array)
#11 E:\HTML CSS JAVASCRIPT\Hms1\Hms1\vendor\laravel\framework\src\Illuminate\View\View.php(191): Illuminate\View\View->getContents()
#12 E:\HTML CSS JAVASCRIPT\Hms1\Hms1\vendor\laravel\framework\src\Illuminate\View\View.php(160): Illuminate\View\View->renderContents()
#13 E:\HTML CSS JAVASCRIPT\Hms1\Hms1\storage\framework\views\7b60ca7641deb3a646a1463159aeddde.php(446): Illuminate\View\View->render()
#14 E:\HTML CSS JAVASCRIPT\Hms1\Hms1\vendor\laravel\framework\src\Illuminate\Filesystem\Filesystem.php(123): require('E:\\HTML CSS JAV...')
#15 E:\HTML CSS JAVASCRIPT\Hms1\Hms1\vendor\laravel\framework\src\Illuminate\Filesystem\Filesystem.php(124): Illuminate\Filesystem\Filesystem::Illuminate\Filesystem\{closure}()
#16 E:\HTML CSS JAVASCRIPT\Hms1\Hms1\vendor\laravel\framework\src\Illuminate\View\Engines\PhpEngine.php(57): Illuminate\Filesystem\Filesystem->getRequire('E:\\HTML CSS JAV...', Array)
#17 E:\HTML CSS JAVASCRIPT\Hms1\Hms1\vendor\laravel\framework\src\Illuminate\View\Engines\CompilerEngine.php(76): Illuminate\View\Engines\PhpEngine->evaluatePath('E:\\HTML CSS JAV...', Array)
#18 E:\HTML CSS JAVASCRIPT\Hms1\Hms1\vendor\laravel\framework\src\Illuminate\View\View.php(208): Illuminate\View\Engines\CompilerEngine->get('E:\\HTML CSS JAV...', Array)
#19 E:\HTML CSS JAVASCRIPT\Hms1\Hms1\vendor\laravel\framework\src\Illuminate\View\View.php(191): Illuminate\View\View->getContents()
#20 E:\HTML CSS JAVASCRIPT\Hms1\Hms1\vendor\laravel\framework\src\Illuminate\View\View.php(160): Illuminate\View\View->renderContents()
#21 E:\HTML CSS JAVASCRIPT\Hms1\Hms1\vendor\laravel\framework\src\Illuminate\Http\Response.php(78): Illuminate\View\View->render()
#22 E:\HTML CSS JAVASCRIPT\Hms1\Hms1\vendor\laravel\framework\src\Illuminate\Http\Response.php(34): Illuminate\Http\Response->setContent(Object(Illuminate\View\View))
#23 E:\HTML CSS JAVASCRIPT\Hms1\Hms1\vendor\laravel\framework\src\Illuminate\Routing\Router.php(939): Illuminate\Http\Response->__construct(Object(Illuminate\View\View), 200, Array)
#24 E:\HTML CSS JAVASCRIPT\Hms1\Hms1\vendor\laravel\framework\src\Illuminate\Routing\Router.php(906): Illuminate\Routing\Router::toResponse(Object(Illuminate\Http\Request), Object(Illuminate\View\View))
#25 E:\HTML CSS JAVASCRIPT\Hms1\Hms1\vendor\laravel\framework\src\Illuminate\Routing\Router.php(821): Illuminate\Routing\Router->prepareResponse(Object(Illuminate\Http\Request), Object(Illuminate\View\View))
#26 E:\HTML CSS JAVASCRIPT\Hms1\Hms1\vendor\laravel\framework\src\Illuminate\Pipeline\Pipeline.php(180): Illuminate\Routing\Router->Illuminate\Routing\{closure}(Object(Illuminate\Http\Request))
#27 E:\HTML CSS JAVASCRIPT\Hms1\Hms1\vendor\laravel\framework\src\Illuminate\Auth\Middleware\RedirectIfAuthenticated.php(47): Illuminate\Pipeline\Pipeline->Illuminate\Pipeline\{closure}(Object(Illuminate\Http\Request))
#28 E:\HTML CSS JAVASCRIPT\Hms1\Hms1\vendor\laravel\framework\src\Illuminate\Pipeline\Pipeline.php(219): Illuminate\Auth\Middleware\RedirectIfAuthenticated->handle(Object(Illuminate\Http\Request), Object(Closure))
#29 E:\HTML CSS JAVASCRIPT\Hms1\Hms1\vendor\inertiajs\inertia-laravel\src\Middleware.php(122): Illuminate\Pipeline\Pipeline->Illuminate\Pipeline\{closure}(Object(Illuminate\Http\Request))
#30 E:\HTML CSS JAVASCRIPT\Hms1\Hms1\vendor\laravel\framework\src\Illuminate\Pipeline\Pipeline.php(219): Inertia\Middleware->handle(Object(Illuminate\Http\Request), Object(Closure))
#31 E:\HTML CSS JAVASCRIPT\Hms1\Hms1\vendor\laravel\framework\src\Illuminate\Routing\Middleware\SubstituteBindings.php(50): Illuminate\Pipeline\Pipeline->Illuminate\Pipeline\{closure}(Object(Illuminate\Http\Request))
#32 E:\HTML CSS JAVASCRIPT\Hms1\Hms1\vendor\laravel\framework\src\Illuminate\Pipeline\Pipeline.php(219): Illuminate\Routing\Middleware\SubstituteBindings->handle(Object(Illuminate\Http\Request), Object(Closure))
#33 E:\HTML CSS JAVASCRIPT\Hms1\Hms1\vendor\laravel\framework\src\Illuminate\Foundation\Http\Middleware\VerifyCsrfToken.php(87): Illuminate\Pipeline\Pipeline->Illuminate\Pipeline\{closure}(Object(Illuminate\Http\Request))
#34 E:\HTML CSS JAVASCRIPT\Hms1\Hms1\vendor\laravel\framework\src\Illuminate\Pipeline\Pipeline.php(219): Illuminate\Foundation\Http\Middleware\VerifyCsrfToken->handle(Object(Illuminate\Http\Request), Object(Closure))
#35 E:\HTML CSS JAVASCRIPT\Hms1\Hms1\vendor\laravel\framework\src\Illuminate\View\Middleware\ShareErrorsFromSession.php(48): Illuminate\Pipeline\Pipeline->Illuminate\Pipeline\{closure}(Object(Illuminate\Http\Request))
#36 E:\HTML CSS JAVASCRIPT\Hms1\Hms1\vendor\laravel\framework\src\Illuminate\Pipeline\Pipeline.php(219): Illuminate\View\Middleware\ShareErrorsFromSession->handle(Object(Illuminate\Http\Request), Object(Closure))
#37 E:\HTML CSS JAVASCRIPT\Hms1\Hms1\vendor\laravel\framework\src\Illuminate\Session\Middleware\StartSession.php(120): Illuminate\Pipeline\Pipeline->Illuminate\Pipeline\{closure}(Object(Illuminate\Http\Request))
#38 E:\HTML CSS JAVASCRIPT\Hms1\Hms1\vendor\laravel\framework\src\Illuminate\Session\Middleware\StartSession.php(63): Illuminate\Session\Middleware\StartSession->handleStatefulRequest(Object(Illuminate\Http\Request), Object(Illuminate\Session\Store), Object(Closure))
#39 E:\HTML CSS JAVASCRIPT\Hms1\Hms1\vendor\laravel\framework\src\Illuminate\Pipeline\Pipeline.php(219): Illuminate\Session\Middleware\StartSession->handle(Object(Illuminate\Http\Request), Object(Closure))
#40 E:\HTML CSS JAVASCRIPT\Hms1\Hms1\vendor\laravel\framework\src\Illuminate\Cookie\Middleware\AddQueuedCookiesToResponse.php(36): Illuminate\Pipeline\Pipeline->Illuminate\Pipeline\{closure}(Object(Illuminate\Http\Request))
#41 E:\HTML CSS JAVASCRIPT\Hms1\Hms1\vendor\laravel\framework\src\Illuminate\Pipeline\Pipeline.php(219): Illuminate\Cookie\Middleware\AddQueuedCookiesToResponse->handle(Object(Illuminate\Http\Request), Object(Closure))
#42 E:\HTML CSS JAVASCRIPT\Hms1\Hms1\vendor\laravel\framework\src\Illuminate\Cookie\Middleware\EncryptCookies.php(74): Illuminate\Pipeline\Pipeline->Illuminate\Pipeline\{closure}(Object(Illuminate\Http\Request))
#43 E:\HTML CSS JAVASCRIPT\Hms1\Hms1\vendor\laravel\framework\src\Illuminate\Pipeline\Pipeline.php(219): Illuminate\Cookie\Middleware\EncryptCookies->handle(Object(Illuminate\Http\Request), Object(Closure))
#44 E:\HTML CSS JAVASCRIPT\Hms1\Hms1\vendor\laravel\framework\src\Illuminate\Pipeline\Pipeline.php(137): Illuminate\Pipeline\Pipeline->Illuminate\Pipeline\{closure}(Object(Illuminate\Http\Request))
#45 E:\HTML CSS JAVASCRIPT\Hms1\Hms1\vendor\laravel\framework\src\Illuminate\Routing\Router.php(821): Illuminate\Pipeline\Pipeline->then(Object(Closure))
#46 E:\HTML CSS JAVASCRIPT\Hms1\Hms1\vendor\laravel\framework\src\Illuminate\Routing\Router.php(800): Illuminate\Routing\Router->runRouteWithinStack(Object(Illuminate\Routing\Route), Object(Illuminate\Http\Request))
#47 E:\HTML CSS JAVASCRIPT\Hms1\Hms1\vendor\laravel\framework\src\Illuminate\Routing\Router.php(764): Illuminate\Routing\Router->runRoute(Object(Illuminate\Http\Request), Object(Illuminate\Routing\Route))
#48 E:\HTML CSS JAVASCRIPT\Hms1\Hms1\vendor\laravel\framework\src\Illuminate\Routing\Router.php(753): Illuminate\Routing\Router->dispatchToRoute(Object(Illuminate\Http\Request))
#49 E:\HTML CSS JAVASCRIPT\Hms1\Hms1\vendor\laravel\framework\src\Illuminate\Foundation\Http\Kernel.php(200): Illuminate\Routing\Router->dispatch(Object(Illuminate\Http\Request))
#50 E:\HTML CSS JAVASCRIPT\Hms1\Hms1\vendor\laravel\framework\src\Illuminate\Pipeline\Pipeline.php(180): Illuminate\Foundation\Http\Kernel->Illuminate\Foundation\Http\{closure}(Object(Illuminate\Http\Request))
#51 E:\HTML CSS JAVASCRIPT\Hms1\Hms1\vendor\laravel\framework\src\Illuminate\Foundation\Http\Middleware\TransformsRequest.php(21): Illuminate\Pipeline\Pipeline->Illuminate\Pipeline\{closure}(Object(Illuminate\Http\Request))
#52 E:\HTML CSS JAVASCRIPT\Hms1\Hms1\vendor\laravel\framework\src\Illuminate\Foundation\Http\Middleware\ConvertEmptyStringsToNull.php(31): Illuminate\Foundation\Http\Middleware\TransformsRequest->handle(Object(Illuminate\Http\Request), Object(Closure))
#53 E:\HTML CSS JAVASCRIPT\Hms1\Hms1\vendor\laravel\framework\src\Illuminate\Pipeline\Pipeline.php(219): Illuminate\Foundation\Http\Middleware\ConvertEmptyStringsToNull->handle(Object(Illuminate\Http\Request), Object(Closure))
#54 E:\HTML CSS JAVASCRIPT\Hms1\Hms1\vendor\laravel\framework\src\Illuminate\Foundation\Http\Middleware\TransformsRequest.php(21): Illuminate\Pipeline\Pipeline->Illuminate\Pipeline\{closure}(Object(Illuminate\Http\Request))
#55 E:\HTML CSS JAVASCRIPT\Hms1\Hms1\vendor\laravel\framework\src\Illuminate\Foundation\Http\Middleware\TrimStrings.php(51): Illuminate\Foundation\Http\Middleware\TransformsRequest->handle(Object(Illuminate\Http\Request), Object(Closure))
#56 E:\HTML CSS JAVASCRIPT\Hms1\Hms1\vendor\laravel\framework\src\Illuminate\Pipeline\Pipeline.php(219): Illuminate\Foundation\Http\Middleware\TrimStrings->handle(Object(Illuminate\Http\Request), Object(Closure))
#57 E:\HTML CSS JAVASCRIPT\Hms1\Hms1\vendor\laravel\framework\src\Illuminate\Http\Middleware\ValidatePostSize.php(27): Illuminate\Pipeline\Pipeline->Illuminate\Pipeline\{closure}(Object(Illuminate\Http\Request))
#58 E:\HTML CSS JAVASCRIPT\Hms1\Hms1\vendor\laravel\framework\src\Illuminate\Pipeline\Pipeline.php(219): Illuminate\Http\Middleware\ValidatePostSize->handle(Object(Illuminate\Http\Request), Object(Closure))
#59 E:\HTML CSS JAVASCRIPT\Hms1\Hms1\vendor\laravel\framework\src\Illuminate\Foundation\Http\Middleware\PreventRequestsDuringMaintenance.php(109): Illuminate\Pipeline\Pipeline->Illuminate\Pipeline\{closure}(Object(Illuminate\Http\Request))
#60 E:\HTML CSS JAVASCRIPT\Hms1\Hms1\vendor\laravel\framework\src\Illuminate\Pipeline\Pipeline.php(219): Illuminate\Foundation\Http\Middleware\PreventRequestsDuringMaintenance->handle(Object(Illuminate\Http\Request), Object(Closure))
#61 E:\HTML CSS JAVASCRIPT\Hms1\Hms1\vendor\laravel\framework\src\Illuminate\Http\Middleware\HandleCors.php(61): Illuminate\Pipeline\Pipeline->Illuminate\Pipeline\{closure}(Object(Illuminate\Http\Request))
#62 E:\HTML CSS JAVASCRIPT\Hms1\Hms1\vendor\laravel\framework\src\Illuminate\Pipeline\Pipeline.php(219): Illuminate\Http\Middleware\HandleCors->handle(Object(Illuminate\Http\Request), Object(Closure))
#63 E:\HTML CSS JAVASCRIPT\Hms1\Hms1\vendor\laravel\framework\src\Illuminate\Http\Middleware\TrustProxies.php(58): Illuminate\Pipeline\Pipeline->Illuminate\Pipeline\{closure}(Object(Illuminate\Http\Request))
#64 E:\HTML CSS JAVASCRIPT\Hms1\Hms1\vendor\laravel\framework\src\Illuminate\Pipeline\Pipeline.php(219): Illuminate\Http\Middleware\TrustProxies->handle(Object(Illuminate\Http\Request), Object(Closure))
#65 E:\HTML CSS JAVASCRIPT\Hms1\Hms1\vendor\laravel\framework\src\Illuminate\Foundation\Http\Middleware\InvokeDeferredCallbacks.php(22): Illuminate\Pipeline\Pipeline->Illuminate\Pipeline\{closure}(Object(Illuminate\Http\Request))
#66 E:\HTML CSS JAVASCRIPT\Hms1\Hms1\vendor\laravel\framework\src\Illuminate\Pipeline\Pipeline.php(219): Illuminate\Foundation\Http\Middleware\InvokeDeferredCallbacks->handle(Object(Illuminate\Http\Request), Object(Closure))
#67 E:\HTML CSS JAVASCRIPT\Hms1\Hms1\vendor\laravel\framework\src\Illuminate\Http\Middleware\ValidatePathEncoding.php(26): Illuminate\Pipeline\Pipeline->Illuminate\Pipeline\{closure}(Object(Illuminate\Http\Request))
#68 E:\HTML CSS JAVASCRIPT\Hms1\Hms1\vendor\laravel\framework\src\Illuminate\Pipeline\Pipeline.php(219): Illuminate\Http\Middleware\ValidatePathEncoding->handle(Object(Illuminate\Http\Request), Object(Closure))
#69 E:\HTML CSS JAVASCRIPT\Hms1\Hms1\vendor\laravel\framework\src\Illuminate\Pipeline\Pipeline.php(137): Illuminate\Pipeline\Pipeline->Illuminate\Pipeline\{closure}(Object(Illuminate\Http\Request))
#70 E:\HTML CSS JAVASCRIPT\Hms1\Hms1\vendor\laravel\framework\src\Illuminate\Foundation\Http\Kernel.php(175): Illuminate\Pipeline\Pipeline->then(Object(Closure))
#71 E:\HTML CSS JAVASCRIPT\Hms1\Hms1\vendor\laravel\framework\src\Illuminate\Foundation\Http\Kernel.php(144): Illuminate\Foundation\Http\Kernel->sendRequestThroughRouter(Object(Illuminate\Http\Request))
#72 E:\HTML CSS JAVASCRIPT\Hms1\Hms1\vendor\laravel\framework\src\Illuminate\Foundation\Testing\Concerns\MakesHttpRequests.php(607): Illuminate\Foundation\Http\Kernel->handle(Object(Illuminate\Http\Request))
#73 E:\HTML CSS JAVASCRIPT\Hms1\Hms1\vendor\laravel\framework\src\Illuminate\Foundation\Testing\Concerns\MakesHttpRequests.php(368): Illuminate\Foundation\Testing\TestCase->call('GET', '/register', Array, Array, Array, Array)
#74 E:\HTML CSS JAVASCRIPT\Hms1\Hms1\tests\Feature\Auth\RegistrationTest.php(14): Illuminate\Foundation\Testing\TestCase->get('/register')
#75 E:\HTML CSS JAVASCRIPT\Hms1\Hms1\vendor\phpunit\phpunit\src\Framework\TestCase.php(1657): Tests\Feature\Auth\RegistrationTest->test_registration_screen_can_be_rendered()
#76 E:\HTML CSS JAVASCRIPT\Hms1\Hms1\vendor\phpunit\phpunit\src\Framework\TestCase.php(515): PHPUnit\Framework\TestCase->runTest()
#77 E:\HTML CSS JAVASCRIPT\Hms1\Hms1\vendor\phpunit\phpunit\src\Framework\TestRunner\TestRunner.php(87): PHPUnit\Framework\TestCase->runBare()
#78 E:\HTML CSS JAVASCRIPT\Hms1\Hms1\vendor\phpunit\phpunit\src\Framework\TestCase.php(361): PHPUnit\Framework\TestRunner->run(Object(Tests\Feature\Auth\RegistrationTest))
#79 E:\HTML CSS JAVASCRIPT\Hms1\Hms1\vendor\phpunit\phpunit\src\Framework\TestSuite.php(369): PHPUnit\Framework\TestCase->run()
#80 E:\HTML CSS JAVASCRIPT\Hms1\Hms1\vendor\phpunit\phpunit\src\Framework\TestSuite.php(369): PHPUnit\Framework\TestSuite->run()
#81 E:\HTML CSS JAVASCRIPT\Hms1\Hms1\vendor\phpunit\phpunit\src\Framework\TestSuite.php(369): PHPUnit\Framework\TestSuite->run()
#82 E:\HTML CSS JAVASCRIPT\Hms1\Hms1\vendor\phpunit\phpunit\src\TextUI\TestRunner.php(64): PHPUnit\Framework\TestSuite->run()
#83 E:\HTML CSS JAVASCRIPT\Hms1\Hms1\vendor\phpunit\phpunit\src\TextUI\Application.php(211): PHPUnit\TextUI\TestRunner->run(Object(PHPUnit\TextUI\Configuration\Configuration), Object(PHPUnit\Runner\ResultCache\DefaultResultCache), Object(PHPUnit\Framework\TestSuite))
#84 E:\HTML CSS JAVASCRIPT\Hms1\Hms1\vendor\phpunit\phpunit\phpunit(104): PHPUnit\TextUI\Application->run(Array)
#85 {main}

Next Illuminate\View\ViewException: Attempt to read property "name" on null (View: E:\HTML CSS JAVASCRIPT\Hms1\Hms1\resources\views\partials\doctor_sidebar.blade.php) (View: E:\HTML CSS JAVASCRIPT\Hms1\Hms1\resources\views\partials\doctor_sidebar.blade.php) in E:\HTML CSS JAVASCRIPT\Hms1\Hms1\storage\framework\views\cac295dfd1f092de7f62c9956c61f073.php:49
Stack trace:
#0 E:\HTML CSS JAVASCRIPT\Hms1\Hms1\vendor\laravel\framework\src\Illuminate\View\Engines\PhpEngine.php(59): Illuminate\View\Engines\CompilerEngine->handleViewException(Object(Illuminate\View\ViewException), 2)
#1 E:\HTML CSS JAVASCRIPT\Hms1\Hms1\vendor\laravel\framework\src\Illuminate\View\Engines\CompilerEngine.php(76): Illuminate\View\Engines\PhpEngine->evaluatePath('E:\\HTML CSS JAV...', Array)
#2 E:\HTML CSS JAVASCRIPT\Hms1\Hms1\vendor\laravel\framework\src\Illuminate\View\View.php(208): Illuminate\View\Engines\CompilerEngine->get('E:\\HTML CSS JAV...', Array)
#3 E:\HTML CSS JAVASCRIPT\Hms1\Hms1\vendor\laravel\framework\src\Illuminate\View\View.php(191): Illuminate\View\View->getContents()
#4 E:\HTML CSS JAVASCRIPT\Hms1\Hms1\vendor\laravel\framework\src\Illuminate\View\View.php(160): Illuminate\View\View->renderContents()
#5 E:\HTML CSS JAVASCRIPT\Hms1\Hms1\storage\framework\views\7b60ca7641deb3a646a1463159aeddde.php(446): Illuminate\View\View->render()
#6 E:\HTML CSS JAVASCRIPT\Hms1\Hms1\vendor\laravel\framework\src\Illuminate\Filesystem\Filesystem.php(123): require('E:\\HTML CSS JAV...')
#7 E:\HTML CSS JAVASCRIPT\Hms1\Hms1\vendor\laravel\framework\src\Illuminate\Filesystem\Filesystem.php(124): Illuminate\Filesystem\Filesystem::Illuminate\Filesystem\{closure}()
#8 E:\HTML CSS JAVASCRIPT\Hms1\Hms1\vendor\laravel\framework\src\Illuminate\View\Engines\PhpEngine.php(57): Illuminate\Filesystem\Filesystem->getRequire('E:\\HTML CSS JAV...', Array)
#9 E:\HTML CSS JAVASCRIPT\Hms1\Hms1\vendor\laravel\framework\src\Illuminate\View\Engines\CompilerEngine.php(76): Illuminate\View\Engines\PhpEngine->evaluatePath('E:\\HTML CSS JAV...', Array)
#10 E:\HTML CSS JAVASCRIPT\Hms1\Hms1\vendor\laravel\framework\src\Illuminate\View\View.php(208): Illuminate\View\Engines\CompilerEngine->get('E:\\HTML CSS JAV...', Array)
#11 E:\HTML CSS JAVASCRIPT\Hms1\Hms1\vendor\laravel\framework\src\Illuminate\View\View.php(191): Illuminate\View\View->getContents()
#12 E:\HTML CSS JAVASCRIPT\Hms1\Hms1\vendor\laravel\framework\src\Illuminate\View\View.php(160): Illuminate\View\View->renderContents()
#13 E:\HTML CSS JAVASCRIPT\Hms1\Hms1\vendor\laravel\framework\src\Illuminate\Http\Response.php(78): Illuminate\View\View->render()
#14 E:\HTML CSS JAVASCRIPT\Hms1\Hms1\vendor\laravel\framework\src\Illuminate\Http\Response.php(34): Illuminate\Http\Response->setContent(Object(Illuminate\View\View))
#15 E:\HTML CSS JAVASCRIPT\Hms1\Hms1\vendor\laravel\framework\src\Illuminate\Routing\Router.php(939): Illuminate\Http\Response->__construct(Object(Illuminate\View\View), 200, Array)
#16 E:\HTML CSS JAVASCRIPT\Hms1\Hms1\vendor\laravel\framework\src\Illuminate\Routing\Router.php(906): Illuminate\Routing\Router::toResponse(Object(Illuminate\Http\Request), Object(Illuminate\View\View))
#17 E:\HTML CSS JAVASCRIPT\Hms1\Hms1\vendor\laravel\framework\src\Illuminate\Routing\Router.php(821): Illuminate\Routing\Router->prepareResponse(Object(Illuminate\Http\Request), Object(Illuminate\View\View))
#18 E:\HTML CSS JAVASCRIPT\Hms1\Hms1\vendor\laravel\framework\src\Illuminate\Pipeline\Pipeline.php(180): Illuminate\Routing\Router->Illuminate\Routing\{closure}(Object(Illuminate\Http\Request))
#19 E:\HTML CSS JAVASCRIPT\Hms1\Hms1\vendor\laravel\framework\src\Illuminate\Auth\Middleware\RedirectIfAuthenticated.php(47): Illuminate\Pipeline\Pipeline->Illuminate\Pipeline\{closure}(Object(Illuminate\Http\Request))
#20 E:\HTML CSS JAVASCRIPT\Hms1\Hms1\vendor\laravel\framework\src\Illuminate\Pipeline\Pipeline.php(219): Illuminate\Auth\Middleware\RedirectIfAuthenticated->handle(Object(Illuminate\Http\Request), Object(Closure))
#21 E:\HTML CSS JAVASCRIPT\Hms1\Hms1\vendor\inertiajs\inertia-laravel\src\Middleware.php(122): Illuminate\Pipeline\Pipeline->Illuminate\Pipeline\{closure}(Object(Illuminate\Http\Request))
#22 E:\HTML CSS JAVASCRIPT\Hms1\Hms1\vendor\laravel\framework\src\Illuminate\Pipeline\Pipeline.php(219): Inertia\Middleware->handle(Object(Illuminate\Http\Request), Object(Closure))
#23 E:\HTML CSS JAVASCRIPT\Hms1\Hms1\vendor\laravel\framework\src\Illuminate\Routing\Middleware\SubstituteBindings.php(50): Illuminate\Pipeline\Pipeline->Illuminate\Pipeline\{closure}(Object(Illuminate\Http\Request))
#24 E:\HTML CSS JAVASCRIPT\Hms1\Hms1\vendor\laravel\framework\src\Illuminate\Pipeline\Pipeline.php(219): Illuminate\Routing\Middleware\SubstituteBindings->handle(Object(Illuminate\Http\Request), Object(Closure))
#25 E:\HTML CSS JAVASCRIPT\Hms1\Hms1\vendor\laravel\framework\src\Illuminate\Foundation\Http\Middleware\VerifyCsrfToken.php(87): Illuminate\Pipeline\Pipeline->Illuminate\Pipeline\{closure}(Object(Illuminate\Http\Request))
#26 E:\HTML CSS JAVASCRIPT\Hms1\Hms1\vendor\laravel\framework\src\Illuminate\Pipeline\Pipeline.php(219): Illuminate\Foundation\Http\Middleware\VerifyCsrfToken->handle(Object(Illuminate\Http\Request), Object(Closure))
#27 E:\HTML CSS JAVASCRIPT\Hms1\Hms1\vendor\laravel\framework\src\Illuminate\View\Middleware\ShareErrorsFromSession.php(48): Illuminate\Pipeline\Pipeline->Illuminate\Pipeline\{closure}(Object(Illuminate\Http\Request))
#28 E:\HTML CSS JAVASCRIPT\Hms1\Hms1\vendor\laravel\framework\src\Illuminate\Pipeline\Pipeline.php(219): Illuminate\View\Middleware\ShareErrorsFromSession->handle(Object(Illuminate\Http\Request), Object(Closure))
#29 E:\HTML CSS JAVASCRIPT\Hms1\Hms1\vendor\laravel\framework\src\Illuminate\Session\Middleware\StartSession.php(120): Illuminate\Pipeline\Pipeline->Illuminate\Pipeline\{closure}(Object(Illuminate\Http\Request))
#30 E:\HTML CSS JAVASCRIPT\Hms1\Hms1\vendor\laravel\framework\src\Illuminate\Session\Middleware\StartSession.php(63): Illuminate\Session\Middleware\StartSession->handleStatefulRequest(Object(Illuminate\Http\Request), Object(Illuminate\Session\Store), Object(Closure))
#31 E:\HTML CSS JAVASCRIPT\Hms1\Hms1\vendor\laravel\framework\src\Illuminate\Pipeline\Pipeline.php(219): Illuminate\Session\Middleware\StartSession->handle(Object(Illuminate\Http\Request), Object(Closure))
#32 E:\HTML CSS JAVASCRIPT\Hms1\Hms1\vendor\laravel\framework\src\Illuminate\Cookie\Middleware\AddQueuedCookiesToResponse.php(36): Illuminate\Pipeline\Pipeline->Illuminate\Pipeline\{closure}(Object(Illuminate\Http\Request))
#33 E:\HTML CSS JAVASCRIPT\Hms1\Hms1\vendor\laravel\framework\src\Illuminate\Pipeline\Pipeline.php(219): Illuminate\Cookie\Middleware\AddQueuedCookiesToResponse->handle(Object(Illuminate\Http\Request), Object(Closure))
#34 E:\HTML CSS JAVASCRIPT\Hms1\Hms1\vendor\laravel\framework\src\Illuminate\Cookie\Middleware\EncryptCookies.php(74): Illuminate\Pipeline\Pipeline->Illuminate\Pipeline\{closure}(Object(Illuminate\Http\Request))
#35 E:\HTML CSS JAVASCRIPT\Hms1\Hms1\vendor\laravel\framework\src\Illuminate\Pipeline\Pipeline.php(219): Illuminate\Cookie\Middleware\EncryptCookies->handle(Object(Illuminate\Http\Request), Object(Closure))
#36 E:\HTML CSS JAVASCRIPT\Hms1\Hms1\vendor\laravel\framework\src\Illuminate\Pipeline\Pipeline.php(137): Illuminate\Pipeline\Pipeline->Illuminate\Pipeline\{closure}(Object(Illuminate\Http\Request))
#37 E:\HTML CSS JAVASCRIPT\Hms1\Hms1\vendor\laravel\framework\src\Illuminate\Routing\Router.php(821): Illuminate\Pipeline\Pipeline->then(Object(Closure))
#38 E:\HTML CSS JAVASCRIPT\Hms1\Hms1\vendor\laravel\framework\src\Illuminate\Routing\Router.php(800): Illuminate\Routing\Router->runRouteWithinStack(Object(Illuminate\Routing\Route), Object(Illuminate\Http\Request))
#39 E:\HTML CSS JAVASCRIPT\Hms1\Hms1\vendor\laravel\framework\src\Illuminate\Routing\Router.php(764): Illuminate\Routing\Router->runRoute(Object(Illuminate\Http\Request), Object(Illuminate\Routing\Route))
#40 E:\HTML CSS JAVASCRIPT\Hms1\Hms1\vendor\laravel\framework\src\Illuminate\Routing\Router.php(753): Illuminate\Routing\Router->dispatchToRoute(Object(Illuminate\Http\Request))
#41 E:\HTML CSS JAVASCRIPT\Hms1\Hms1\vendor\laravel\framework\src\Illuminate\Foundation\Http\Kernel.php(200): Illuminate\Routing\Router->dispatch(Object(Illuminate\Http\Request))
#42 E:\HTML CSS JAVASCRIPT\Hms1\Hms1\vendor\laravel\framework\src\Illuminate\Pipeline\Pipeline.php(180): Illuminate\Foundation\Http\Kernel->Illuminate\Foundation\Http\{closure}(Object(Illuminate\Http\Request))
#43 E:\HTML CSS JAVASCRIPT\Hms1\Hms1\vendor\laravel\framework\src\Illuminate\Foundation\Http\Middleware\TransformsRequest.php(21): Illuminate\Pipeline\Pipeline->Illuminate\Pipeline\{closure}(Object(Illuminate\Http\Request))
#44 E:\HTML CSS JAVASCRIPT\Hms1\Hms1\vendor\laravel\framework\src\Illuminate\Foundation\Http\Middleware\ConvertEmptyStringsToNull.php(31): Illuminate\Foundation\Http\Middleware\TransformsRequest->handle(Object(Illuminate\Http\Request), Object(Closure))
#45 E:\HTML CSS JAVASCRIPT\Hms1\Hms1\vendor\laravel\framework\src\Illuminate\Pipeline\Pipeline.php(219): Illuminate\Foundation\Http\Middleware\ConvertEmptyStringsToNull->handle(Object(Illuminate\Http\Request), Object(Closure))
#46 E:\HTML CSS JAVASCRIPT\Hms1\Hms1\vendor\laravel\framework\src\Illuminate\Foundation\Http\Middleware\TransformsRequest.php(21): Illuminate\Pipeline\Pipeline->Illuminate\Pipeline\{closure}(Object(Illuminate\Http\Request))
#47 E:\HTML CSS JAVASCRIPT\Hms1\Hms1\vendor\laravel\framework\src\Illuminate\Foundation\Http\Middleware\TrimStrings.php(51): Illuminate\Foundation\Http\Middleware\TransformsRequest->handle(Object(Illuminate\Http\Request), Object(Closure))
#48 E:\HTML CSS JAVASCRIPT\Hms1\Hms1\vendor\laravel\framework\src\Illuminate\Pipeline\Pipeline.php(219): Illuminate\Foundation\Http\Middleware\TrimStrings->handle(Object(Illuminate\Http\Request), Object(Closure))
#49 E:\HTML CSS JAVASCRIPT\Hms1\Hms1\vendor\laravel\framework\src\Illuminate\Http\Middleware\ValidatePostSize.php(27): Illuminate\Pipeline\Pipeline->Illuminate\Pipeline\{closure}(Object(Illuminate\Http\Request))
#50 E:\HTML CSS JAVASCRIPT\Hms1\Hms1\vendor\laravel\framework\src\Illuminate\Pipeline\Pipeline.php(219): Illuminate\Http\Middleware\ValidatePostSize->handle(Object(Illuminate\Http\Request), Object(Closure))
#51 E:\HTML CSS JAVASCRIPT\Hms1\Hms1\vendor\laravel\framework\src\Illuminate\Foundation\Http\Middleware\PreventRequestsDuringMaintenance.php(109): Illuminate\Pipeline\Pipeline->Illuminate\Pipeline\{closure}(Object(Illuminate\Http\Request))
#52 E:\HTML CSS JAVASCRIPT\Hms1\Hms1\vendor\laravel\framework\src\Illuminate\Pipeline\Pipeline.php(219): Illuminate\Foundation\Http\Middleware\PreventRequestsDuringMaintenance->handle(Object(Illuminate\Http\Request), Object(Closure))
#53 E:\HTML CSS JAVASCRIPT\Hms1\Hms1\vendor\laravel\framework\src\Illuminate\Http\Middleware\HandleCors.php(61): Illuminate\Pipeline\Pipeline->Illuminate\Pipeline\{closure}(Object(Illuminate\Http\Request))
#54 E:\HTML CSS JAVASCRIPT\Hms1\Hms1\vendor\laravel\framework\src\Illuminate\Pipeline\Pipeline.php(219): Illuminate\Http\Middleware\HandleCors->handle(Object(Illuminate\Http\Request), Object(Closure))
#55 E:\HTML CSS JAVASCRIPT\Hms1\Hms1\vendor\laravel\framework\src\Illuminate\Http\Middleware\TrustProxies.php(58): Illuminate\Pipeline\Pipeline->Illuminate\Pipeline\{closure}(Object(Illuminate\Http\Request))
#56 E:\HTML CSS JAVASCRIPT\Hms1\Hms1\vendor\laravel\framework\src\Illuminate\Pipeline\Pipeline.php(219): Illuminate\Http\Middleware\TrustProxies->handle(Object(Illuminate\Http\Request), Object(Closure))
#57 E:\HTML CSS JAVASCRIPT\Hms1\Hms1\vendor\laravel\framework\src\Illuminate\Foundation\Http\Middleware\InvokeDeferredCallbacks.php(22): Illuminate\Pipeline\Pipeline->Illuminate\Pipeline\{closure}(Object(Illuminate\Http\Request))
#58 E:\HTML CSS JAVASCRIPT\Hms1\Hms1\vendor\laravel\framework\src\Illuminate\Pipeline\Pipeline.php(219): Illuminate\Foundation\Http\Middleware\InvokeDeferredCallbacks->handle(Object(Illuminate\Http\Request), Object(Closure))
#59 E:\HTML CSS JAVASCRIPT\Hms1\Hms1\vendor\laravel\framework\src\Illuminate\Http\Middleware\ValidatePathEncoding.php(26): Illuminate\Pipeline\Pipeline->Illuminate\Pipeline\{closure}(Object(Illuminate\Http\Request))
#60 E:\HTML CSS JAVASCRIPT\Hms1\Hms1\vendor\laravel\framework\src\Illuminate\Pipeline\Pipeline.php(219): Illuminate\Http\Middleware\ValidatePathEncoding->handle(Object(Illuminate\Http\Request), Object(Closure))
#61 E:\HTML CSS JAVASCRIPT\Hms1\Hms1\vendor\laravel\framework\src\Illuminate\Pipeline\Pipeline.php(137): Illuminate\Pipeline\Pipeline->Illuminate\Pipeline\{closure}(Object(Illuminate\Http\Request))
#62 E:\HTML CSS JAVASCRIPT\Hms1\Hms1\vendor\laravel\framework\src\Illuminate\Foundation\Http\Kernel.php(175): Illuminate\Pipeline\Pipeline->then(Object(Closure))
#63 E:\HTML CSS JAVASCRIPT\Hms1\Hms1\vendor\laravel\framework\src\Illuminate\Foundation\Http\Kernel.php(144): Illuminate\Foundation\Http\Kernel->sendRequestThroughRouter(Object(Illuminate\Http\Request))
#64 E:\HTML CSS JAVASCRIPT\Hms1\Hms1\vendor\laravel\framework\src\Illuminate\Foundation\Testing\Concerns\MakesHttpRequests.php(607): Illuminate\Foundation\Http\Kernel->handle(Object(Illuminate\Http\Request))
#65 E:\HTML CSS JAVASCRIPT\Hms1\Hms1\vendor\laravel\framework\src\Illuminate\Foundation\Testing\Concerns\MakesHttpRequests.php(368): Illuminate\Foundation\Testing\TestCase->call('GET', '/register', Array, Array, Array, Array)
#66 E:\HTML CSS JAVASCRIPT\Hms1\Hms1\tests\Feature\Auth\RegistrationTest.php(14): Illuminate\Foundation\Testing\TestCase->get('/register')
#67 E:\HTML CSS JAVASCRIPT\Hms1\Hms1\vendor\phpunit\phpunit\src\Framework\TestCase.php(1657): Tests\Feature\Auth\RegistrationTest->test_registration_screen_can_be_rendered()
#68 E:\HTML CSS JAVASCRIPT\Hms1\Hms1\vendor\phpunit\phpunit\src\Framework\TestCase.php(515): PHPUnit\Framework\TestCase->runTest()
#69 E:\HTML CSS JAVASCRIPT\Hms1\Hms1\vendor\phpunit\phpunit\src\Framework\TestRunner\TestRunner.php(87): PHPUnit\Framework\TestCase->runBare()
#70 E:\HTML CSS JAVASCRIPT\Hms1\Hms1\vendor\phpunit\phpunit\src\Framework\TestCase.php(361): PHPUnit\Framework\TestRunner->run(Object(Tests\Feature\Auth\RegistrationTest))
#71 E:\HTML CSS JAVASCRIPT\Hms1\Hms1\vendor\phpunit\phpunit\src\Framework\TestSuite.php(369): PHPUnit\Framework\TestCase->run()
#72 E:\HTML CSS JAVASCRIPT\Hms1\Hms1\vendor\phpunit\phpunit\src\Framework\TestSuite.php(369): PHPUnit\Framework\TestSuite->run()
#73 E:\HTML CSS JAVASCRIPT\Hms1\Hms1\vendor\phpunit\phpunit\src\Framework\TestSuite.php(369): PHPUnit\Framework\TestSuite->run()
#74 E:\HTML CSS JAVASCRIPT\Hms1\Hms1\vendor\phpunit\phpunit\src\TextUI\TestRunner.php(64): PHPUnit\Framework\TestSuite->run()
#75 E:\HTML CSS JAVASCRIPT\Hms1\Hms1\vendor\phpunit\phpunit\src\TextUI\Application.php(211): PHPUnit\TextUI\TestRunner->run(Object(PHPUnit\TextUI\Configuration\Configuration), Object(PHPUnit\Runner\ResultCache\DefaultResultCache), Object(PHPUnit\Framework\TestSuite))
#76 E:\HTML CSS JAVASCRIPT\Hms1\Hms1\vendor\phpunit\phpunit\phpunit(104): PHPUnit\TextUI\Application->run(Array)
#77 {main}

Next Illuminate\View\ViewException: Attempt to read property "name" on null (View: E:\HTML CSS JAVASCRIPT\Hms1\Hms1\resources\views\partials\doctor_sidebar.blade.php) (View: E:\HTML CSS JAVASCRIPT\Hms1\Hms1\resources\views\partials\doctor_sidebar.blade.php) (View: E:\HTML CSS JAVASCRIPT\Hms1\Hms1\resources\views\partials\doctor_sidebar.blade.php) in E:\HTML CSS JAVASCRIPT\Hms1\Hms1\storage\framework\views\cac295dfd1f092de7f62c9956c61f073.php:49
Stack trace:
#0 E:\HTML CSS JAVASCRIPT\Hms1\Hms1\vendor\laravel\framework\src\Illuminate\View\Engines\PhpEngine.php(59): Illuminate\View\Engines\CompilerEngine->handleViewException(Object(Illuminate\View\ViewException), 1)
#1 E:\HTML CSS JAVASCRIPT\Hms1\Hms1\vendor\laravel\framework\src\Illuminate\View\Engines\CompilerEngine.php(76): Illuminate\View\Engines\PhpEngine->evaluatePath('E:\\HTML CSS JAV...', Array)
#2 E:\HTML CSS JAVASCRIPT\Hms1\Hms1\vendor\laravel\framework\src\Illuminate\View\View.php(208): Illuminate\View\Engines\CompilerEngine->get('E:\\HTML CSS JAV...', Array)
#3 E:\HTML CSS JAVASCRIPT\Hms1\Hms1\vendor\laravel\framework\src\Illuminate\View\View.php(191): Illuminate\View\View->getContents()
#4 E:\HTML CSS JAVASCRIPT\Hms1\Hms1\vendor\laravel\framework\src\Illuminate\View\View.php(160): Illuminate\View\View->renderContents()
#5 E:\HTML CSS JAVASCRIPT\Hms1\Hms1\vendor\laravel\framework\src\Illuminate\Http\Response.php(78): Illuminate\View\View->render()
#6 E:\HTML CSS JAVASCRIPT\Hms1\Hms1\vendor\laravel\framework\src\Illuminate\Http\Response.php(34): Illuminate\Http\Response->setContent(Object(Illuminate\View\View))
#7 E:\HTML CSS JAVASCRIPT\Hms1\Hms1\vendor\laravel\framework\src\Illuminate\Routing\Router.php(939): Illuminate\Http\Response->__construct(Object(Illuminate\View\View), 200, Array)
#8 E:\HTML CSS JAVASCRIPT\Hms1\Hms1\vendor\laravel\framework\src\Illuminate\Routing\Router.php(906): Illuminate\Routing\Router::toResponse(Object(Illuminate\Http\Request), Object(Illuminate\View\View))
#9 E:\HTML CSS JAVASCRIPT\Hms1\Hms1\vendor\laravel\framework\src\Illuminate\Routing\Router.php(821): Illuminate\Routing\Router->prepareResponse(Object(Illuminate\Http\Request), Object(Illuminate\View\View))
#10 E:\HTML CSS JAVASCRIPT\Hms1\Hms1\vendor\laravel\framework\src\Illuminate\Pipeline\Pipeline.php(180): Illuminate\Routing\Router->Illuminate\Routing\{closure}(Object(Illuminate\Http\Request))
#11 E:\HTML CSS JAVASCRIPT\Hms1\Hms1\vendor\laravel\framework\src\Illuminate\Auth\Middleware\RedirectIfAuthenticated.php(47): Illuminate\Pipeline\Pipeline->Illuminate\Pipeline\{closure}(Object(Illuminate\Http\Request))
#12 E:\HTML CSS JAVASCRIPT\Hms1\Hms1\vendor\laravel\framework\src\Illuminate\Pipeline\Pipeline.php(219): Illuminate\Auth\Middleware\RedirectIfAuthenticated->handle(Object(Illuminate\Http\Request), Object(Closure))
#13 E:\HTML CSS JAVASCRIPT\Hms1\Hms1\vendor\inertiajs\inertia-laravel\src\Middleware.php(122): Illuminate\Pipeline\Pipeline->Illuminate\Pipeline\{closure}(Object(Illuminate\Http\Request))
#14 E:\HTML CSS JAVASCRIPT\Hms1\Hms1\vendor\laravel\framework\src\Illuminate\Pipeline\Pipeline.php(219): Inertia\Middleware->handle(Object(Illuminate\Http\Request), Object(Closure))
#15 E:\HTML CSS JAVASCRIPT\Hms1\Hms1\vendor\laravel\framework\src\Illuminate\Routing\Middleware\SubstituteBindings.php(50): Illuminate\Pipeline\Pipeline->Illuminate\Pipeline\{closure}(Object(Illuminate\Http\Request))
#16 E:\HTML CSS JAVASCRIPT\Hms1\Hms1\vendor\laravel\framework\src\Illuminate\Pipeline\Pipeline.php(219): Illuminate\Routing\Middleware\SubstituteBindings->handle(Object(Illuminate\Http\Request), Object(Closure))
#17 E:\HTML CSS JAVASCRIPT\Hms1\Hms1\vendor\laravel\framework\src\Illuminate\Foundation\Http\Middleware\VerifyCsrfToken.php(87): Illuminate\Pipeline\Pipeline->Illuminate\Pipeline\{closure}(Object(Illuminate\Http\Request))
#18 E:\HTML CSS JAVASCRIPT\Hms1\Hms1\vendor\laravel\framework\src\Illuminate\Pipeline\Pipeline.php(219): Illuminate\Foundation\Http\Middleware\VerifyCsrfToken->handle(Object(Illuminate\Http\Request), Object(Closure))
#19 E:\HTML CSS JAVASCRIPT\Hms1\Hms1\vendor\laravel\framework\src\Illuminate\View\Middleware\ShareErrorsFromSession.php(48): Illuminate\Pipeline\Pipeline->Illuminate\Pipeline\{closure}(Object(Illuminate\Http\Request))
#20 E:\HTML CSS JAVASCRIPT\Hms1\Hms1\vendor\laravel\framework\src\Illuminate\Pipeline\Pipeline.php(219): Illuminate\View\Middleware\ShareErrorsFromSession->handle(Object(Illuminate\Http\Request), Object(Closure))
#21 E:\HTML CSS JAVASCRIPT\Hms1\Hms1\vendor\laravel\framework\src\Illuminate\Session\Middleware\StartSession.php(120): Illuminate\Pipeline\Pipeline->Illuminate\Pipeline\{closure}(Object(Illuminate\Http\Request))
#22 E:\HTML CSS JAVASCRIPT\Hms1\Hms1\vendor\laravel\framework\src\Illuminate\Session\Middleware\StartSession.php(63): Illuminate\Session\Middleware\StartSession->handleStatefulRequest(Object(Illuminate\Http\Request), Object(Illuminate\Session\Store), Object(Closure))
#23 E:\HTML CSS JAVASCRIPT\Hms1\Hms1\vendor\laravel\framework\src\Illuminate\Pipeline\Pipeline.php(219): Illuminate\Session\Middleware\StartSession->handle(Object(Illuminate\Http\Request), Object(Closure))
#24 E:\HTML CSS JAVASCRIPT\Hms1\Hms1\vendor\laravel\framework\src\Illuminate\Cookie\Middleware\AddQueuedCookiesToResponse.php(36): Illuminate\Pipeline\Pipeline->Illuminate\Pipeline\{closure}(Object(Illuminate\Http\Request))
#25 E:\HTML CSS JAVASCRIPT\Hms1\Hms1\vendor\laravel\framework\src\Illuminate\Pipeline\Pipeline.php(219): Illuminate\Cookie\Middleware\AddQueuedCookiesToResponse->handle(Object(Illuminate\Http\Request), Object(Closure))
#26 E:\HTML CSS JAVASCRIPT\Hms1\Hms1\vendor\laravel\framework\src\Illuminate\Cookie\Middleware\EncryptCookies.php(74): Illuminate\Pipeline\Pipeline->Illuminate\Pipeline\{closure}(Object(Illuminate\Http\Request))
#27 E:\HTML CSS JAVASCRIPT\Hms1\Hms1\vendor\laravel\framework\src\Illuminate\Pipeline\Pipeline.php(219): Illuminate\Cookie\Middleware\EncryptCookies->handle(Object(Illuminate\Http\Request), Object(Closure))
#28 E:\HTML CSS JAVASCRIPT\Hms1\Hms1\vendor\laravel\framework\src\Illuminate\Pipeline\Pipeline.php(137): Illuminate\Pipeline\Pipeline->Illuminate\Pipeline\{closure}(Object(Illuminate\Http\Request))
#29 E:\HTML CSS JAVASCRIPT\Hms1\Hms1\vendor\laravel\framework\src\Illuminate\Routing\Router.php(821): Illuminate\Pipeline\Pipeline->then(Object(Closure))
#30 E:\HTML CSS JAVASCRIPT\Hms1\Hms1\vendor\laravel\framework\src\Illuminate\Routing\Router.php(800): Illuminate\Routing\Router->runRouteWithinStack(Object(Illuminate\Routing\Route), Object(Illuminate\Http\Request))
#31 E:\HTML CSS JAVASCRIPT\Hms1\Hms1\vendor\laravel\framework\src\Illuminate\Routing\Router.php(764): Illuminate\Routing\Router->runRoute(Object(Illuminate\Http\Request), Object(Illuminate\Routing\Route))
#32 E:\HTML CSS JAVASCRIPT\Hms1\Hms1\vendor\laravel\framework\src\Illuminate\Routing\Router.php(753): Illuminate\Routing\Router->dispatchToRoute(Object(Illuminate\Http\Request))
#33 E:\HTML CSS JAVASCRIPT\Hms1\Hms1\vendor\laravel\framework\src\Illuminate\Foundation\Http\Kernel.php(200): Illuminate\Routing\Router->dispatch(Object(Illuminate\Http\Request))
#34 E:\HTML CSS JAVASCRIPT\Hms1\Hms1\vendor\laravel\framework\src\Illuminate\Pipeline\Pipeline.php(180): Illuminate\Foundation\Http\Kernel->Illuminate\Foundation\Http\{closure}(Object(Illuminate\Http\Request))
#35 E:\HTML CSS JAVASCRIPT\Hms1\Hms1\vendor\laravel\framework\src\Illuminate\Foundation\Http\Middleware\TransformsRequest.php(21): Illuminate\Pipeline\Pipeline->Illuminate\Pipeline\{closure}(Object(Illuminate\Http\Request))
#36 E:\HTML CSS JAVASCRIPT\Hms1\Hms1\vendor\laravel\framework\src\Illuminate\Foundation\Http\Middleware\ConvertEmptyStringsToNull.php(31): Illuminate\Foundation\Http\Middleware\TransformsRequest->handle(Object(Illuminate\Http\Request), Object(Closure))
#37 E:\HTML CSS JAVASCRIPT\Hms1\Hms1\vendor\laravel\framework\src\Illuminate\Pipeline\Pipeline.php(219): Illuminate\Foundation\Http\Middleware\ConvertEmptyStringsToNull->handle(Object(Illuminate\Http\Request), Object(Closure))
#38 E:\HTML CSS JAVASCRIPT\Hms1\Hms1\vendor\laravel\framework\src\Illuminate\Foundation\Http\Middleware\TransformsRequest.php(21): Illuminate\Pipeline\Pipeline->Illuminate\Pipeline\{closure}(Object(Illuminate\Http\Request))
#39 E:\HTML CSS JAVASCRIPT\Hms1\Hms1\vendor\laravel\framework\src\Illuminate\Foundation\Http\Middleware\TrimStrings.php(51): Illuminate\Foundation\Http\Middleware\TransformsRequest->handle(Object(Illuminate\Http\Request), Object(Closure))
#40 E:\HTML CSS JAVASCRIPT\Hms1\Hms1\vendor\laravel\framework\src\Illuminate\Pipeline\Pipeline.php(219): Illuminate\Foundation\Http\Middleware\TrimStrings->handle(Object(Illuminate\Http\Request), Object(Closure))
#41 E:\HTML CSS JAVASCRIPT\Hms1\Hms1\vendor\laravel\framework\src\Illuminate\Http\Middleware\ValidatePostSize.php(27): Illuminate\Pipeline\Pipeline->Illuminate\Pipeline\{closure}(Object(Illuminate\Http\Request))
#42 E:\HTML CSS JAVASCRIPT\Hms1\Hms1\vendor\laravel\framework\src\Illuminate\Pipeline\Pipeline.php(219): Illuminate\Http\Middleware\ValidatePostSize->handle(Object(Illuminate\Http\Request), Object(Closure))
#43 E:\HTML CSS JAVASCRIPT\Hms1\Hms1\vendor\laravel\framework\src\Illuminate\Foundation\Http\Middleware\PreventRequestsDuringMaintenance.php(109): Illuminate\Pipeline\Pipeline->Illuminate\Pipeline\{closure}(Object(Illuminate\Http\Request))
#44 E:\HTML CSS JAVASCRIPT\Hms1\Hms1\vendor\laravel\framework\src\Illuminate\Pipeline\Pipeline.php(219): Illuminate\Foundation\Http\Middleware\PreventRequestsDuringMaintenance->handle(Object(Illuminate\Http\Request), Object(Closure))
#45 E:\HTML CSS JAVASCRIPT\Hms1\Hms1\vendor\laravel\framework\src\Illuminate\Http\Middleware\HandleCors.php(61): Illuminate\Pipeline\Pipeline->Illuminate\Pipeline\{closure}(Object(Illuminate\Http\Request))
#46 E:\HTML CSS JAVASCRIPT\Hms1\Hms1\vendor\laravel\framework\src\Illuminate\Pipeline\Pipeline.php(219): Illuminate\Http\Middleware\HandleCors->handle(Object(Illuminate\Http\Request), Object(Closure))
#47 E:\HTML CSS JAVASCRIPT\Hms1\Hms1\vendor\laravel\framework\src\Illuminate\Http\Middleware\TrustProxies.php(58): Illuminate\Pipeline\Pipeline->Illuminate\Pipeline\{closure}(Object(Illuminate\Http\Request))
#48 E:\HTML CSS JAVASCRIPT\Hms1\Hms1\vendor\laravel\framework\src\Illuminate\Pipeline\Pipeline.php(219): Illuminate\Http\Middleware\TrustProxies->handle(Object(Illuminate\Http\Request), Object(Closure))
#49 E:\HTML CSS JAVASCRIPT\Hms1\Hms1\vendor\laravel\framework\src\Illuminate\Foundation\Http\Middleware\InvokeDeferredCallbacks.php(22): Illuminate\Pipeline\Pipeline->Illuminate\Pipeline\{closure}(Object(Illuminate\Http\Request))
#50 E:\HTML CSS JAVASCRIPT\Hms1\Hms1\vendor\laravel\framework\src\Illuminate\Pipeline\Pipeline.php(219): Illuminate\Foundation\Http\Middleware\InvokeDeferredCallbacks->handle(Object(Illuminate\Http\Request), Object(Closure))
#51 E:\HTML CSS JAVASCRIPT\Hms1\Hms1\vendor\laravel\framework\src\Illuminate\Http\Middleware\ValidatePathEncoding.php(26): Illuminate\Pipeline\Pipeline->Illuminate\Pipeline\{closure}(Object(Illuminate\Http\Request))
#52 E:\HTML CSS JAVASCRIPT\Hms1\Hms1\vendor\laravel\framework\src\Illuminate\Pipeline\Pipeline.php(219): Illuminate\Http\Middleware\ValidatePathEncoding->handle(Object(Illuminate\Http\Request), Object(Closure))
#53 E:\HTML CSS JAVASCRIPT\Hms1\Hms1\vendor\laravel\framework\src\Illuminate\Pipeline\Pipeline.php(137): Illuminate\Pipeline\Pipeline->Illuminate\Pipeline\{closure}(Object(Illuminate\Http\Request))
#54 E:\HTML CSS JAVASCRIPT\Hms1\Hms1\vendor\laravel\framework\src\Illuminate\Foundation\Http\Kernel.php(175): Illuminate\Pipeline\Pipeline->then(Object(Closure))
#55 E:\HTML CSS JAVASCRIPT\Hms1\Hms1\vendor\laravel\framework\src\Illuminate\Foundation\Http\Kernel.php(144): Illuminate\Foundation\Http\Kernel->sendRequestThroughRouter(Object(Illuminate\Http\Request))
#56 E:\HTML CSS JAVASCRIPT\Hms1\Hms1\vendor\laravel\framework\src\Illuminate\Foundation\Testing\Concerns\MakesHttpRequests.php(607): Illuminate\Foundation\Http\Kernel->handle(Object(Illuminate\Http\Request))
#57 E:\HTML CSS JAVASCRIPT\Hms1\Hms1\vendor\laravel\framework\src\Illuminate\Foundation\Testing\Concerns\MakesHttpRequests.php(368): Illuminate\Foundation\Testing\TestCase->call('GET', '/register', Array, Array, Array, Array)
#58 E:\HTML CSS JAVASCRIPT\Hms1\Hms1\tests\Feature\Auth\RegistrationTest.php(14): Illuminate\Foundation\Testing\TestCase->get('/register')
#59 E:\HTML CSS JAVASCRIPT\Hms1\Hms1\vendor\phpunit\phpunit\src\Framework\TestCase.php(1657): Tests\Feature\Auth\RegistrationTest->test_registration_screen_can_be_rendered()
#60 E:\HTML CSS JAVASCRIPT\Hms1\Hms1\vendor\phpunit\phpunit\src\Framework\TestCase.php(515): PHPUnit\Framework\TestCase->runTest()
#61 E:\HTML CSS JAVASCRIPT\Hms1\Hms1\vendor\phpunit\phpunit\src\Framework\TestRunner\TestRunner.php(87): PHPUnit\Framework\TestCase->runBare()
#62 E:\HTML CSS JAVASCRIPT\Hms1\Hms1\vendor\phpunit\phpunit\src\Framework\TestCase.php(361): PHPUnit\Framework\TestRunner->run(Object(Tests\Feature\Auth\RegistrationTest))
#63 E:\HTML CSS JAVASCRIPT\Hms1\Hms1\vendor\phpunit\phpunit\src\Framework\TestSuite.php(369): PHPUnit\Framework\TestCase->run()
#64 E:\HTML CSS JAVASCRIPT\Hms1\Hms1\vendor\phpunit\phpunit\src\Framework\TestSuite.php(369): PHPUnit\Framework\TestSuite->run()
#65 E:\HTML CSS JAVASCRIPT\Hms1\Hms1\vendor\phpunit\phpunit\src\Framework\TestSuite.php(369): PHPUnit\Framework\TestSuite->run()
#66 E:\HTML CSS JAVASCRIPT\Hms1\Hms1\vendor\phpunit\phpunit\src\TextUI\TestRunner.php(64): PHPUnit\Framework\TestSuite->run()
#67 E:\HTML CSS JAVASCRIPT\Hms1\Hms1\vendor\phpunit\phpunit\src\TextUI\Application.php(211): PHPUnit\TextUI\TestRunner->run(Object(PHPUnit\TextUI\Configuration\Configuration), Object(PHPUnit\Runner\ResultCache\DefaultResultCache), Object(PHPUnit\Framework\TestSuite))
#68 E:\HTML CSS JAVASCRIPT\Hms1\Hms1\vendor\phpunit\phpunit\phpunit(104): PHPUnit\TextUI\Application->run(Array)
#69 {main}

----------------------------------------------------------------------------------

Attempt to read property "name" on null (View: E:\HTML CSS JAVASCRIPT\Hms1\Hms1\resources\views\partials\doctor_sidebar.blade.php) (View: E:\HTML CSS JAVASCRIPT\Hms1\Hms1\resources\views\partials\doctor_sidebar.blade.php) (View: E:\HTML CSS JAVASCRIPT\Hms1\Hms1\resources\views\partials\doctor_sidebar.blade.php)

  at tests\Feature\Auth\RegistrationTest.php:16
     12Γûò     public function test_registration_screen_can_be_rendered(): void
     13Γûò     {
     14Γûò         $response = $this->get('/register');
     15Γûò 
  Γ₧£  16Γûò         $response->assertStatus(200);
     17Γûò     }
     18Γûò 
     19Γûò     public function test_new_users_can_register(): void
     20Γûò     {


  Tests:    3 failed, 22 passed (60 assertions)
  Duration: 3.74s

